[INFO] 09-27 22:27:44 main.py:53] 日志记录器已初始化。开始加载主程序配置。
[INFO] 09-27 22:27:45 main.py:92] ===== 数据集模式启动 =====
[INFO] 09-27 22:27:45 dataset_runner.py:741] ===== 数据集评估模式已激活 =====
[INFO] 09-27 22:27:45 dataset_runner.py:90] Successfully loaded limit from config.yaml: 30
[INFO] 09-27 22:27:45 dataset_runner.py:172] ===== 开始处理问题 #1 =====
[INFO] 09-27 22:27:45 dataset_runner.py:173] 问题: Every morning Aya goes for a $9$-kilometer-long walk and stops at a coffee shop afterwards. When she walks at a constant speed of $s$ kilometers per hour, the walk takes her 4 hours, including $t$ min...
[INFO] 09-27 22:27:48 dataset_runner.py:207] 禁用结果判断，直接使用并行执行流程
[INFO] 09-27 22:27:51 execution.py:962] ===== Prompt 给 Planner (Router) =====
[INFO] 09-27 22:27:51 execution.py:963] System Prompt:
You are an expert at breaking down complex problems into a step-by-step plan. Your task is to generate a solution plan for the given problem in XML format.

**Instructions:**
1.  The plan must be enclosed in `<Plan>` tags.
2.  The plan must contain between 2 and 10 `<Step>` tags.
3.  Each `<Step>` must have `ID`, `Task`, `Difficulty`, `Token`, and `Rely` attributes.
4.  The `Task` must be a clear, actionable question that ends with a question mark (?).
5.  The final step must provide the conclusive result or final answer.
6.  If a step depends on a previous one, use the `Rely` attribute to list the `ID`s.

### Example
**Problem**: For how many rational numbers between 0 and 1 will $20!$ be the resulting product of their numerator and denominator in lowest terms?
**Plan**:
<Plan>
<Step ID="1" Task="What are the distinct prime factors of 20! ?" Difficulty="4" Token="50" Rely=""/>
<Step ID="2" Task="Count the number of distinct prime factors found in Step 1. Let this count be k. What is the value of k?" Difficulty="2" Token="20" Rely="1"/>
<Step ID="3" Task="The number of pairs of coprime factors (a,b) of 20! is 2^k. The number of rational numbers a/b between 0 and 1 is half of this. Using the formula N = 2^(k-1), what is the final number of such rational numbers?" Difficulty="4" Token="50" Rely="2"/>
</Plan>

Apply the entire framework described above to the problem provided below. 

[INFO] 09-27 22:27:51 execution.py:964] User Prompt:

    **Problem**: Every morning Aya goes for a $9$-kilometer-long walk and stops at a coffee shop afterwards. When she walks at a constant speed of $s$ kilometers per hour, the walk takes her 4 hours, including $t$ minutes spent in the coffee shop. When she walks $s+2$ kilometers per hour, the walk takes her 2 hours and 24 minutes, including $t$ minutes spent in the coffee shop. Suppose Aya walks at $s+\frac{1}{2}$ kilometers per hour. Find the number of minutes the walk takes her, including the $t$ minutes spent in the coffee shop.
    **Plan**:
    
[INFO] 09-27 22:27:53 execution.py:541] ===== Prompt 给最终总结模型 (小模型) =====
[INFO] 09-27 22:27:53 execution.py:542] Based on the results of all steps below, please provide only the final answer. No other explanations or details are needed.

    PROBLEM:
    Every morning Aya goes for a $9$-kilometer-long walk and stops at a coffee shop afterwards. When she walks at a constant speed of $s$ kilometers per hour, the walk takes her 4 hours, including $t$ minutes spent in the coffee shop. When she walks $s+2$ kilometers per hour, the walk takes her 2 hours and 24 minutes, including $t$ minutes spent in the coffee shop. Suppose Aya walks at $s+\frac{1}{2}$ kilometers per hour. Find the number of minutes the walk takes her, including the $t$ minutes spent in the coffee shop.

    SOLUTION STEPS:
    
    
