[INFO] 10-01 13:46:32 single_model_only.py:246] ===== 开始处理数据集问题: ... =====
[INFO] 10-01 13:46:32 single_model_only.py:690] ===== Prompt 给模型 =====
[INFO] 10-01 13:46:32 single_model_only.py:691] [
  {
    "role": "system",
    "content": "You are a mathematical problem-solving assistant. I will provide you with a math problem. Your task is to solve it step by step.\n"
  },
  {
    "role": "user",
    "content": ""
  }
]
[INFO] 10-01 13:46:34 single_model_only.py:730] ===== 来自模型的完整输出 =====
[INFO] 10-01 13:46:34 single_model_only.py:731] Please provide the math problem you'd like me to solve, and I'll guide you through the solution step by step.
[INFO] 10-01 13:46:36 single_model_only.py:291] ===== 当前问题的性能报告 =====
[INFO] 10-01 13:46:36 single_model_only.py:292] # 性能统计报告

## 总执行时间
4.32 秒

## 首个令牌响应时间 (TTFT)

- 平均首个令牌响应时间: 2.215 秒
- 最短响应时间: 2.215 秒
- 最长响应时间: 2.215 秒
- 响应次数: 1

## 去除ttft的总执行时间
2.106 秒

## 理论性能

- 延迟 (TTFT): 0.735 秒
- 生成时间: 0.166 秒
- 总理论时间: 0.901 秒
- 实际/理论时间比率: 4.79x

## Token 使用情况

- 输入 Tokens: 1
- 输出 Tokens: 24
- 总 Tokens: 25

## 生成速度

- 每秒生成token数: 5.55 tokens/s

## 成本估算

- 总成本: $0.0002

[INFO] 10-01 13:46:36 single_model_only.py:246] ===== 开始处理数据集问题: ... =====
[INFO] 10-01 13:46:36 single_model_only.py:690] ===== Prompt 给模型 =====
[INFO] 10-01 13:46:36 single_model_only.py:691] [
  {
    "role": "system",
    "content": "You are a mathematical problem-solving assistant. I will provide you with a math problem. Your task is to solve it step by step.\n"
  },
  {
    "role": "user",
    "content": ""
  }
]
[INFO] 10-01 13:46:38 single_model_only.py:730] ===== 来自模型的完整输出 =====
[INFO] 10-01 13:46:38 single_model_only.py:731] It seems like your message didn't include a math problem. Please provide me with the details of the math problem you'd like me to solve, and I'll assist you step by step.
[INFO] 10-01 13:46:40 single_model_only.py:291] ===== 当前问题的性能报告 =====
[INFO] 10-01 13:46:40 single_model_only.py:292] # 性能统计报告

## 总执行时间
3.92 秒

## 首个令牌响应时间 (TTFT)

- 平均首个令牌响应时间: 1.802 秒
- 最短响应时间: 1.802 秒
- 最长响应时间: 1.802 秒
- 响应次数: 1

## 去除ttft的总执行时间
2.121 秒

## 理论性能

- 延迟 (TTFT): 0.735 秒
- 生成时间: 0.263 秒
- 总理论时间: 0.998 秒
- 实际/理论时间比率: 3.93x

## Token 使用情况

- 输入 Tokens: 1
- 输出 Tokens: 38
- 总 Tokens: 39

## 生成速度

- 每秒生成token数: 9.69 tokens/s

## 成本估算

- 总成本: $0.0004

[INFO] 10-01 13:46:40 single_model_only.py:246] ===== 开始处理数据集问题: ... =====
[INFO] 10-01 13:46:40 single_model_only.py:690] ===== Prompt 给模型 =====
[INFO] 10-01 13:46:40 single_model_only.py:691] [
  {
    "role": "system",
    "content": "You are a mathematical problem-solving assistant. I will provide you with a math problem. Your task is to solve it step by step.\n"
  },
  {
    "role": "user",
    "content": ""
  }
]
[INFO] 10-01 13:46:42 single_model_only.py:730] ===== 来自模型的完整输出 =====
[INFO] 10-01 13:46:42 single_model_only.py:731] Please provide me with the math problem you'd like assistance with.
[INFO] 10-01 13:46:43 single_model_only.py:291] ===== 当前问题的性能报告 =====
[INFO] 10-01 13:46:43 single_model_only.py:292] # 性能统计报告

## 总执行时间
3.34 秒

## 首个令牌响应时间 (TTFT)

- 平均首个令牌响应时间: 1.301 秒
- 最短响应时间: 1.301 秒
- 最长响应时间: 1.301 秒
- 响应次数: 1

## 去除ttft的总执行时间
2.044 秒

## 理论性能

- 延迟 (TTFT): 0.735 秒
- 生成时间: 0.090 秒
- 总理论时间: 0.825 秒
- 实际/理论时间比率: 4.05x

## Token 使用情况

- 输入 Tokens: 1
- 输出 Tokens: 13
- 总 Tokens: 14

## 生成速度

- 每秒生成token数: 3.89 tokens/s

## 成本估算

- 总成本: $0.0001

[INFO] 10-01 13:46:43 single_model_only.py:246] ===== 开始处理数据集问题: ... =====
[INFO] 10-01 13:46:44 single_model_only.py:690] ===== Prompt 给模型 =====
[INFO] 10-01 13:46:44 single_model_only.py:691] [
  {
    "role": "system",
    "content": "You are a mathematical problem-solving assistant. I will provide you with a math problem. Your task is to solve it step by step.\n"
  },
  {
    "role": "user",
    "content": ""
  }
]
[INFO] 10-01 13:46:45 single_model_only.py:730] ===== 来自模型的完整输出 =====
[INFO] 10-01 13:46:45 single_model_only.py:731] It seems there might have been an oversight. Please provide me with a math problem you'd like assistance with, and I'll be happy to help you solve it step by step.
[INFO] 10-01 13:46:47 single_model_only.py:291] ===== 当前问题的性能报告 =====
[INFO] 10-01 13:46:47 single_model_only.py:292] # 性能统计报告

## 总执行时间
3.84 秒

## 首个令牌响应时间 (TTFT)

- 平均首个令牌响应时间: 1.713 秒
- 最短响应时间: 1.713 秒
- 最长响应时间: 1.713 秒
- 响应次数: 1

## 去除ttft的总执行时间
2.129 秒

## 理论性能

- 延迟 (TTFT): 0.735 秒
- 生成时间: 0.249 秒
- 总理论时间: 0.984 秒
- 实际/理论时间比率: 3.90x

## Token 使用情况

- 输入 Tokens: 1
- 输出 Tokens: 36
- 总 Tokens: 37

## 生成速度

- 每秒生成token数: 9.37 tokens/s

## 成本估算

- 总成本: $0.0004

[INFO] 10-01 13:46:47 single_model_only.py:246] ===== 开始处理数据集问题: ... =====
[INFO] 10-01 13:46:47 single_model_only.py:690] ===== Prompt 给模型 =====
[INFO] 10-01 13:46:47 single_model_only.py:691] [
  {
    "role": "system",
    "content": "You are a mathematical problem-solving assistant. I will provide you with a math problem. Your task is to solve it step by step.\n"
  },
  {
    "role": "user",
    "content": ""
  }
]
[INFO] 10-01 13:46:49 single_model_only.py:730] ===== 来自模型的完整输出 =====
[INFO] 10-01 13:46:49 single_model_only.py:731] Please provide the math problem you'd like me to solve.
[INFO] 10-01 13:46:50 single_model_only.py:291] ===== 当前问题的性能报告 =====
[INFO] 10-01 13:46:50 single_model_only.py:292] # 性能统计报告

## 总执行时间
3.40 秒

## 首个令牌响应时间 (TTFT)

- 平均首个令牌响应时间: 1.294 秒
- 最短响应时间: 1.294 秒
- 最长响应时间: 1.294 秒
- 响应次数: 1

## 去除ttft的总执行时间
2.109 秒

## 理论性能

- 延迟 (TTFT): 0.735 秒
- 生成时间: 0.083 秒
- 总理论时间: 0.818 秒
- 实际/理论时间比率: 4.16x

## Token 使用情况

- 输入 Tokens: 1
- 输出 Tokens: 12
- 总 Tokens: 13

## 生成速度

- 每秒生成token数: 3.53 tokens/s

## 成本估算

- 总成本: $0.0001

[INFO] 10-01 13:46:50 single_model_only.py:246] ===== 开始处理数据集问题: ... =====
[INFO] 10-01 13:46:51 single_model_only.py:690] ===== Prompt 给模型 =====
[INFO] 10-01 13:46:51 single_model_only.py:691] [
  {
    "role": "system",
    "content": "You are a mathematical problem-solving assistant. I will provide you with a math problem. Your task is to solve it step by step.\n"
  },
  {
    "role": "user",
    "content": ""
  }
]
[INFO] 10-01 13:46:52 single_model_only.py:730] ===== 来自模型的完整输出 =====
[INFO] 10-01 13:46:52 single_model_only.py:731] Please provide me with a math problem you would like me to solve.
[INFO] 10-01 13:46:54 single_model_only.py:291] ===== 当前问题的性能报告 =====
[INFO] 10-01 13:46:54 single_model_only.py:292] # 性能统计报告

## 总执行时间
3.50 秒

## 首个令牌响应时间 (TTFT)

- 平均首个令牌响应时间: 1.324 秒
- 最短响应时间: 1.324 秒
- 最长响应时间: 1.324 秒
- 响应次数: 1

## 去除ttft的总执行时间
2.179 秒

## 理论性能

- 延迟 (TTFT): 0.735 秒
- 生成时间: 0.097 秒
- 总理论时间: 0.832 秒
- 实际/理论时间比率: 4.21x

## Token 使用情况

- 输入 Tokens: 1
- 输出 Tokens: 14
- 总 Tokens: 15

## 生成速度

- 每秒生成token数: 4.00 tokens/s

## 成本估算

- 总成本: $0.0001

[INFO] 10-01 13:46:54 single_model_only.py:246] ===== 开始处理数据集问题: ... =====
[INFO] 10-01 13:46:54 single_model_only.py:690] ===== Prompt 给模型 =====
[INFO] 10-01 13:46:54 single_model_only.py:691] [
  {
    "role": "system",
    "content": "You are a mathematical problem-solving assistant. I will provide you with a math problem. Your task is to solve it step by step.\n"
  },
  {
    "role": "user",
    "content": ""
  }
]
[INFO] 10-01 13:46:56 single_model_only.py:730] ===== 来自模型的完整输出 =====
[INFO] 10-01 13:46:56 single_model_only.py:731] It appears you haven't provided a math problem yet. Please enter the problem you'd like assistance with, and I'll help guide you through solving it step by step.
