[INFO] 09-26 00:19:42 main.py:53] 日志记录器已初始化。开始加载主程序配置。
[INFO] 09-26 00:19:43 main.py:92] ===== 数据集模式启动 =====
[INFO] 09-26 00:19:43 dataset_runner.py:741] ===== 数据集评估模式已激活 =====
[INFO] 09-26 00:19:43 dataset_runner.py:90] Successfully loaded limit from config.yaml: 5
[INFO] 09-26 00:19:43 dataset_runner.py:172] ===== 开始处理问题 #1 =====
[INFO] 09-26 00:19:43 dataset_runner.py:173] 问题: Every morning Aya goes for a $9$-kilometer-long walk and stops at a coffee shop afterwards. When she walks at a constant speed of $s$ kilometers per hour, the walk takes her 4 hours, including $t$ min...
[INFO] 09-26 00:19:45 dataset_runner.py:207] 禁用结果判断，直接使用并行执行流程
[INFO] 09-26 00:19:46 execution.py:962] ===== Prompt 给 Planner (Router) =====
[INFO] 09-26 00:19:46 execution.py:963] System Prompt:
You are an expert at breaking down complex problems into a step-by-step plan. Your task is to generate a solution plan for the given problem in XML format.

**Instructions:**
1.  The plan must be enclosed in `<Plan>` tags.
2.  The plan must contain between 2 and 10 `<Step>` tags.
3.  Each `<Step>` must have `ID`, `Task`, `Difficulty`, `Token`, and `Rely` attributes.
4.  The `Task` must be a clear, actionable question that ends with a question mark (?).
5.  The final step must provide the conclusive result or final answer.
6.  If a step depends on a previous one, use the `Rely` attribute to list the `ID`s.

### Example
**Problem**: For how many rational numbers between 0 and 1 will $20!$ be the resulting product of their numerator and denominator in lowest terms?
**Plan**:
<Plan>
<Step ID="1" Task="What are the distinct prime factors of 20! ?" Difficulty="4" Token="50" Rely=""/>
<Step ID="2" Task="Count the number of distinct prime factors found in Step 1. Let this count be k. What is the value of k?" Difficulty="2" Token="20" Rely="1"/>
<Step ID="3" Task="The number of pairs of coprime factors (a,b) of 20! is 2^k. The number of rational numbers a/b between 0 and 1 is half of this. Using the formula N = 2^(k-1), what is the final number of such rational numbers?" Difficulty="4" Token="50" Rely="2"/>
</Plan>

Apply the entire framework described above to the problem provided below. 

[INFO] 09-26 00:19:46 execution.py:964] User Prompt:

    **Problem**: Every morning Aya goes for a $9$-kilometer-long walk and stops at a coffee shop afterwards. When she walks at a constant speed of $s$ kilometers per hour, the walk takes her 4 hours, including $t$ minutes spent in the coffee shop. When she walks $s+2$ kilometers per hour, the walk takes her 2 hours and 24 minutes, including $t$ minutes spent in the coffee shop. Suppose Aya walks at $s+\frac{1}{2}$ kilometers per hour. Find the number of minutes the walk takes her, including the $t$ minutes spent in the coffee shop.
    **Plan**:
    
[INFO] 09-26 00:19:48 execution.py:362] ===== Prompt 给执行器 (小模型 - 步骤 1) =====
[INFO] 09-26 00:19:48 execution.py:363] 
    You are a specialized AI module acting as a precision-focused computational and reasoning engine. Your sole function is to execute a single, specific subtask from a larger problem-solving plan with absolute accuracy.
    You will be provided with the following inputs:

    1.  **`PROBLEM`**: The overall problem for context, but you should not attempt to solve it.
    2.  **`CURRENT STEP (Task)`**: The specific, isolated instruction you must execute.
    3.  **`CONTEXT (Results from prior steps)`**: Crucial information from completed steps. **You MUST use this context if the task relies on it.**

    Your output must strictly adhere to the following two-part format:

    1.  **`Reasoning:`**: Provide a brief, step-by-step explanation of your process for completing the task. Show your work for any calculations. This section should be concise and logical.
    2.  **`Answer:`**: State the final, direct answer to the `Task`. This should be the conclusive output of your reasoning, presented as cleanly as possible (e.g., a number, a formula, a short statement).

    **CRITICAL RULES:**
    * **DO NOT** exceed the scope of the `Task`.
    * **DO NOT** provide any information that was not explicitly requested.
    * **DO NOT** add conversational filler, greetings, or sign-offs.
    * Your entire response must be under **30** tokens.

    **PROBLEM:**
    Every morning Aya goes for a $9$-kilometer-long walk and stops at a coffee shop afterwards. When she walks at a constant speed of $s$ kilometers per hour, the walk takes her 4 hours, including $t$ minutes spent in the coffee shop. When she walks $s+2$ kilometers per hour, the walk takes her 2 hours and 24 minutes, including $t$ minutes spent in the coffee shop. Suppose Aya walks at $s+\frac{1}{2}$ kilometers per hour. Find the number of minutes the walk takes her, including the $t$ minutes spent in the coffee shop.

    **CURRENT STEP:**
    Task: What is the total time in hours for the first walk, including the t minutes spent in the coffee shop?

    
    
[INFO] 09-26 00:19:49 execution.py:362] ===== Prompt 给执行器 (小模型 - 步骤 2) =====
[INFO] 09-26 00:19:49 execution.py:363] 
    You are a specialized AI module acting as a precision-focused computational and reasoning engine. Your sole function is to execute a single, specific subtask from a larger problem-solving plan with absolute accuracy.
    You will be provided with the following inputs:

    1.  **`PROBLEM`**: The overall problem for context, but you should not attempt to solve it.
    2.  **`CURRENT STEP (Task)`**: The specific, isolated instruction you must execute.
    3.  **`CONTEXT (Results from prior steps)`**: Crucial information from completed steps. **You MUST use this context if the task relies on it.**

    Your output must strictly adhere to the following two-part format:

    1.  **`Reasoning:`**: Provide a brief, step-by-step explanation of your process for completing the task. Show your work for any calculations. This section should be concise and logical.
    2.  **`Answer:`**: State the final, direct answer to the `Task`. This should be the conclusive output of your reasoning, presented as cleanly as possible (e.g., a number, a formula, a short statement).

    **CRITICAL RULES:**
    * **DO NOT** exceed the scope of the `Task`.
    * **DO NOT** provide any information that was not explicitly requested.
    * **DO NOT** add conversational filler, greetings, or sign-offs.
    * Your entire response must be under **30** tokens.

    **PROBLEM:**
    Every morning Aya goes for a $9$-kilometer-long walk and stops at a coffee shop afterwards. When she walks at a constant speed of $s$ kilometers per hour, the walk takes her 4 hours, including $t$ minutes spent in the coffee shop. When she walks $s+2$ kilometers per hour, the walk takes her 2 hours and 24 minutes, including $t$ minutes spent in the coffee shop. Suppose Aya walks at $s+\frac{1}{2}$ kilometers per hour. Find the number of minutes the walk takes her, including the $t$ minutes spent in the coffee shop.

    **CURRENT STEP:**
    Task: What is the total time in hours for the second walk, including the t minutes spent in the coffee shop?

    
    
[INFO] 09-26 00:19:51 execution.py:371] ===== 来自执行器 (小模型 - 步骤 2) 的输出 =====
[INFO] 09-26 00:19:51 execution.py:372] Reasoning: For s+2 km/h, the time is 2.4 hours. Convert 2.4 hours to minutes (2.4*60=144). Given t minutes, total time = 144-t.

Answer: 144-t
[INFO] 09-26 00:19:53 execution.py:1037] ===== 来自 Planner (Router) 的输出 =====
[INFO] 09-26 00:19:53 execution.py:1038] <Plan>
<Step ID="1" Task="What is the total time in hours for the first walk, including the t minutes spent in the coffee shop?" Difficulty="3" Token="30" Rely=""/>
<Step ID="2" Task="What is the total time in hours for the second walk, including the t minutes spent in the coffee shop?" Difficulty="3" Token="30" Rely=""/>
<Step ID="3" Task="Using the total times from Step 1 and Step 2, what is the value of t?" Difficulty="5" Token="60" Rely="1,2"/>
<Step ID="4" Task="What is the value of s using the first walk's total time and t from Step 3?" Difficulty="4" Token="50" Rely="1,3"/>
<Step ID="5" Task="What is the value of s+1/2 using the s from Step 4?" Difficulty="3" Token="30" Rely="4"/>
<Step ID="6" Task="What is the time in hours for the walk at s+1/2 using the formula time = 9 / (s+1/2)?" Difficulty="4" Token="50" Rely="5"/>
<Step ID="7" Task="Convert the time from Step 6 to minutes. What is the final result?" Difficulty="3" Token="30" Rely="6"/>
</Plan>
[INFO] 09-26 00:19:55 execution.py:371] ===== 来自执行器 (小模型 - 步骤 1) 的输出 =====
[INFO] 09-26 00:19:55 execution.py:372] Reasoning: For s=9/4 hours, time=4 hours. Convert 4 hours to minutes and add t.

Answer: 240 + t
[INFO] 09-26 00:19:55 execution.py:362] ===== Prompt 给执行器 (大模型 - 步骤 3) =====
[INFO] 09-26 00:19:55 execution.py:363] 
    You are a specialized AI module acting as a precision-focused computational and reasoning engine. Your sole function is to execute a single, specific subtask from a larger problem-solving plan with absolute accuracy.
    You will be provided with the following inputs:

    1.  **`PROBLEM`**: The overall problem for context, but you should not attempt to solve it.
    2.  **`CURRENT STEP (Task)`**: The specific, isolated instruction you must execute.
    3.  **`CONTEXT (Results from prior steps)`**: Crucial information from completed steps. **You MUST use this context if the task relies on it.**

    Your output must strictly adhere to the following two-part format:

    1.  **`Reasoning:`**: Provide a brief, step-by-step explanation of your process for completing the task. Show your work for any calculations. This section should be concise and logical.
    2.  **`Answer:`**: State the final, direct answer to the `Task`. This should be the conclusive output of your reasoning, presented as cleanly as possible (e.g., a number, a formula, a short statement).

    **CRITICAL RULES:**
    * **DO NOT** exceed the scope of the `Task`.
    * **DO NOT** provide any information that was not explicitly requested.
    * **DO NOT** add conversational filler, greetings, or sign-offs.
    * Your entire response must be under **60** tokens.

    **PROBLEM:**
    Every morning Aya goes for a $9$-kilometer-long walk and stops at a coffee shop afterwards. When she walks at a constant speed of $s$ kilometers per hour, the walk takes her 4 hours, including $t$ minutes spent in the coffee shop. When she walks $s+2$ kilometers per hour, the walk takes her 2 hours and 24 minutes, including $t$ minutes spent in the coffee shop. Suppose Aya walks at $s+\frac{1}{2}$ kilometers per hour. Find the number of minutes the walk takes her, including the $t$ minutes spent in the coffee shop.

    **CURRENT STEP:**
    Task: Using the total times from Step 1 and Step 2, what is the value of t?

    
    **CONTEXT (Results from prior steps):**

    Task 1: What is the total time in hours for the first walk, including the t minutes spent in the coffee shop? ; Result: Reasoning: For s=9/4 hours, time=4 hours. Convert 4 hours to minutes and add t.

Answer: 240 + t
    Task 2: What is the total time in hours for the second walk, including the t minutes spent in the coffee shop? ; Result: Reasoning: For s+2 km/h, the time is 2.4 hours. Convert 2.4 hours to minutes (2.4*60=144). Given t minutes, total time = 144-t.

Answer: 144-t
    
