[INFO] 2025-10-06 22:42:31] (MainThread) ===== 开始执行问题难度评估脚本 =====
[INFO] 2025-10-06 22:42:32] (MainThread) 成功从 'D:\JIAYU\Documents\GitHub\Efficient-collaboration\dataset\TestData\s1k1_data.json' 加载 1000 条数据。
[INFO] 2025-10-06 22:42:32] (MainThread) 共发现 200 条新数据需要处理。
[WARNING] 2025-10-06 22:42:37] (Worker_9) 未能从模型的响应中解析出数字: 'Let’s break down the problem quickly to assess'
[ERROR] 2025-10-06 22:42:37] (Worker_9) 无法为问题 'There is a positive real number $x$ not equal to e...' 获取难度等级，已跳过。
[WARNING] 2025-10-06 22:42:37] (Worker_1) 未能从模型的响应中解析出数字: 'Let’s break down the problem quickly to assess'
[ERROR] 2025-10-06 22:42:37] (Worker_1) 无法为问题 'Kathy has $5$ red cards and $5$ green cards. She s...' 获取难度等级，已跳过。
[WARNING] 2025-10-06 22:42:37] (Worker_5) 未能从模型的响应中解析出数字: 'Let’s break down the problem in my mind'
[ERROR] 2025-10-06 22:42:37] (Worker_5) 无法为问题 'Given are real numbers $x, y$. For any pair of rea...' 获取难度等级，已跳过。
[WARNING] 2025-10-06 22:42:37] (Worker_3) 未能从模型的响应中解析出数字: 'Let’s break down the problem in our minds'
[WARNING] 2025-10-06 22:42:37] (Worker_8) 未能从模型的响应中解析出数字: 'Let’s break down the problem quickly to assess'
[ERROR] 2025-10-06 22:42:37] (Worker_3) 无法为问题 'Find the sum of all positive integers $n$ such tha...' 获取难度等级，已跳过。
[ERROR] 2025-10-06 22:42:37] (Worker_8) 无法为问题 'Consider the integer \[N = 9 + 99 + 999 + 9999 + \...' 获取难度等级，已跳过。
[WARNING] 2025-10-06 22:42:37] (Worker_4) 未能从模型的响应中解析出数字: 'Let’s break down what the problem is asking'
[ERROR] 2025-10-06 22:42:37] (Worker_4) 无法为问题 'For any positive integer $a,$ $\sigma(a)$ denotes ...' 获取难度等级，已跳过。
[WARNING] 2025-10-06 22:42:37] (Worker_7) 未能从模型的响应中解析出数字: 'Let’s break down the problem’s reasoning'
[ERROR] 2025-10-06 22:42:37] (Worker_7) 无法为问题 'Ana, Bob, and Cao bike at constant rates of $8.6$ ...' 获取难度等级，已跳过。
[WARNING] 2025-10-06 22:42:37] (Worker_6) 未能从模型的响应中解析出数字: 'Let’s break down what’s given and'
[WARNING] 2025-10-06 22:42:37] (Worker_0) 未能从模型的响应中解析出数字: 'Let’s break down the problem step-by-step'
[ERROR] 2025-10-06 22:42:37] (Worker_6) 无法为问题 'Segments $\overline{AB}, \overline{AC},$ and $\ove...' 获取难度等级，已跳过。
[ERROR] 2025-10-06 22:42:37] (Worker_0) 无法为问题 'One base of a trapezoid is $100$ units longer than...' 获取难度等级，已跳过。
[WARNING] 2025-10-06 22:42:37] (Worker_2) 未能从模型的响应中解析出数字: 'Let’s break down the problem’s reasoning'
[ERROR] 2025-10-06 22:42:37] (Worker_2) 无法为问题 'For her zeroth project at Magic School, Emilia nee...' 获取难度等级，已跳过。
[WARNING] 2025-10-06 22:42:39] (Worker_9) 未能从模型的响应中解析出数字: 'Let’s break down the problem in a minimal'
[ERROR] 2025-10-06 22:42:39] (Worker_9) 无法为问题 'Patchouli is taking an exam with  $k > 1$  parts, ...' 获取难度等级，已跳过。
[WARNING] 2025-10-06 22:42:39] (Worker_5) 未能从模型的响应中解析出数字: 'Let’s break down the problem in our minds'
[ERROR] 2025-10-06 22:42:39] (Worker_5) 无法为问题 'Let $S$ be the set of integers between 1 and $2^{4...' 获取难度等级，已跳过。
[WARNING] 2025-10-06 22:42:39] (Worker_8) 未能从模型的响应中解析出数字: 'Let’s break down the problem in our minds'
[ERROR] 2025-10-06 22:42:39] (Worker_8) 无法为问题 'A right rectangular prism $P_{}$ (i.e., a rectangu...' 获取难度等级，已跳过。
[WARNING] 2025-10-06 22:42:39] (Worker_6) 未能从模型的响应中解析出数字: 'Let’s break down the problem to assess its'
[ERROR] 2025-10-06 22:42:39] (Worker_6) 无法为问题 'Jon and Steve ride their bicycles along a path tha...' 获取难度等级，已跳过。
[WARNING] 2025-10-06 22:42:39] (Worker_0) 未能从模型的响应中解析出数字: 'Let’s break down the problem quickly to assess'
[ERROR] 2025-10-06 22:42:39] (Worker_0) 无法为问题 'Gary purchased a large beverage, but only drank $m...' 获取难度等级，已跳过。
[WARNING] 2025-10-06 22:42:39] (Worker_4) 未能从模型的响应中解析出数字: 'Let’s break down the problem to assess its'
[ERROR] 2025-10-06 22:42:39] (Worker_4) 无法为问题 'Given that positive integers  $a,b$  satisfy \[\fr...' 获取难度等级，已跳过。
[WARNING] 2025-10-06 22:42:39] (Worker_3) 未能从模型的响应中解析出数字: 'Let’s break down the problem quickly.

---

'
[ERROR] 2025-10-06 22:42:39] (Worker_3) 无法为问题 'Let $a_{1}, a_{2}, \ldots$ be a sequence of positi...' 获取难度等级，已跳过。
[WARNING] 2025-10-06 22:42:39] (Worker_2) 未能从模型的响应中解析出数字: 'Let’s break down the problem’s reasoning'
[ERROR] 2025-10-06 22:42:39] (Worker_2) 无法为问题 'Triangle $ABC$ has side lengths $AB = 9$ , $BC =$ ...' 获取难度等级，已跳过。
[WARNING] 2025-10-06 22:42:39] (Worker_1) 未能从模型的响应中解析出数字: 'Let’s break down the problem in a minimal'
[ERROR] 2025-10-06 22:42:39] (Worker_1) 无法为问题 'Jackie and Phil have two fair coins and a third co...' 获取难度等级，已跳过。
[WARNING] 2025-10-06 22:42:40] (Worker_7) 未能从模型的响应中解析出数字: 'Let’s break down the problem to assess its'
[ERROR] 2025-10-06 22:42:40] (Worker_7) 无法为问题 'Let $S = \{2^0,2^1,2^2,\ldots,2^{10}\}$ . Consider...' 获取难度等级，已跳过。
[INFO] 2025-10-06 22:42:40] (Worker_5) 成功为问题 'The value of the following series

$$
\sum_{n=2}^{...' 评定难度: 7
[WARNING] 2025-10-06 22:42:40] (Worker_9) 未能从模型的响应中解析出数字: 'Let’s break down the problem’s reasoning'
[ERROR] 2025-10-06 22:42:40] (Worker_9) 无法为问题 'Trapezoid $ABCD^{}_{}$ has sides $AB=92^{}_{}$ , $...' 获取难度等级，已跳过。
[WARNING] 2025-10-06 22:42:40] (Worker_8) 未能从模型的响应中解析出数字: 'Let’s break down the reasoning needed to solve'
[ERROR] 2025-10-06 22:42:40] (Worker_8) 无法为问题 'Steve says to Jon, "I am thinking of a polynomial ...' 获取难度等级，已跳过。
[WARNING] 2025-10-06 22:42:41] (Worker_0) 未能从模型的响应中解析出数字: 'Let’s break down the problem quickly in our'
[ERROR] 2025-10-06 22:42:41] (Worker_0) 无法为问题 'Find the sum of all positive integers $n$ such tha...' 获取难度等级，已跳过。
[WARNING] 2025-10-06 22:42:42] (Worker_6) 未能从模型的响应中解析出数字: 'Let’s break down the problem to assess its'
[ERROR] 2025-10-06 22:42:42] (Worker_6) 无法为问题 'Triangle $ABC$ is a right triangle with $AC = 7,$ ...' 获取难度等级，已跳过。
[WARNING] 2025-10-06 22:42:43] (Worker_1) 未能从模型的响应中解析出数字: 'Let’s break down the problem’s structure'
[ERROR] 2025-10-06 22:42:43] (Worker_1) 无法为问题 'For $\pi \le \theta < 2\pi$ , let \[P=\dfrac12\cos...' 获取难度等级，已跳过。
[WARNING] 2025-10-06 22:42:43] (Worker_2) 未能从模型的响应中解析出数字: 'Let’s break down the problem’s reasoning'
[ERROR] 2025-10-06 22:42:43] (Worker_2) 无法为问题 'In a tournament each player played exactly one gam...' 获取难度等级，已跳过。
[WARNING] 2025-10-06 22:42:43] (Worker_8) 未能从模型的响应中解析出数字: 'Let’s break down the reasoning for difficulty assessment'
[ERROR] 2025-10-06 22:42:43] (Worker_8) 无法为问题 'The formula for converting a Fahrenheit temperatur...' 获取难度等级，已跳过。
[WARNING] 2025-10-06 22:42:43] (Worker_9) 未能从模型的响应中解析出数字: 'Let’s break down what the problem is asking'
[WARNING] 2025-10-06 22:42:43] (Worker_0) 未能从模型的响应中解析出数字: 'Let’s break down the reasoning process needed to'
[ERROR] 2025-10-06 22:42:43] (Worker_9) 无法为问题 'Tetrahedron $ABCD$ has $AD=BC=28$ , $AC=BD=44$ , a...' 获取难度等级，已跳过。
[ERROR] 2025-10-06 22:42:43] (Worker_0) 无法为问题 'Three clever monkeys divide a pile of bananas. The...' 获取难度等级，已跳过。
[WARNING] 2025-10-06 22:42:43] (Worker_4) 未能从模型的响应中解析出数字: 'Let’s break down what the problem is asking'
[WARNING] 2025-10-06 22:42:43] (Worker_3) 未能从模型的响应中解析出数字: 'Let’s break down the problem to assess its'
[WARNING] 2025-10-06 22:42:43] (Worker_5) 未能从模型的响应中解析出数字: 'Let’s break down the problem’s reasoning'
[WARNING] 2025-10-06 22:42:43] (Worker_7) 未能从模型的响应中解析出数字: 'Let’s break down the reasoning for difficulty assessment'
[ERROR] 2025-10-06 22:42:43] (Worker_4) 无法为问题 'The graph of the equation $9x+223y=2007$ is drawn ...' 获取难度等级，已跳过。
[ERROR] 2025-10-06 22:42:43] (Worker_3) 无法为问题 'Find all real numbers $x$ such that \[
x^2 + \left...' 获取难度等级，已跳过。
[ERROR] 2025-10-06 22:42:43] (Worker_5) 无法为问题 'Ellina has twelve blocks, two each of red ( $\text...' 获取难度等级，已跳过。
[ERROR] 2025-10-06 22:42:43] (Worker_7) 无法为问题 'On the complex plane, the parallelogram formed by ...' 获取难度等级，已跳过。
[WARNING] 2025-10-06 22:42:44] (Worker_6) 未能从模型的响应中解析出数字: 'Let’s break this down.

The problem is'
[ERROR] 2025-10-06 22:42:44] (Worker_6) 无法为问题 'Submit an integer between  $0$  and  $100$  inclus...' 获取难度等级，已跳过。
[WARNING] 2025-10-06 22:42:45] (Worker_5) 未能从模型的响应中解析出数字: 'Let’s break down the problem’s reasoning'
[ERROR] 2025-10-06 22:42:45] (Worker_5) 无法为问题 'Luke is borrowing $\$10{,}000$ from the bank. The ...' 获取难度等级，已跳过。
[WARNING] 2025-10-06 22:42:45] (Worker_4) 未能从模型的响应中解析出数字: 'Let’s break down the problem quickly to assess'
[ERROR] 2025-10-06 22:42:45] (Worker_4) 无法为问题 'A finite set $\mathcal{S}$ of distinct real number...' 获取难度等级，已跳过。
[WARNING] 2025-10-06 22:42:45] (Worker_2) 未能从模型的响应中解析出数字: 'Let’s break down the problem’s nature'
[ERROR] 2025-10-06 22:42:45] (Worker_2) 无法为问题 'Anna and Berta play a game in which they take turn...' 获取难度等级，已跳过。
[WARNING] 2025-10-06 22:42:45] (Worker_0) 未能从模型的响应中解析出数字: 'Let’s break down the problem’s characteristics'
[ERROR] 2025-10-06 22:42:45] (Worker_0) 无法为问题 'Polyhedron $ABCDEFG$ has six faces.  Face $ABCD$ i...' 获取难度等级，已跳过。
[WARNING] 2025-10-06 22:42:45] (Worker_1) 未能从模型的响应中解析出数字: 'Let’s break down the reasoning for the difficulty'
[ERROR] 2025-10-06 22:42:45] (Worker_1) 无法为问题 'For each positive integer $n$ , let $f(n)$ be the ...' 获取难度等级，已跳过。
[WARNING] 2025-10-06 22:42:46] (Worker_9) 未能从模型的响应中解析出数字: 'Let’s break it down quickly in my mind'
[ERROR] 2025-10-06 22:42:46] (Worker_9) 无法为问题 'How many different positive values of $x$ will mak...' 获取难度等级，已跳过。
[WARNING] 2025-10-06 22:42:46] (Worker_7) 未能从模型的响应中解析出数字: 'Let’s break down what the problem is asking'
[ERROR] 2025-10-06 22:42:46] (Worker_7) 无法为问题 'Let $P$ be a point chosen uniformly at random in t...' 获取难度等级，已跳过。
[WARNING] 2025-10-06 22:42:46] (Worker_6) 未能从模型的响应中解析出数字: 'Let’s break down the problem in our minds'
[ERROR] 2025-10-06 22:42:46] (Worker_6) 无法为问题 'Let $w_1$ and $w_2$ denote the circles $x^2+y^2+10...' 获取难度等级，已跳过。
[WARNING] 2025-10-06 22:42:46] (Worker_3) 未能从模型的响应中解析出数字: 'Let’s break down the problem’s structure'
[ERROR] 2025-10-06 22:42:46] (Worker_3) 无法为问题 'For $1 \leq i \leq 215$ let $a_i = \dfrac{1}{2^{i}...' 获取难度等级，已跳过。
[WARNING] 2025-10-06 22:42:46] (Worker_8) 未能从模型的响应中解析出数字: 'Let’s break down the problem in my head'
[ERROR] 2025-10-06 22:42:46] (Worker_8) 无法为问题 'Let $\mathcal{S}$ be the set of all perfect square...' 获取难度等级，已跳过。
[WARNING] 2025-10-06 22:42:47] (Worker_5) 未能从模型的响应中解析出数字: 'Let’s break down the problem’s reasoning'
[ERROR] 2025-10-06 22:42:47] (Worker_5) 无法为问题 'The numbers  $x_1,...x_{100}$  are written on a bo...' 获取难度等级，已跳过。
[WARNING] 2025-10-06 22:42:47] (Worker_2) 未能从模型的响应中解析出数字: 'Let’s break down the problem’s nature'
[ERROR] 2025-10-06 22:42:47] (Worker_2) 无法为问题 'Consider the ellipse

\[
\frac{x^{2}}{4}+\frac{y^{...' 获取难度等级，已跳过。
[WARNING] 2025-10-06 22:42:47] (Worker_0) 未能从模型的响应中解析出数字: 'Let’s break down what’s being asked'
[ERROR] 2025-10-06 22:42:47] (Worker_0) 无法为问题 'Trapezoid $ABCD$ has sides $AB=92$, $BC=50$, $CD=1...' 获取难度等级，已跳过。
[WARNING] 2025-10-06 22:42:48] (Worker_4) 未能从模型的响应中解析出数字: 'Let’s break down the reasoning for the difficulty'
[ERROR] 2025-10-06 22:42:48] (Worker_4) 无法为问题 'Paul and Sara are playing a game with integers on ...' 获取难度等级，已跳过。
[WARNING] 2025-10-06 22:42:48] (Worker_3) 未能从模型的响应中解析出数字: 'Let’s break down the problem in our minds'
[ERROR] 2025-10-06 22:42:48] (Worker_3) 无法为问题 'Find the number of positive integers less than or ...' 获取难度等级，已跳过。
[WARNING] 2025-10-06 22:42:48] (Worker_6) 未能从模型的响应中解析出数字: 'Let’s break down the problem to assess its'
[ERROR] 2025-10-06 22:42:48] (Worker_6) 无法为问题 'The sum of the following seven numbers is exactly ...' 获取难度等级，已跳过。
[WARNING] 2025-10-06 22:42:48] (Worker_7) 未能从模型的响应中解析出数字: 'Let’s break down what’s being asked'
[ERROR] 2025-10-06 22:42:48] (Worker_7) 无法为问题 'Rectangle $ABCD$ is given with $AB=63$ and $BC=448...' 获取难度等级，已跳过。
[WARNING] 2025-10-06 22:42:48] (Worker_8) 未能从模型的响应中解析出数字: 'Let’s break down the problem quickly to assess'
[ERROR] 2025-10-06 22:42:48] (Worker_8) 无法为问题 'Let $(a,b,c)$ be a real solution of the system of ...' 获取难度等级，已跳过。
[WARNING] 2025-10-06 22:42:48] (Worker_1) 未能从模型的响应中解析出数字: 'Let’s first analyze the problem.

We have'
[ERROR] 2025-10-06 22:42:48] (Worker_1) 无法为问题 ' $ f\left( x \right) \equal{} \frac {x^5}{5x^4 \mi...' 获取难度等级，已跳过。
[WARNING] 2025-10-06 22:42:48] (Worker_5) 未能从模型的响应中解析出数字: 'Let’s break down the problem’s reasoning'
[ERROR] 2025-10-06 22:42:48] (Worker_5) 无法为问题 'Point $P$ lies on the diagonal $AC$ of square $ABC...' 获取难度等级，已跳过。
[WARNING] 2025-10-06 22:42:48] (Worker_9) 未能从模型的响应中解析出数字: 'Let’s break down the problem quickly in our'
[ERROR] 2025-10-06 22:42:48] (Worker_9) 无法为问题 'Find the number of positive integers $n$ less than...' 获取难度等级，已跳过。
[WARNING] 2025-10-06 22:42:49] (Worker_4) 未能从模型的响应中解析出数字: 'Let’s break down the problem in my mind'
[ERROR] 2025-10-06 22:42:49] (Worker_4) 无法为问题 'There are  $n\leq 99$  people around a circular ta...' 获取难度等级，已跳过。
[WARNING] 2025-10-06 22:42:49] (Worker_0) 未能从模型的响应中解析出数字: 'Let’s break down the problem in our minds'
[WARNING] 2025-10-06 22:42:49] (Worker_2) 未能从模型的响应中解析出数字: 'Let’s break down the problem’s reasoning'
[ERROR] 2025-10-06 22:42:49] (Worker_0) 无法为问题 'How many positive integer divisors of $2004^{2004}...' 获取难度等级，已跳过。
[ERROR] 2025-10-06 22:42:49] (Worker_2) 无法为问题 'A bee starts flying from point $P_0$. She flies $1...' 获取难度等级，已跳过。
[WARNING] 2025-10-06 22:42:49] (Worker_3) 未能从模型的响应中解析出数字: 'Let’s break down the problem quickly to assess'
[ERROR] 2025-10-06 22:42:49] (Worker_3) 无法为问题 'Let $P_1^{}$ be a regular $r~\mbox{gon}$ and $P_2^...' 获取难度等级，已跳过。
[WARNING] 2025-10-06 22:42:49] (Worker_6) 未能从模型的响应中解析出数字: 'Let’s break down the problem’s nature'
[ERROR] 2025-10-06 22:42:49] (Worker_6) 无法为问题 'Let $p_{i}$ be the $i$th prime. Let $$f(x)=\sum_{i...' 获取难度等级，已跳过。
[WARNING] 2025-10-06 22:42:50] (Worker_7) 未能从模型的响应中解析出数字: 'Let’s break down the problem’s structure'
[ERROR] 2025-10-06 22:42:50] (Worker_7) 无法为问题 'In triangle $ABC$ , $AB = 10$ , $BC = 14$ , and $C...' 获取难度等级，已跳过。
[WARNING] 2025-10-06 22:42:50] (Worker_9) 未能从模型的响应中解析出数字: 'Let’s analyze the problem.

We are given'
[ERROR] 2025-10-06 22:42:50] (Worker_9) 无法为问题 'Real numbers  $a$ ,  $b$ ,  $c$  satisfy the equat...' 获取难度等级，已跳过。
[WARNING] 2025-10-06 22:42:50] (Worker_8) 未能从模型的响应中解析出数字: 'Let’s break down what’s being asked'
[ERROR] 2025-10-06 22:42:50] (Worker_8) 无法为问题 'Let  $A_1B_1C_1$ ,  $A_2B_2C_2$ , and  $A_3B_3C_3$...' 获取难度等级，已跳过。
[WARNING] 2025-10-06 22:42:50] (Worker_1) 未能从模型的响应中解析出数字: 'Let’s break down the problem quickly to assess'
[ERROR] 2025-10-06 22:42:50] (Worker_1) 无法为问题 'Circle $C$ with radius 2 has diameter $\overline{A...' 获取难度等级，已跳过。
[WARNING] 2025-10-06 22:42:51] (Worker_5) 未能从模型的响应中解析出数字: 'Let’s break down the problem’s reasoning'
[ERROR] 2025-10-06 22:42:51] (Worker_5) 无法为问题 'Given a real number $x,$ let $\lfloor x \rfloor$ d...' 获取难度等级，已跳过。
[WARNING] 2025-10-06 22:42:51] (Worker_4) 未能从模型的响应中解析出数字: 'Let’s break down the problem’s components'
[ERROR] 2025-10-06 22:42:51] (Worker_4) 无法为问题 'Circles $\mathcal{C}_{1}$ and $\mathcal{C}_{2}$ in...' 获取难度等级，已跳过。
[WARNING] 2025-10-06 22:42:51] (Worker_2) 未能从模型的响应中解析出数字: 'Let’s break down the problem’s reasoning'
[ERROR] 2025-10-06 22:42:51] (Worker_2) 无法为问题 'Let $P(x)$ be a nonzero polynomial such that $(x-1...' 获取难度等级，已跳过。
[WARNING] 2025-10-06 22:42:51] (Worker_0) 未能从模型的响应中解析出数字: 'Let’s break down the problem’s reasoning'
[ERROR] 2025-10-06 22:42:51] (Worker_0) 无法为问题 'A straight river that is $264$ meters wide flows f...' 获取难度等级，已跳过。
[WARNING] 2025-10-06 22:42:51] (Worker_3) 未能从模型的响应中解析出数字: 'Let’s break down what’s being asked'
[ERROR] 2025-10-06 22:42:51] (Worker_3) 无法为问题 'For $\{1, 2, 3, \ldots, n\}$ and each of its non-e...' 获取难度等级，已跳过。
[WARNING] 2025-10-06 22:42:51] (Worker_7) 未能从模型的响应中解析出数字: 'Let’s break down the problem step by step'
[ERROR] 2025-10-06 22:42:51] (Worker_7) 无法为问题 'Alpha and Beta both took part in a two-day problem...' 获取难度等级，已跳过。
[WARNING] 2025-10-06 22:42:52] (Worker_9) 未能从模型的响应中解析出数字: 'Let’s break down the reasoning for the difficulty'
[ERROR] 2025-10-06 22:42:52] (Worker_9) 无法为问题 'Let a sequence be defined as follows: $a_1 = 3,$ $...' 获取难度等级，已跳过。
[WARNING] 2025-10-06 22:42:52] (Worker_8) 未能从模型的响应中解析出数字: 'Let’s break down the problem in our minds'
[ERROR] 2025-10-06 22:42:52] (Worker_8) 无法为问题 'Let $\tau(n)$ denote the number of positive intege...' 获取难度等级，已跳过。
[WARNING] 2025-10-06 22:42:52] (Worker_6) 未能从模型的响应中解析出数字: 'Let’s break down what’s being asked'
[ERROR] 2025-10-06 22:42:52] (Worker_6) 无法为问题 'The points $A$ , $B$ and $C$ lie on the surface of...' 获取难度等级，已跳过。
[WARNING] 2025-10-06 22:42:52] (Worker_1) 未能从模型的响应中解析出数字: 'Let’s break down the reasoning for difficulty assessment'
[ERROR] 2025-10-06 22:42:52] (Worker_1) 无法为问题 'Suppose that $a$ , $b$ , and $c$ are positive real...' 获取难度等级，已跳过。
[WARNING] 2025-10-06 22:42:53] (Worker_4) 未能从模型的响应中解析出数字: 'Let’s break down the reasoning for difficulty assessment'
[ERROR] 2025-10-06 22:42:53] (Worker_4) 无法为问题 'Let $P(z)=z^3+az^2+bz+c$ , where $a$ , $b$ , and $...' 获取难度等级，已跳过。
[WARNING] 2025-10-06 22:42:53] (Worker_8) 未能从模型的响应中解析出数字: 'Let’s break down the problem quickly to assess'
[ERROR] 2025-10-06 22:42:53] (Worker_8) 无法为问题 'In an increasing sequence of four positive integer...' 获取难度等级，已跳过。
[WARNING] 2025-10-06 22:42:53] (Worker_7) 未能从模型的响应中解析出数字: 'Let’s break down what the problem is asking'
[ERROR] 2025-10-06 22:42:53] (Worker_7) 无法为问题 'An angle $x$ is chosen at random from the interval...' 获取难度等级，已跳过。
[WARNING] 2025-10-06 22:42:54] (Worker_9) 未能从模型的响应中解析出数字: 'Let’s break down the problem’s reasoning'
[ERROR] 2025-10-06 22:42:54] (Worker_9) 无法为问题 'Let  $\mathcal{P}_1$  and  $\mathcal{P}_2$  be two...' 获取难度等级，已跳过。
[WARNING] 2025-10-06 22:42:54] (Worker_0) 未能从模型的响应中解析出数字: 'Let’s break down what’s given and'
[WARNING] 2025-10-06 22:42:54] (Worker_2) 未能从模型的响应中解析出数字: 'Let’s break down the problem step by step'
[WARNING] 2025-10-06 22:42:54] (Worker_3) 未能从模型的响应中解析出数字: 'Let’s break down the problem in our minds'
[ERROR] 2025-10-06 22:42:54] (Worker_0) 无法为问题 'Two different points, $C$ and $D$ , lie on the sam...' 获取难度等级，已跳过。
[ERROR] 2025-10-06 22:42:54] (Worker_2) 无法为问题 'Let $|M|$ denote the determinant of a square matri...' 获取难度等级，已跳过。
[ERROR] 2025-10-06 22:42:54] (Worker_3) 无法为问题 'The number  $r$  can be expressed as a four-place ...' 获取难度等级，已跳过。
[WARNING] 2025-10-06 22:42:54] (Worker_5) 未能从模型的响应中解析出数字: 'Let’s break down what the problem is asking'
[ERROR] 2025-10-06 22:42:54] (Worker_5) 无法为问题 'For a permutation $p = (a_1,a_2,\ldots,a_9)$ of th...' 获取难度等级，已跳过。
[WARNING] 2025-10-06 22:42:54] (Worker_4) 未能从模型的响应中解析出数字: 'Let’s break down the reasoning for difficulty assessment'
[ERROR] 2025-10-06 22:42:54] (Worker_4) 无法为问题 'Suppose that $x$ , $y$ , and $z$ are complex numbe...' 获取难度等级，已跳过。
[WARNING] 2025-10-06 22:42:55] (Worker_1) 未能从模型的响应中解析出数字: 'Let’s break down the reasoning process needed to'
[WARNING] 2025-10-06 22:42:55] (Worker_6) 未能从模型的响应中解析出数字: 'Let’s break down the problem in our minds'
[ERROR] 2025-10-06 22:42:55] (Worker_1) 无法为问题 'Two mathematicians, Kelly and Jason, play a cooper...' 获取难度等级，已跳过。
[ERROR] 2025-10-06 22:42:55] (Worker_6) 无法为问题 'A club consisting of $11$ men and $12$ women needs...' 获取难度等级，已跳过。
[WARNING] 2025-10-06 22:42:55] (Worker_8) 未能从模型的响应中解析出数字: 'Let’s break down what the problem is asking'
[ERROR] 2025-10-06 22:42:55] (Worker_8) 无法为问题 'Let  $P$ ,  $A$ ,  $B$ ,  $C$ ,  $D$  be points on...' 获取难度等级，已跳过。
[WARNING] 2025-10-06 22:42:55] (Worker_9) 未能从模型的响应中解析出数字: 'Let’s break down the problem in our minds'
[ERROR] 2025-10-06 22:42:55] (Worker_9) 无法为问题 'Square $ABCD$ is inscribed in a circle. Square $EF...' 获取难度等级，已跳过。
[WARNING] 2025-10-06 22:42:56] (Worker_7) 未能从模型的响应中解析出数字: 'Let’s break down the problem in our minds'
[ERROR] 2025-10-06 22:42:56] (Worker_7) 无法为问题 'On a long straight stretch of one-way single-lane ...' 获取难度等级，已跳过。
[WARNING] 2025-10-06 22:42:56] (Worker_2) 未能从模型的响应中解析出数字: 'Let’s break down the problem in a minimal'
[ERROR] 2025-10-06 22:42:56] (Worker_2) 无法为问题 'Let $[r,s]$ denote the least common multiple of po...' 获取难度等级，已跳过。
[WARNING] 2025-10-06 22:42:56] (Worker_0) 未能从模型的响应中解析出数字: 'Let’s break down the problem in our minds'
[WARNING] 2025-10-06 22:42:56] (Worker_5) 未能从模型的响应中解析出数字: 'Let’s break down what’s being asked'
[ERROR] 2025-10-06 22:42:56] (Worker_0) 无法为问题 'Let $\mathcal{S}$ be the set $\lbrace1,2,3,\ldots,...' 获取难度等级，已跳过。
[ERROR] 2025-10-06 22:42:56] (Worker_5) 无法为问题 'Let $S$ be the set of points whose coordinates $x,...' 获取难度等级，已跳过。
[WARNING] 2025-10-06 22:42:57] (Worker_1) 未能从模型的响应中解析出数字: 'Let’s break down the problem’s reasoning'
[ERROR] 2025-10-06 22:42:57] (Worker_1) 无法为问题 'Let $z_1,z_2,z_3,\dots,z_{12}$ be the 12 zeroes of...' 获取难度等级，已跳过。
[WARNING] 2025-10-06 22:42:57] (Worker_8) 未能从模型的响应中解析出数字: 'Let’s break down the problem step by step'
[ERROR] 2025-10-06 22:42:57] (Worker_8) 无法为问题 'Equilateral $\triangle ABC$ is inscribed in a circ...' 获取难度等级，已跳过。
[WARNING] 2025-10-06 22:42:57] (Worker_6) 未能从模型的响应中解析出数字: 'Let’s break down what the problem is asking'
[ERROR] 2025-10-06 22:42:57] (Worker_6) 无法为问题 'Ten adults enter a room, remove their shoes, and t...' 获取难度等级，已跳过。
[WARNING] 2025-10-06 22:42:57] (Worker_4) 未能从模型的响应中解析出数字: 'Let’s break down the problem mentally to assess'
[ERROR] 2025-10-06 22:42:57] (Worker_4) 无法为问题 'Let $f(x)=(x^2+3x+2)^{\cos(\pi x)}$ . Find the sum...' 获取难度等级，已跳过。
[WARNING] 2025-10-06 22:42:58] (Worker_7) 未能从模型的响应中解析出数字: 'Let’s break down what’s being asked'
[ERROR] 2025-10-06 22:42:58] (Worker_7) 无法为问题 'In triangle $ABC$ , $AB=13$ , $BC=15$ and $CA=17$ ...' 获取难度等级，已跳过。
[WARNING] 2025-10-06 22:42:58] (Worker_3) 未能从模型的响应中解析出数字: 'Let’s break down the problem’s reasoning'
[ERROR] 2025-10-06 22:42:58] (Worker_3) 无法为问题 'There is a set of 1000 switches, each of which has...' 获取难度等级，已跳过。
[WARNING] 2025-10-06 22:42:58] (Worker_1) 未能从模型的响应中解析出数字: 'Let’s break down the problem quickly to assess'
[ERROR] 2025-10-06 22:42:58] (Worker_1) 无法为问题 'A right square pyramid with volume $54$ has a base...' 获取难度等级，已跳过。
[WARNING] 2025-10-06 22:42:58] (Worker_5) 未能从模型的响应中解析出数字: 'Let’s break down the problem quickly to assess'
[ERROR] 2025-10-06 22:42:58] (Worker_5) 无法为问题 'Suppose the function $\psi$ satisfies $\psi(1) = \...' 获取难度等级，已跳过。
[WARNING] 2025-10-06 22:42:58] (Worker_6) 未能从模型的响应中解析出数字: 'Let’s break down the problem’s structure'
[ERROR] 2025-10-06 22:42:58] (Worker_6) 无法为问题 'Find all lists  $(x_1, x_2, \ldots, x_{2020})$  of...' 获取难度等级，已跳过。
[WARNING] 2025-10-06 22:42:58] (Worker_9) 未能从模型的响应中解析出数字: 'Let’s break down what the problem requires.

'
[ERROR] 2025-10-06 22:42:58] (Worker_9) 无法为问题 'Let $P_{1}: y=x^{2}+\frac{101}{100}$ and $P_{2}: x...' 获取难度等级，已跳过。
[WARNING] 2025-10-06 22:42:59] (Worker_8) 未能从模型的响应中解析出数字: 'Let’s break down the problem’s nature'
[ERROR] 2025-10-06 22:42:59] (Worker_8) 无法为问题 'Let $a_{1}=3$, and for $n>1$, let $a_{n}$ be the l...' 获取难度等级，已跳过。
[WARNING] 2025-10-06 22:42:59] (Worker_0) 未能从模型的响应中解析出数字: 'Let’s break down the problem quickly to assess'
[ERROR] 2025-10-06 22:42:59] (Worker_0) 无法为问题 'The increasing sequence $3, 15, 24, 48, \ldots\,$ ...' 获取难度等级，已跳过。
[WARNING] 2025-10-06 22:42:59] (Worker_2) 未能从模型的响应中解析出数字: 'Let’s break down the problem’s reasoning'
[ERROR] 2025-10-06 22:42:59] (Worker_2) 无法为问题 'Triangle $ABC$ with right angle at $C$ , $\angle B...' 获取难度等级，已跳过。
[WARNING] 2025-10-06 22:43:00] (Worker_7) 未能从模型的响应中解析出数字: 'Let’s break down the reasoning for the difficulty'
[ERROR] 2025-10-06 22:43:00] (Worker_7) 无法为问题 'In three-dimensional space, let $S$ be the region ...' 获取难度等级，已跳过。
[WARNING] 2025-10-06 22:43:00] (Worker_4) 未能从模型的响应中解析出数字: 'Let’s break down the problem quickly to assess'
[ERROR] 2025-10-06 22:43:00] (Worker_4) 无法为问题 'For every  $x \ge -\frac{1}{e}\,$ , there is a uni...' 获取难度等级，已跳过。
[WARNING] 2025-10-06 22:43:00] (Worker_3) 未能从模型的响应中解析出数字: 'Let’s break down the problem in a way'
[ERROR] 2025-10-06 22:43:00] (Worker_3) 无法为问题 'Two three-letter strings, $aaa^{}_{}$ and $bbb^{}_...' 获取难度等级，已跳过。
[WARNING] 2025-10-06 22:43:00] (Worker_6) 未能从模型的响应中解析出数字: 'Let’s break down the problem’s reasoning'
[ERROR] 2025-10-06 22:43:00] (Worker_6) 无法为问题 'Suppose  $E$ ,  $I$ ,  $L$ ,  $V$  are (not necess...' 获取难度等级，已跳过。
[WARNING] 2025-10-06 22:43:00] (Worker_5) 未能从模型的响应中解析出数字: 'Let’s break down the problem to assess its'
[ERROR] 2025-10-06 22:43:00] (Worker_5) 无法为问题 'For some complex number  $\omega$  with  $|\omega|...' 获取难度等级，已跳过。
[WARNING] 2025-10-06 22:43:00] (Worker_9) 未能从模型的响应中解析出数字: 'Let’s break down the reasoning for the difficulty'
[ERROR] 2025-10-06 22:43:00] (Worker_9) 无法为问题 'Let $S=\{1,2, \ldots, 20\}$, and let $f$ be a func...' 获取难度等级，已跳过。
[WARNING] 2025-10-06 22:43:00] (Worker_1) 未能从模型的响应中解析出数字: 'Let’s break down the problem in our minds'
[ERROR] 2025-10-06 22:43:01] (Worker_1) 无法为问题 'Let $N$ be the number of complex numbers $z$ with ...' 获取难度等级，已跳过。
[WARNING] 2025-10-06 22:43:01] (Worker_8) 未能从模型的响应中解析出数字: 'Let’s break down the problem’s reasoning'
[ERROR] 2025-10-06 22:43:01] (Worker_8) 无法为问题 'Suppose that the angles of $\triangle ABC$ satisfy...' 获取难度等级，已跳过。
[WARNING] 2025-10-06 22:43:01] (Worker_2) 未能从模型的响应中解析出数字: 'Let’s break down the problem’s reasoning'
[ERROR] 2025-10-06 22:43:01] (Worker_2) 无法为问题 'Let $S$ be the set of positive integer divisors of...' 获取难度等级，已跳过。
[WARNING] 2025-10-06 22:43:01] (Worker_6) 未能从模型的响应中解析出数字: 'Let’s break down what’s being asked'
[ERROR] 2025-10-06 22:43:01] (Worker_6) 无法为问题 'Let $\triangle{PQR}$ be a right triangle with $PQ ...' 获取难度等级，已跳过。
[WARNING] 2025-10-06 22:43:01] (Worker_0) 未能从模型的响应中解析出数字: 'Let’s break down the problem in our minds'
[ERROR] 2025-10-06 22:43:01] (Worker_0) 无法为问题 'Let $S$ be the sum of all numbers of the form $\fr...' 获取难度等级，已跳过。
[WARNING] 2025-10-06 22:43:01] (Worker_3) 未能从模型的响应中解析出数字: 'Let’s break down the problem in my mind'
[ERROR] 2025-10-06 22:43:01] (Worker_3) 无法为问题 'The members of a distinguished committee were choo...' 获取难度等级，已跳过。
[WARNING] 2025-10-06 22:43:02] (Worker_7) 未能从模型的响应中解析出数字: 'Let’s break down the problem’s reasoning'
[ERROR] 2025-10-06 22:43:02] (Worker_7) 无法为问题 'Rhombus $PQRS^{}_{}$ is inscribed in rectangle $AB...' 获取难度等级，已跳过。
[WARNING] 2025-10-06 22:43:02] (Worker_4) 未能从模型的响应中解析出数字: 'Let’s break down the problem to assess its'
[ERROR] 2025-10-06 22:43:02] (Worker_4) 无法为问题 'Let $x,$ $y,$ and $z$ be positive real numbers sat...' 获取难度等级，已跳过。
[WARNING] 2025-10-06 22:43:02] (Worker_5) 未能从模型的响应中解析出数字: 'Let’s break down the problem to assess its'
[ERROR] 2025-10-06 22:43:02] (Worker_5) 无法为问题 'Square $ABCD$ has sides of length 1. Points $E$ an...' 获取难度等级，已跳过。
[WARNING] 2025-10-06 22:43:03] (Worker_9) 未能从模型的响应中解析出数字: 'Let’s break down what the problem is asking'
[ERROR] 2025-10-06 22:43:03] (Worker_9) 无法为问题 'An angle $x$ is chosen at random from the interval...' 获取难度等级，已跳过。
[WARNING] 2025-10-06 22:43:03] (Worker_2) 未能从模型的响应中解析出数字: 'Let’s break this down quickly to assess the'
[ERROR] 2025-10-06 22:43:03] (Worker_2) 无法为问题 'In the Cartesian plane let $A = (1,0)$ and $B = \l...' 获取难度等级，已跳过。
[WARNING] 2025-10-06 22:43:03] (Worker_3) 未能从模型的响应中解析出数字: 'Let’s break down the reasoning for difficulty assessment'
[ERROR] 2025-10-06 22:43:03] (Worker_3) 无法为问题 'Points $A$ , $B$ , and $C$ lie in that order along...' 获取难度等级，已跳过。
[WARNING] 2025-10-06 22:43:03] (Worker_8) 未能从模型的响应中解析出数字: 'Let’s break down what the problem is asking'
[ERROR] 2025-10-06 22:43:03] (Worker_8) 无法为问题 'There are real numbers $a, b, c,$ and $d$ such tha...' 获取难度等级，已跳过。
[WARNING] 2025-10-06 22:43:03] (Worker_7) 未能从模型的响应中解析出数字: 'Let’s break down the problem’s reasoning'
[ERROR] 2025-10-06 22:43:03] (Worker_7) 无法为问题 'For a complex number  $z \neq 3$ , $4$ , let  $F(z...' 获取难度等级，已跳过。
[WARNING] 2025-10-06 22:43:03] (Worker_6) 未能从模型的响应中解析出数字: 'Let’s break down the problem to assess its'
[ERROR] 2025-10-06 22:43:03] (Worker_6) 无法为问题 'The polynomial $P(x)=(1+x+x^2+\cdots+x^{17})^2-x^{...' 获取难度等级，已跳过。
[WARNING] 2025-10-06 22:43:03] (Worker_1) 未能从模型的响应中解析出数字: 'Let’s break down the problem’s reasoning'
[ERROR] 2025-10-06 22:43:03] (Worker_1) 无法为问题 'For positive real numbers $s$ , let $\tau(s)$ deno...' 获取难度等级，已跳过。
[WARNING] 2025-10-06 22:43:04] (Worker_0) 未能从模型的响应中解析出数字: 'Let’s break down the problem in our minds'
[ERROR] 2025-10-06 22:43:04] (Worker_0) 无法为问题 'Eight spheres of radius 100 are placed on a flat s...' 获取难度等级，已跳过。
[WARNING] 2025-10-06 22:43:05] (Worker_0) 未能从模型的响应中解析出数字: 'Let’s break down the problem in our minds'
[ERROR] 2025-10-06 22:43:05] (Worker_0) 无法为问题 'Twenty five of King Arthur's knights are seated at...' 获取难度等级，已跳过。
[WARNING] 2025-10-06 22:43:06] (Worker_8) 未能从模型的响应中解析出数字: 'Let’s break down what the problem is asking'
[WARNING] 2025-10-06 22:43:06] (Worker_9) 未能从模型的响应中解析出数字: 'Let’s think through the problem.

We have'
[ERROR] 2025-10-06 22:43:06] (Worker_8) 无法为问题 'For each integer $n\geq3$ , let $f(n)$ be the numb...' 获取难度等级，已跳过。
[ERROR] 2025-10-06 22:43:06] (Worker_9) 无法为问题 'Let $x_1=97$ , and for $n>1$ let $x_n=\frac{n}{x_{...' 获取难度等级，已跳过。
[WARNING] 2025-10-06 22:43:06] (Worker_4) 未能从模型的响应中解析出数字: 'Let’s break down the reasoning for difficulty assessment'
[ERROR] 2025-10-06 22:43:06] (Worker_4) 无法为问题 'If $\{a_1,a_2,a_3,\ldots,a_n\}$ is a set of real n...' 获取难度等级，已跳过。
[WARNING] 2025-10-06 22:43:06] (Worker_1) 未能从模型的响应中解析出数字: 'Let’s break down the problem’s reasoning'
[ERROR] 2025-10-06 22:43:06] (Worker_1) 无法为问题 'There is a unique angle $\theta$ between $0^\circ$...' 获取难度等级，已跳过。
[WARNING] 2025-10-06 22:43:06] (Worker_5) 未能从模型的响应中解析出数字: 'Let’s break down the problem’s reasoning'
[ERROR] 2025-10-06 22:43:06] (Worker_5) 无法为问题 'The $52$ cards in a deck are numbered $1, 2, \cdot...' 获取难度等级，已跳过。
[WARNING] 2025-10-06 22:43:06] (Worker_6) 未能从模型的响应中解析出数字: 'Let’s break down the problem in a minimal'
[WARNING] 2025-10-06 22:43:06] (Worker_2) 未能从模型的响应中解析出数字: 'Let’s break down the reasoning for difficulty assessment'
[ERROR] 2025-10-06 22:43:06] (Worker_6) 无法为问题 'Azar, Carl, Jon, and Sergey are the four players l...' 获取难度等级，已跳过。
[ERROR] 2025-10-06 22:43:06] (Worker_2) 无法为问题 'A flat board has a circular hole with radius $1$ a...' 获取难度等级，已跳过。
[WARNING] 2025-10-06 22:43:06] (Worker_3) 未能从模型的响应中解析出数字: 'Let’s break down the problem quickly to assess'
[ERROR] 2025-10-06 22:43:06] (Worker_3) 无法为问题 'Dave arrives at an airport which has twelve gates ...' 获取难度等级，已跳过。
[WARNING] 2025-10-06 22:43:06] (Worker_7) 未能从模型的响应中解析出数字: 'Let’s break down the problem quickly to assess'
[ERROR] 2025-10-06 22:43:06] (Worker_7) 无法为问题 'Points $A(0,0), B(9,6)$ and $C(6,12)$ are vertices...' 获取难度等级，已跳过。
[WARNING] 2025-10-06 22:43:07] (Worker_0) 未能从模型的响应中解析出数字: 'Let’s break down the problem in our minds'
[ERROR] 2025-10-06 22:43:07] (Worker_0) 无法为问题 'How many positive integer multiples of 1001 can be...' 获取难度等级，已跳过。
[WARNING] 2025-10-06 22:43:07] (Worker_4) 未能从模型的响应中解析出数字: 'Let’s break down the problem quickly in my'
[WARNING] 2025-10-06 22:43:07] (Worker_9) 未能从模型的响应中解析出数字: 'Let’s break down the problem’s reasoning'
[ERROR] 2025-10-06 22:43:07] (Worker_4) 无法为问题 'For how many ordered pairs of positive integers $(...' 获取难度等级，已跳过。
[ERROR] 2025-10-06 22:43:07] (Worker_9) 无法为问题 'Let  $S$  be a square of side length  $1$ .  Two p...' 获取难度等级，已跳过。
[WARNING] 2025-10-06 22:43:08] (Worker_6) 未能从模型的响应中解析出数字: 'Let’s break down what the problem is asking'
[ERROR] 2025-10-06 22:43:08] (Worker_6) 无法为问题 'Let $ABCD$ be an isosceles trapezoid with $AD=BC$ ...' 获取难度等级，已跳过。
[WARNING] 2025-10-06 22:43:08] (Worker_7) 未能从模型的响应中解析出数字: 'Let’s break down the problem’s reasoning'
[ERROR] 2025-10-06 22:43:08] (Worker_7) 无法为问题 'There are two distinguishable flagpoles, and there...' 获取难度等级，已跳过。
[WARNING] 2025-10-06 22:43:08] (Worker_3) 未能从模型的响应中解析出数字: 'Let’s break down the problem quickly in our'
[ERROR] 2025-10-06 22:43:08] (Worker_3) 无法为问题 'Find the number of sets $\{a,b,c\}$ of three disti...' 获取难度等级，已跳过。
[WARNING] 2025-10-06 22:43:08] (Worker_2) 未能从模型的响应中解析出数字: 'Let’s break down what the problem is asking'
[ERROR] 2025-10-06 22:43:08] (Worker_2) 无法为问题 'Misha rolls a standard, fair six-sided die until s...' 获取难度等级，已跳过。
[WARNING] 2025-10-06 22:43:08] (Worker_5) 未能从模型的响应中解析出数字: 'Let’s break down what the problem involves.

'
[WARNING] 2025-10-06 22:43:08] (Worker_1) 未能从模型的响应中解析出数字: 'Let’s break down the problem to assess its'
[ERROR] 2025-10-06 22:43:08] (Worker_5) 无法为问题 'A circle with center $O$ has radius 25. Chord $\ov...' 获取难度等级，已跳过。
[ERROR] 2025-10-06 22:43:08] (Worker_1) 无法为问题 'Call a positive integer $n$ $k$ - pretty if $n$ ha...' 获取难度等级，已跳过。
[WARNING] 2025-10-06 22:43:08] (Worker_8) 未能从模型的响应中解析出数字: 'Let’s break down the reasoning to decide the'
[ERROR] 2025-10-06 22:43:08] (Worker_8) 无法为问题 'Consider all 1000-element subsets of the set $\{ 1...' 获取难度等级，已跳过。
[WARNING] 2025-10-06 22:43:09] (Worker_0) 未能从模型的响应中解析出数字: 'Let’s break down the problem in our minds'
[ERROR] 2025-10-06 22:43:09] (Worker_0) 无法为问题 'Find the sum of all positive integers $a=2^n3^m$ w...' 获取难度等级，已跳过。
[WARNING] 2025-10-06 22:43:09] (Worker_9) 未能从模型的响应中解析出数字: 'Let’s break down the problem’s reasoning'
[ERROR] 2025-10-06 22:43:09] (Worker_9) 无法为问题 'Let $\mathcal{T}$ be the set of ordered triples $(...' 获取难度等级，已跳过。
[WARNING] 2025-10-06 22:43:09] (Worker_2) 未能从模型的响应中解析出数字: 'Let’s break down the reasoning to decide the'
[ERROR] 2025-10-06 22:43:09] (Worker_2) 无法为问题 'There is a polynomial $P$ such that for every real...' 获取难度等级，已跳过。
[WARNING] 2025-10-06 22:43:09] (Worker_4) 未能从模型的响应中解析出数字: 'Let’s break down the problem conceptually to assess'
[ERROR] 2025-10-06 22:43:09] (Worker_4) 无法为问题 'Equilateral $\triangle ABC$ is inscribed in a circ...' 获取难度等级，已跳过。
[WARNING] 2025-10-06 22:43:09] (Worker_3) 未能从模型的响应中解析出数字: 'Let’s break down the problem quickly to assess'
[ERROR] 2025-10-06 22:43:09] (Worker_3) 无法为问题 'Club Truncator is in a soccer league with six othe...' 获取难度等级，已跳过。
[WARNING] 2025-10-06 22:43:10] (Worker_5) 未能从模型的响应中解析出数字: 'Let’s break down the problem’s reasoning'
[ERROR] 2025-10-06 22:43:10] (Worker_5) 无法为问题 'Let there be a figure with  $9$  disks and  $11$  ...' 获取难度等级，已跳过。
[WARNING] 2025-10-06 22:43:10] (Worker_8) 未能从模型的响应中解析出数字: 'Let’s break down what’s being asked'
[ERROR] 2025-10-06 22:43:10] (Worker_8) 无法为问题 'Alice Czarina is bored and is playing a game with ...' 获取难度等级，已跳过。
[WARNING] 2025-10-06 22:43:10] (Worker_6) 未能从模型的响应中解析出数字: 'Let’s break down the problem to assess its'
[ERROR] 2025-10-06 22:43:10] (Worker_6) 无法为问题 'Let $\triangle ABC$ be a right triangle with right...' 获取难度等级，已跳过。
[WARNING] 2025-10-06 22:43:10] (Worker_7) 未能从模型的响应中解析出数字: 'Let’s break down the problem quickly to assess'
[ERROR] 2025-10-06 22:43:10] (Worker_7) 无法为问题 'In $\triangle ABC, AB = AC = 10$ and $BC = 12$ . P...' 获取难度等级，已跳过。
[WARNING] 2025-10-06 22:43:10] (Worker_0) 未能从模型的响应中解析出数字: 'Let’s break down the problem briefly to assess'
[ERROR] 2025-10-06 22:43:10] (Worker_0) 无法为问题 'Let $\overline{AB}$ be a diameter of circle $\omeg...' 获取难度等级，已跳过。
[WARNING] 2025-10-06 22:43:11] (Worker_1) 未能从模型的响应中解析出数字: 'Let’s break down what’s being asked'
[ERROR] 2025-10-06 22:43:11] (Worker_1) 无法为问题 'A token starts at the point $(0,0)$ of an $xy$ -co...' 获取难度等级，已跳过。
[WARNING] 2025-10-06 22:43:11] (Worker_4) 未能从模型的响应中解析出数字: 'Let’s break down the problem’s nature'
[ERROR] 2025-10-06 22:43:11] (Worker_4) 无法为问题 'A $7\times 1$ board is completely covered by $m\ti...' 获取难度等级，已跳过。
[WARNING] 2025-10-06 22:43:11] (Worker_5) 未能从模型的响应中解析出数字: 'Let’s break down the problem to assess its'
[ERROR] 2025-10-06 22:43:11] (Worker_5) 无法为问题 'Let $a, b, c,$ and $d$ be real numbers that satisf...' 获取难度等级，已跳过。
[WARNING] 2025-10-06 22:43:11] (Worker_6) 未能从模型的响应中解析出数字: 'Let’s break down the problem quickly to assess'
[ERROR] 2025-10-06 22:43:11] (Worker_6) 无法为问题 'For how many ordered pairs $(x,y)$ of integers is ...' 获取难度等级，已跳过。
[WARNING] 2025-10-06 22:43:11] (Worker_9) 未能从模型的响应中解析出数字: 'Let’s break down the problem to assess its'
[ERROR] 2025-10-06 22:43:11] (Worker_9) 无法为问题 'In rectangle $ABCD$ , $AB = 12$ and $BC = 10$ .  P...' 获取难度等级，已跳过。
[WARNING] 2025-10-06 22:43:11] (Worker_3) 未能从模型的响应中解析出数字: 'Let’s break down the problem step by step'
[ERROR] 2025-10-06 22:43:11] (Worker_3) 无法为问题 'For positive integers  $i = 2, 3, \ldots, 2020$ , ...' 获取难度等级，已跳过。
[WARNING] 2025-10-06 22:43:12] (Worker_8) 未能从模型的响应中解析出数字: 'Let’s break down the problem quickly to assess'
[ERROR] 2025-10-06 22:43:12] (Worker_8) 无法为问题 'Positive integers $a$ , $b$ , $c$ , and $d$ satisf...' 获取难度等级，已跳过。
[WARNING] 2025-10-06 22:43:12] (Worker_7) 未能从模型的响应中解析出数字: 'Let’s break down the problem in a minimal'
[ERROR] 2025-10-06 22:43:12] (Worker_7) 无法为问题 'Alpha and Beta both took part in a two-day problem...' 获取难度等级，已跳过。
[WARNING] 2025-10-06 22:43:12] (Worker_2) 未能从模型的响应中解析出数字: 'Let’s break down the problem’s reasoning'
[ERROR] 2025-10-06 22:43:12] (Worker_2) 无法为问题 'Let $\overline{CH}$ be an altitude of $\triangle A...' 获取难度等级，已跳过。
[WARNING] 2025-10-06 22:43:12] (Worker_0) 未能从模型的响应中解析出数字: 'Let’s break down the problem step-by-step'
[ERROR] 2025-10-06 22:43:12] (Worker_0) 无法为问题 'Let  $\mathcal{P}$  be the unique parabola in the ...' 获取难度等级，已跳过。
[WARNING] 2025-10-06 22:43:12] (Worker_1) 未能从模型的响应中解析出数字: 'Let’s break down the problem quickly to assess'
[ERROR] 2025-10-06 22:43:12] (Worker_1) 无法为问题 'Let $a$ and $b$ be positive integers satisfying $\...' 获取难度等级，已跳过。
[WARNING] 2025-10-06 22:43:13] (Worker_6) 未能从模型的响应中解析出数字: 'Let’s break down the problem’s reasoning'
[ERROR] 2025-10-06 22:43:13] (Worker_6) 无法为问题 'In a five-team tournament, each team plays one gam...' 获取难度等级，已跳过。
[WARNING] 2025-10-06 22:43:13] (Worker_4) 未能从模型的响应中解析出数字: 'Let’s think through the reasoning for difficulty assessment'
[ERROR] 2025-10-06 22:43:13] (Worker_4) 无法为问题 'The sum of the following seven numbers is exactly ...' 获取难度等级，已跳过。
[WARNING] 2025-10-06 22:43:13] (Worker_5) 未能从模型的响应中解析出数字: 'Let’s break down the problem’s reasoning'
[ERROR] 2025-10-06 22:43:13] (Worker_5) 无法为问题 'During a recent campaign for office, a candidate m...' 获取难度等级，已跳过。
[WARNING] 2025-10-06 22:43:13] (Worker_9) 未能从模型的响应中解析出数字: 'Let’s break down the problem’s reasoning'
[ERROR] 2025-10-06 22:43:13] (Worker_9) 无法为问题 ' $2014$  points are placed on a circumference. On ...' 获取难度等级，已跳过。
[WARNING] 2025-10-06 22:43:14] (Worker_7) 未能从模型的响应中解析出数字: 'Let’s break down the problem’s reasoning'
[ERROR] 2025-10-06 22:43:14] (Worker_7) 无法为问题 'Let the sequence  $a_{1}, a_{2}, \cdots$  be defin...' 获取难度等级，已跳过。
[WARNING] 2025-10-06 22:43:14] (Worker_1) 未能从模型的响应中解析出数字: 'Let’s break down the problem’s reasoning'
[ERROR] 2025-10-06 22:43:14] (Worker_1) 无法为问题 'Triangle $AB_0C_0$ has side lengths $AB_0 = 12$ , ...' 获取难度等级，已跳过。
[WARNING] 2025-10-06 22:43:14] (Worker_0) 未能从模型的响应中解析出数字: 'Let’s break down the problem’s reasoning'
[ERROR] 2025-10-06 22:43:14] (Worker_0) 无法为问题 'A group of clerks is assigned the task of sorting ...' 获取难度等级，已跳过。
[WARNING] 2025-10-06 22:43:14] (Worker_2) 未能从模型的响应中解析出数字: 'Let’s break down what the problem is asking'
[ERROR] 2025-10-06 22:43:14] (Worker_2) 无法为问题 'Centered at each lattice point in the coordinate p...' 获取难度等级，已跳过。
[WARNING] 2025-10-06 22:43:14] (Worker_8) 未能从模型的响应中解析出数字: 'Let’s break down the problem step by step'
[ERROR] 2025-10-06 22:43:14] (Worker_8) 无法为问题 'Given a circle of radius $\sqrt{13}$ , let $A$ be ...' 获取难度等级，已跳过。
[WARNING] 2025-10-06 22:43:14] (Worker_3) 未能从模型的响应中解析出数字: 'Let’s break down what’s being asked'
[ERROR] 2025-10-06 22:43:14] (Worker_3) 无法为问题 'A sequence of positive integers with $a_1=1$ and $...' 获取难度等级，已跳过。
[WARNING] 2025-10-06 22:43:15] (Worker_6) 未能从模型的响应中解析出数字: 'Let’s break down the problem’s reasoning'
[ERROR] 2025-10-06 22:43:15] (Worker_6) 无法为问题 'The escalator of the department store, which at an...' 获取难度等级，已跳过。
[WARNING] 2025-10-06 22:43:15] (Worker_4) 未能从模型的响应中解析出数字: 'Let’s break down the problem in our minds'
[ERROR] 2025-10-06 22:43:15] (Worker_4) 无法为问题 'Fisica and Ritmo discovered a piece of Notalium sh...' 获取难度等级，已跳过。
[WARNING] 2025-10-06 22:43:16] (Worker_5) 未能从模型的响应中解析出数字: 'Let’s break down the problem’s reasoning'
[ERROR] 2025-10-06 22:43:16] (Worker_5) 无法为问题 'Jenny and Kenny are walking in the same direction,...' 获取难度等级，已跳过。
[WARNING] 2025-10-06 22:43:17] (Worker_7) 未能从模型的响应中解析出数字: 'Let’s break down the problem’s reasoning'
[ERROR] 2025-10-06 22:43:17] (Worker_7) 无法为问题 'Consider the sequence of numbers defined recursive...' 获取难度等级，已跳过。
[WARNING] 2025-10-06 22:43:17] (Worker_3) 未能从模型的响应中解析出数字: 'Let’s break down what’s being asked'
[ERROR] 2025-10-06 22:43:17] (Worker_3) 无法为问题 'Define $n!!$ to be $n(n-2)(n-4)\cdots 3\cdot 1$ fo...' 获取难度等级，已跳过。
[WARNING] 2025-10-06 22:43:17] (Worker_2) 未能从模型的响应中解析出数字: 'Let’s break down the reasoning for difficulty assessment'
[ERROR] 2025-10-06 22:43:17] (Worker_2) 无法为问题 'Let $ABCD$ be a convex quadrilateral with $AB = CD...' 获取难度等级，已跳过。
[WARNING] 2025-10-06 22:43:17] (Worker_0) 未能从模型的响应中解析出数字: 'Let’s break down what’s being asked'
[ERROR] 2025-10-06 22:43:17] (Worker_0) 无法为问题 'Let $p(x,y) = a_0 + a_1x + a_2y + a_3x^2 + a_4xy +...' 获取难度等级，已跳过。
[WARNING] 2025-10-06 22:43:17] (Worker_6) 未能从模型的响应中解析出数字: 'Let’s break down the reasoning process required to'
[ERROR] 2025-10-06 22:43:17] (Worker_6) 无法为问题 'A teacher was leading a class of four perfectly lo...' 获取难度等级，已跳过。
[WARNING] 2025-10-06 22:43:17] (Worker_9) 未能从模型的响应中解析出数字: 'Let’s break down what’s being asked'
[WARNING] 2025-10-06 22:43:17] (Worker_1) 未能从模型的响应中解析出数字: 'Let’s break down the problem.

We have'
[ERROR] 2025-10-06 22:43:17] (Worker_9) 无法为问题 'Equilateral triangle $\triangle ABC$ is inscribed ...' 获取难度等级，已跳过。
[ERROR] 2025-10-06 22:43:17] (Worker_1) 无法为问题 'Positive integers  $ a$ ,  $ b$ , and  $ c$  are c...' 获取难度等级，已跳过。
[WARNING] 2025-10-06 22:43:17] (Worker_8) 未能从模型的响应中解析出数字: 'Let’s think through the reasoning for the difficulty'
[ERROR] 2025-10-06 22:43:17] (Worker_8) 无法为问题 'Define a sequence recursively by $t_1 = 20$ , $t_2...' 获取难度等级，已跳过。
[WARNING] 2025-10-06 22:43:17] (Worker_4) 未能从模型的响应中解析出数字: 'Let’s break down what the problem is asking'
[ERROR] 2025-10-06 22:43:17] (Worker_4) 无法为问题 'The sum of the areas of all triangles whose vertic...' 获取难度等级，已跳过。
[WARNING] 2025-10-06 22:43:18] (Worker_5) 未能从模型的响应中解析出数字: 'Let’s break down what’s being asked'
[ERROR] 2025-10-06 22:43:18] (Worker_5) 无法为问题 'Let $S$ be a set with six elements . Let $\mathcal...' 获取难度等级，已跳过。
[WARNING] 2025-10-06 22:43:18] (Worker_6) 未能从模型的响应中解析出数字: 'Let’s break down the problem.

We are'
[ERROR] 2025-10-06 22:43:18] (Worker_6) 无法为问题 'Let $s(n)$ denote the sum of the digits (in base t...' 获取难度等级，已跳过。
[WARNING] 2025-10-06 22:43:18] (Worker_7) 未能从模型的响应中解析出数字: 'Let’s break down the problem’s nature'
[ERROR] 2025-10-06 22:43:18] (Worker_7) 无法为问题 'Let $EFGH$ , $EFDC$ , and $EHBC$ be three adjacent...' 获取难度等级，已跳过。
[WARNING] 2025-10-06 22:43:19] (Worker_8) 未能从模型的响应中解析出数字: 'Let’s break down what’s being asked'
[ERROR] 2025-10-06 22:43:19] (Worker_8) 无法为问题 'Let $S_{0}$ be a unit square in the Cartesian plan...' 获取难度等级，已跳过。
[WARNING] 2025-10-06 22:43:19] (Worker_0) 未能从模型的响应中解析出数字: 'Let’s break down the problem’s reasoning'
[ERROR] 2025-10-06 22:43:19] (Worker_0) 无法为问题 'A set $\mathcal{S}$ of distinct positive integers ...' 获取难度等级，已跳过。
[WARNING] 2025-10-06 22:43:19] (Worker_1) 未能从模型的响应中解析出数字: 'Let’s break down the problem in my mind'
[ERROR] 2025-10-06 22:43:19] (Worker_1) 无法为问题 'Given are the points  $A_0 = (0,0,0), A_1 = (1,0,0...' 获取难度等级，已跳过。
[WARNING] 2025-10-06 22:43:19] (Worker_9) 未能从模型的响应中解析出数字: 'Let’s break down what the problem is asking'
[ERROR] 2025-10-06 22:43:19] (Worker_9) 无法为问题 'For each positive integer  $n$ , define \[g(n) = \...' 获取难度等级，已跳过。
[WARNING] 2025-10-06 22:43:19] (Worker_3) 未能从模型的响应中解析出数字: 'Let’s break down the problem quickly in my'
[ERROR] 2025-10-06 22:43:19] (Worker_3) 无法为问题 'Jane is 25 years old. Dick is older than Jane. In ...' 获取难度等级，已跳过。
[WARNING] 2025-10-06 22:43:19] (Worker_2) 未能从模型的响应中解析出数字: 'Let’s break down what’s going on'
[ERROR] 2025-10-06 22:43:19] (Worker_2) 无法为问题 'David found four sticks of different lengths that ...' 获取难度等级，已跳过。
[INFO] 2025-10-06 22:43:20] (MainThread) 处理完成！更新后的 1000 条数据已成功保存回 'D:\JIAYU\Documents\GitHub\Efficient-collaboration\dataset\TestData\s1k1_data.json'。
[INFO] 2025-10-06 22:43:20] (MainThread) ===== 生成难度分布报告 =====
[INFO] 2025-10-06 22:43:20] (MainThread) ===== 脚本执行完毕 =====
