[INFO] 2025-10-06 22:47:07] (MainThread) ===== 开始执行问题难度评估脚本 =====
[INFO] 2025-10-06 22:47:08] (MainThread) 成功从 'D:\JIAYU\Documents\GitHub\Efficient-collaboration\dataset\TestData\gpqa.json' 加载 448 条数据。
[INFO] 2025-10-06 22:47:08] (MainThread) 共发现 448 条新数据需要处理。
[INFO] 2025-10-06 22:47:11] (Worker_2) 成功为问题 'trans-cinnamaldehyde was treated with methylmagnes...' 评定难度: 7
[INFO] 2025-10-06 22:47:11] (Worker_6) 成功为问题 'aniline is heated with sulfuric acid, forming prod...' 评定难度: 7
[INFO] 2025-10-06 22:47:11] (Worker_3) 成功为问题 'how many of the following compounds exhibit optica...' 评定难度: 5
[INFO] 2025-10-06 22:47:11] (Worker_9) 成功为问题 'In a cycloaddition reaction, two π systems combine...' 评定难度: 5
[INFO] 2025-10-06 22:47:11] (Worker_8) 成功为问题 'In a parallel universe where a magnet can have an ...' 评定难度: 5
[INFO] 2025-10-06 22:47:11] (Worker_5) 成功为问题 'Consider the following metric:

ds^{2}=\frac{32}{\...' 评定难度: 7
[INFO] 2025-10-06 22:47:11] (Worker_1) 成功为问题 'Two quantum states with energies E1 and E2 have a ...' 评定难度: 7
[INFO] 2025-10-06 22:47:11] (Worker_2) 成功为问题 'To investigate the causes of a complex genetic dis...' 评定难度: 7
[INFO] 2025-10-06 22:47:12] (Worker_7) 成功为问题 'A spin-half particle is in a linear superposition ...' 评定难度: 5
[INFO] 2025-10-06 22:47:12] (Worker_4) 成功为问题 'A coating is applied to a substrate resulting in a...' 评定难度: 5
[INFO] 2025-10-06 22:47:12] (Worker_0) 成功为问题 'A large gene has dozens of exons, of which the cen...' 评定难度: 3
[INFO] 2025-10-06 22:47:13] (Worker_9) 成功为问题 'A quantum mechanical particle of mass m moves in t...' 评定难度: 5
[INFO] 2025-10-06 22:47:13] (Worker_9) 成功为问题 'Let an infinite plate, with conductivity sigma, li...' 评定难度: 5
[INFO] 2025-10-06 22:47:13] (Worker_7) 成功为问题 'When 49 g of KClO3 decomposes, the resulting O2 re...' 评定难度: 5
[INFO] 2025-10-06 22:47:13] (Worker_0) 成功为问题 'Why does the hydroboration reaction between a conj...' 评定难度: 5
[INFO] 2025-10-06 22:47:13] (Worker_4) 成功为问题 'which of the following molecules has c3h symmetry?...' 评定难度: 7
[INFO] 2025-10-06 22:47:13] (Worker_9) 成功为问题 'In the last few decades, reverberation mapping, in...' 评定难度: 5
[INFO] 2025-10-06 22:47:14] (Worker_3) 成功为问题 'Calculate the eigenvector of a quantum mechanical ...' 评定难度: 5
[INFO] 2025-10-06 22:47:14] (Worker_6) 成功为问题 'We would like to dissolve (at 25°С) 0.1 g Fe(OH)3 ...' 评定难度: 7
[INFO] 2025-10-06 22:47:14] (Worker_0) 成功为问题 'Astronomers are studying two binary star systems: ...' 评定难度: 5
[INFO] 2025-10-06 22:47:14] (Worker_9) 成功为问题 '"Scientist aims to analyze 200 nucleotides that ar...' 评定难度: 7
[INFO] 2025-10-06 22:47:14] (Worker_7) 成功为问题 'A coating is applied to a substrate resulting in a...' 评定难度: 7
[INFO] 2025-10-06 22:47:14] (Worker_3) 成功为问题 'In an industrial research lab, a scientist perform...' 评定难度: 7
[INFO] 2025-10-06 22:47:15] (Worker_6) 成功为问题 'A chemist performed a reaction on 2,3-diphenylbuta...' 评定难度: 7
[INFO] 2025-10-06 22:47:15] (Worker_9) 成功为问题 'All the following statements about the molecular b...' 评定难度: 7
[INFO] 2025-10-06 22:47:15] (Worker_0) 成功为问题 'Among the following exoplanets, which one has the ...' 评定难度: 5
[INFO] 2025-10-06 22:47:15] (Worker_7) 成功为问题 'You are interested in studying a rare type of brea...' 评定难度: 7
[INFO] 2025-10-06 22:47:15] (Worker_3) 成功为问题 'Find KE of product particles in,
Pi(+) = mu(+) + n...' 评定难度: 5
[INFO] 2025-10-06 22:47:15] (Worker_3) 成功为问题 'Identify the final product produced when cyclobuty...' 评定难度: 5
[INFO] 2025-10-06 22:47:15] (Worker_7) 成功为问题 'methyl isoamyl ketone is treated with hydrogen per...' 评定难度: 5
[INFO] 2025-10-06 22:47:15] (Worker_9) 成功为问题 'A methanol solution of (R)-(+)-Limonene is stirred...' 评定难度: 6
[INFO] 2025-10-06 22:47:16] (Worker_1) 成功为问题 'The universe is filled with the Cosmic Microwave B...' 评定难度: 7
[INFO] 2025-10-06 22:47:16] (Worker_2) 成功为问题 'You perform a high-throughput experiment on white ...' 评定难度: 5
[INFO] 2025-10-06 22:47:16] (Worker_4) 成功为问题 'The experimental proof for the chromosomal theory ...' 评定难度: 5
[INFO] 2025-10-06 22:47:16] (Worker_6) 成功为问题 'Measuring stellar inclinations is fundamental in b...' 评定难度: 5
[INFO] 2025-10-06 22:47:16] (Worker_5) 成功为问题 'Which of the following statements is a correct phy...' 评定难度: 6
[INFO] 2025-10-06 22:47:16] (Worker_8) 成功为问题 'Scientist 1 is studying linkage maps in Drosophila...' 评定难度: 7
[INFO] 2025-10-06 22:47:16] (Worker_0) 成功为问题 'ChIP-seq on a PFA-fixed sample with an antibody to...' 评定难度: 7
[INFO] 2025-10-06 22:47:16] (Worker_0) 成功为问题 'Which of the following statements about enhancers ...' 评定难度: 7
[INFO] 2025-10-06 22:47:16] (Worker_1) 成功为问题 '"Consider the following compounds:
1: 7,7-difluoro...' 评定难度: 6
[INFO] 2025-10-06 22:47:16] (Worker_6) 成功为问题 'Consider the extension of the Standard Model given...' 评定难度: 7
[INFO] 2025-10-06 22:47:16] (Worker_9) 成功为问题 'How many of the following compounds will exhibit o...' 评定难度: 5
[INFO] 2025-10-06 22:47:16] (Worker_7) 成功为问题 'The majority of stars in our Galaxy form and evolv...' 评定难度: 5
[INFO] 2025-10-06 22:47:16] (Worker_4) 成功为问题 'v-FLIPS are viral proteins that were first identif...' 评定难度: 5
[INFO] 2025-10-06 22:47:16] (Worker_8) 成功为问题 'Two stars (Star_1 and Star_2) each have masses 1.5...' 评定难度: 5
[INFO] 2025-10-06 22:47:16] (Worker_3) 成功为问题 'Researchers are attempting to detect transits of t...' 评定难度: 5
[INFO] 2025-10-06 22:47:17] (Worker_2) 成功为问题 'A paper you are reading about the seesaw mechanism...' 评定难度: 5
[INFO] 2025-10-06 22:47:17] (Worker_5) 成功为问题 'What is the concentration of calcium ions in a sol...' 评定难度: 5
[INFO] 2025-10-06 22:47:17] (Worker_8) 成功为问题 'Calculate the amount of non-Gaussianity(nG) in the...' 评定难度: 7
[INFO] 2025-10-06 22:47:17] (Worker_6) 成功为问题 'The Michael reaction is a chemical process in orga...' 评定难度: 5
[INFO] 2025-10-06 22:47:17] (Worker_4) 成功为问题 'Compounds that have the same molecular formula but...' 评定难度: 7
[INFO] 2025-10-06 22:47:17] (Worker_0) 成功为问题 'The Paranal Observatory is situated in Chile at ap...' 评定难度: 5
[INFO] 2025-10-06 22:47:17] (Worker_7) 成功为问题 'Consider a uniformly charged metallic ring of radi...' 评定难度: 5
[INFO] 2025-10-06 22:47:17] (Worker_3) 成功为问题 'A series of experiments are conducted to unravel t...' 评定难度: 5
[INFO] 2025-10-06 22:47:17] (Worker_1) 成功为问题 'You have prepared a tri-substituted 6-membered aro...' 评定难度: 5
[INFO] 2025-10-06 22:47:17] (Worker_9) 成功为问题 'A common approximation made in many-body nuclear c...' 评定难度: 7
[INFO] 2025-10-06 22:47:17] (Worker_2) 成功为问题 'A student regrets that he fell asleep during a lec...' 评定难度: 5
[INFO] 2025-10-06 22:47:17] (Worker_5) 成功为问题 'In an experiment, a researcher reacted ((2,2-dimet...' 评定难度: 5
[INFO] 2025-10-06 22:47:19] (Worker_0) 成功为问题 'Enya and John are of normal phenotype but they hav...' 评定难度: 6
[INFO] 2025-10-06 22:47:19] (Worker_6) 成功为问题 'Which of the following issues are the most common ...' 评定难度: 7
[INFO] 2025-10-06 22:47:19] (Worker_7) 成功为问题 'You want to cultivate a population of mouse embryo...' 评定难度: 7
[INFO] 2025-10-06 22:47:20] (Worker_8) 成功为问题 'If an equimolar mixture X of two liquids, which de...' 评定难度: 5
[INFO] 2025-10-06 22:47:20] (Worker_1) 成功为问题 'You are studying a nuclear decay which converts tw...' 评定难度: 5
[INFO] 2025-10-06 22:47:20] (Worker_9) 成功为问题 '"Oh, I know you," the ribonucleoprotein particle s...' 评定难度: 7
[INFO] 2025-10-06 22:47:20] (Worker_3) 成功为问题 'Dienes are organic compounds with two adjacent dou...' 评定难度: 7
[INFO] 2025-10-06 22:47:20] (Worker_2) 成功为问题 'A research group is investigating the production o...' 评定难度: 5
[INFO] 2025-10-06 22:47:20] (Worker_5) 成功为问题 'S)-4-hydroxycyclohex-2-en-1-one is treated with te...' 评定难度: 6
[INFO] 2025-10-06 22:47:20] (Worker_4) 成功为问题 'Name reactions in chemistry refer to a specific se...' 评定难度: 6
[INFO] 2025-10-06 22:47:20] (Worker_7) 成功为问题 'A reaction of a liquid organic compound, which mol...' 评定难度: 7
[INFO] 2025-10-06 22:47:21] (Worker_5) 成功为问题 'What is the energy of the Relativistic Heavy Ion C...' 评定难度: 7
[INFO] 2025-10-06 22:47:21] (Worker_2) 成功为问题 'What is the parallax (in milliarcseconds) of a sta...' 评定难度: 5
[INFO] 2025-10-06 22:47:21] (Worker_7) 成功为问题 'There are two spin 1/2 nuclei in a strong magnetic...' 评定难度: 7
[INFO] 2025-10-06 22:47:21] (Worker_4) 成功为问题 'An electron is in the spin state (3i, 4). Find the...' 评定难度: 5
[INFO] 2025-10-06 22:47:21] (Worker_0) 成功为问题 'You have prepared an unknown product with the chem...' 评定难度: 6
[INFO] 2025-10-06 22:47:21] (Worker_8) 成功为问题 'You have an interesting drought-resistant cultivar...' 评定难度: 6
[INFO] 2025-10-06 22:47:21] (Worker_3) 成功为问题 'When 500 mL of PH3 is decomposed the total volume ...' 评定难度: 7
[INFO] 2025-10-06 22:47:22] (Worker_1) 成功为问题 'A textile dye containing an extensively conjugated...' 评定难度: 7
[INFO] 2025-10-06 22:47:22] (Worker_6) 成功为问题 'methyl 2-oxocyclohexane-1-carboxylate is heated in...' 评定难度: 5
[INFO] 2025-10-06 22:47:22] (Worker_9) 成功为问题 'toluene is treated with nitric acid and sulfuric a...' 评定难度: 7
[INFO] 2025-10-06 22:47:22] (Worker_0) 成功为问题 'We mix 20 cm3 0.1 M CH₃COOH with 40 cm3 0.02 M NaO...' 评定难度: 7
[INFO] 2025-10-06 22:47:22] (Worker_3) 成功为问题 'In a quantum dialog protocol a 4-mode continuous v...' 评定难度: 6
[INFO] 2025-10-06 22:47:22] (Worker_8) 成功为问题 'Suppose we have a depolarizing channel operation g...' 评定难度: 7
[INFO] 2025-10-06 22:47:22] (Worker_0) 成功为问题 'Ozonolysis of compound A produces 3-methylcyclopen...' 评定难度: 5
[INFO] 2025-10-06 22:47:22] (Worker_8) 成功为问题 'You have a 10 uL aliquot of a 10 uM DNA template o...' 评定难度: 6
[INFO] 2025-10-06 22:47:22] (Worker_9) 成功为问题 'Arrange given compounds (1. Acetophenone, 2. propa...' 评定难度: 5
[INFO] 2025-10-06 22:47:22] (Worker_6) 成功为问题 '"1,2-Rearrangement reaction in which vicinal diols...' 评定难度: 5
[INFO] 2025-10-06 22:47:22] (Worker_3) 成功为问题 'Consider the Y-component of the intrinsic angular ...' 评定难度: 5
[INFO] 2025-10-06 22:47:23] (Worker_0) 成功为问题 'Observations of structures located at a distance o...' 评定难度: 5
[INFO] 2025-10-06 22:47:23] (Worker_3) 成功为问题 'Which of the following data sets corresponds to an...' 评定难度: 5
[INFO] 2025-10-06 22:47:23] (Worker_1) 成功为问题 'ChIP-seq detected a highly significant binding sig...' 评定难度: 7
[INFO] 2025-10-06 22:47:23] (Worker_7) 成功为问题 'Consider an electromagnetic wave incident on an in...' 评定难度: 5
[INFO] 2025-10-06 22:47:23] (Worker_2) 成功为问题 'Sirius is the brightest star in the sky. The tempe...' 评定难度: 5
[INFO] 2025-10-06 22:47:23] (Worker_5) 成功为问题 'Suppose you are studying a system of three nucleon...' 评定难度: 5
[INFO] 2025-10-06 22:47:23] (Worker_9) 成功为问题 'In autumn, tree leaves get colourful and drop down...' 评定难度: 1
[INFO] 2025-10-06 22:47:23] (Worker_8) 成功为问题 'Identify the number of 13C-NMR signals produced by...' 评定难度: 5
[INFO] 2025-10-06 22:47:23] (Worker_4) 成功为问题 'Identify the EXO product of the following [4+2] cy...' 评定难度: 5
[INFO] 2025-10-06 22:47:23] (Worker_6) 成功为问题 'Substances 1-6 undergo an electrophilic substituti...' 评定难度: 5
[INFO] 2025-10-06 22:47:23] (Worker_0) 成功为问题 'Consider a stack of N optical layers (made of a ma...' 评定难度: 7
[INFO] 2025-10-06 22:47:23] (Worker_3) 成功为问题 'bicyclo[2.2.2]octan-2-one is irradiated with ultra...' 评定难度: 7
[INFO] 2025-10-06 22:47:24] (Worker_0) 成功为问题 'The specific properties of a certain organic subst...' 评定难度: 5
[INFO] 2025-10-06 22:47:24] (Worker_0) 成功为问题 'Astronomers are studying a system of three exoplan...' 评定难度: 7
[INFO] 2025-10-06 22:47:25] (Worker_0) 成功为问题 'A particle of mass m moves in a 1D potential given...' 评定难度: 5
[INFO] 2025-10-06 22:47:25] (Worker_0) 成功为问题 'Two stars are being studied. It has been observed ...' 评定难度: 5
[INFO] 2025-10-06 22:47:26] (Worker_9) 成功为问题 'What is a valid synthesis of 4-azido-1-(3-(tert-bu...' 评定难度: 5
[INFO] 2025-10-06 22:47:26] (Worker_7) 成功为问题 'In the alkylation reaction of benzene with ethylen...' 评定难度: 5
[INFO] 2025-10-06 22:47:26] (Worker_6) 成功为问题 'Researchers are attempting to detect the spectrosc...' 评定难度: 7
[INFO] 2025-10-06 22:47:26] (Worker_3) 成功为问题 'A light beam is propagating through a glass with i...' 评定难度: 7
[INFO] 2025-10-06 22:47:26] (Worker_5) 成功为问题 'Enamine reactions include nucleophilic substitutio...' 评定难度: 5
[INFO] 2025-10-06 22:47:26] (Worker_1) 成功为问题 'The water and oil contact angles on a smooth clean...' 评定难度: 5
[INFO] 2025-10-06 22:47:27] (Worker_9) 成功为问题 'A eukaryotic cell evolved a mechanism to turn macr...' 评定难度: 7
[INFO] 2025-10-06 22:47:27] (Worker_5) 成功为问题 'Identify the compound C9H11NO2 using the given dat...' 评定难度: 5
[INFO] 2025-10-06 22:47:27] (Worker_6) 成功为问题 'Racemic 3-methylpent-1-ene is treated with Grubbs ...' 评定难度: 7
[INFO] 2025-10-06 22:47:27] (Worker_7) 成功为问题 'Four identical spin-1/2 particles are placed in a ...' 评定难度: 5
[INFO] 2025-10-06 22:47:27] (Worker_4) 成功为问题 'Your overhear two chemists talking to each other a...' 评定难度: 1
[INFO] 2025-10-06 22:47:27] (Worker_2) 成功为问题 'A molecule consists of three atoms with spin ½ eac...' 评定难度: 5
[INFO] 2025-10-06 22:47:27] (Worker_8) 成功为问题 'We have a large ensemble of 10.000 (ten thousand) ...' 评定难度: 5
[INFO] 2025-10-06 22:47:28] (Worker_0) 成功为问题 'A benzene ring has a carboxylic acid a carbaldehyd...' 评定难度: 5
[INFO] 2025-10-06 22:47:28] (Worker_3) 成功为问题 'The SN2 reaction in organic chemistry involves a n...' 评定难度: 5
[INFO] 2025-10-06 22:47:28] (Worker_9) 成功为问题 'cyclohexanone was treated with bromine, forming pr...' 评定难度: 7
[INFO] 2025-10-06 22:47:28] (Worker_6) 成功为问题 'A Ph.D. student conducts experimental work on the ...' 评定难度: 7
[INFO] 2025-10-06 22:47:28] (Worker_1) 成功为问题 'Grover iterator is a quantum gate that amplifies t...' 评定难度: 5
[INFO] 2025-10-06 22:47:28] (Worker_5) 成功为问题 'If uncertainty in space of electron's location, wh...' 评定难度: 7
[INFO] 2025-10-06 22:47:28] (Worker_7) 成功为问题 'You would like to use PCR to amplify the following...' 评定难度: 7
[INFO] 2025-10-06 22:47:28] (Worker_4) 成功为问题 'You are told that an interaction term in your nucl...' 评定难度: 7
[INFO] 2025-10-06 22:47:28] (Worker_2) 成功为问题 'Activity of a material containing pure Caesium-137...' 评定难度: 7
[INFO] 2025-10-06 22:47:28] (Worker_8) 成功为问题 'Given a 60% w/v dibasic strong acid (MW : 120 g/mo...' 评定难度: 5
[INFO] 2025-10-06 22:47:29] (Worker_2) 成功为问题 'You have prepared a di-substituted 6-membered arom...' 评定难度: 5
[INFO] 2025-10-06 22:47:29] (Worker_8) 成功为问题 'Determine the starting material needed to synthesi...' 评定难度: 5
[INFO] 2025-10-06 22:47:29] (Worker_7) 成功为问题 'methylcyclopentadiene (which exists as a fluxional...' 评定难度: 5
[INFO] 2025-10-06 22:47:29] (Worker_0) 成功为问题 'Sigmatropic rearrangement is a class of pericyclic...' 评定难度: 7
[INFO] 2025-10-06 22:47:29] (Worker_1) 成功为问题 'In a Tn5-based Hi-C protocol performed by an exper...' 评定难度: 7
[INFO] 2025-10-06 22:47:29] (Worker_3) 成功为问题 'You are studying the patterns of inheritance betwe...' 评定难度: 5
[INFO] 2025-10-06 22:47:29] (Worker_6) 成功为问题 'Your colleague has devised a new quantum field the...' 评定难度: 5
[INFO] 2025-10-06 22:47:29] (Worker_5) 成功为问题 'If a charge q is placed d distance away from the c...' 评定难度: 5
[INFO] 2025-10-06 22:47:29] (Worker_9) 成功为问题 'Hi-C analysis based on 50M cells has revealed a hi...' 评定难度: 7
[INFO] 2025-10-06 22:47:29] (Worker_4) 成功为问题 'Astronomers are studying a star with a 1.5 solar r...' 评定难度: 7
[INFO] 2025-10-06 22:47:30] (Worker_0) 成功为问题 'You have prepared an unknown organic compound. The...' 评定难度: 5
[INFO] 2025-10-06 22:47:30] (Worker_5) 成功为问题 'A particle can exist between an outer and an inner...' 评定难度: 7
[INFO] 2025-10-06 22:47:30] (Worker_9) 成功为问题 'Consider an oscillating charge distribution, which...' 评定难度: 5
[INFO] 2025-10-06 22:47:30] (Worker_4) 成功为问题 'Given the measured phase shifts $\delta_o=90^o, \d...' 评定难度: 5
[INFO] 2025-10-06 22:47:30] (Worker_1) 成功为问题 'The |3,0,0\rangle state in the standard notation |...' 评定难度: 7
[INFO] 2025-10-06 22:47:30] (Worker_6) 成功为问题 'Which of the following products is formed when 3-i...' 评定难度: 5
[INFO] 2025-10-06 22:47:30] (Worker_2) 成功为问题 'An atomic nucleus of mass M is at rest with rest-m...' 评定难度: 7
[INFO] 2025-10-06 22:47:30] (Worker_8) 成功为问题 'Which of the following sequences is correctly orde...' 评定难度: 5
[INFO] 2025-10-06 22:47:31] (Worker_7) 成功为问题 'Write down the major products for the following re...' 评定难度: 6
[INFO] 2025-10-06 22:47:31] (Worker_3) 成功为问题 'A scientist injected Cas9 messenger RNA, a guide R...' 评定难度: 5
[INFO] 2025-10-06 22:47:31] (Worker_8) 成功为问题 'An intelligent civilization in the Large Magellani...' 评定难度: 5
[INFO] 2025-10-06 22:47:31] (Worker_9) 成功为问题 'A Ph.D. student conducts experimental work on the ...' 评定难度: 6
[INFO] 2025-10-06 22:47:31] (Worker_1) 成功为问题 'Identify the missing reagents in the following rea...' 评定难度: 5
[INFO] 2025-10-06 22:47:31] (Worker_7) 成功为问题 'benzene is treated with HNO3 and H2SO4, forming pr...' 评定难度: 7
[INFO] 2025-10-06 22:47:31] (Worker_3) 成功为问题 'Identify the correct sequence of reagents to synth...' 评定难度: 7
[INFO] 2025-10-06 22:47:31] (Worker_1) 成功为问题 'You have prepared an unknown alkane compound. You ...' 评定难度: 5
[INFO] 2025-10-06 22:47:31] (Worker_5) 成功为问题 'Determine the pH of the solution of 500 mL of 0.1 ...' 评定难度: 7
[INFO] 2025-10-06 22:47:32] (Worker_0) 成功为问题 'Which of the following physical theories never req...' 评定难度: 7
[INFO] 2025-10-06 22:47:32] (Worker_2) 成功为问题 'Chemical compound A is formed by a metal and a non...' 评定难度: 5
[INFO] 2025-10-06 22:47:32] (Worker_8) 成功为问题 'Which of the following four-body processes cannot ...' 评定难度: 5
[INFO] 2025-10-06 22:47:32] (Worker_6) 成功为问题 'Two accessions of Arabidopsis thaliana have differ...' 评定难度: 5
[INFO] 2025-10-06 22:47:32] (Worker_9) 成功为问题 'Cas9 nuclease and the restriction enzyme EcoRI are...' 评定难度: 7
[INFO] 2025-10-06 22:47:32] (Worker_4) 成功为问题 'Suppose you have two point particles, each of the ...' 评定难度: 7
[INFO] 2025-10-06 22:47:32] (Worker_7) 成功为问题 'Let there be a diatomic molecule, with elements X ...' 评定难度: 7
[INFO] 2025-10-06 22:47:32] (Worker_3) 成功为问题 'A group of physics students is wondering what can ...' 评定难度: 7
[INFO] 2025-10-06 22:47:32] (Worker_4) 成功为问题 'We have a solution (at 25°C) containing Fe(III) an...' 评定难度: 7
[INFO] 2025-10-06 22:47:32] (Worker_0) 成功为问题 'The state of a system at time t is given by the co...' 评定难度: 7
[INFO] 2025-10-06 22:47:32] (Worker_8) 成功为问题 'Complete the following reaction by considering all...' 评定难度: 7
[INFO] 2025-10-06 22:47:32] (Worker_9) 成功为问题 'You have been given the task of determining the ef...' 评定难度: 7
[INFO] 2025-10-06 22:47:32] (Worker_1) 成功为问题 'An equimolar mixture of salts A and B weighing 7.2...' 评定难度: 5
[INFO] 2025-10-06 22:47:32] (Worker_3) 成功为问题 'For multi-Higgs-doublet models, do the Breit-Weign...' 评定难度: 7
[INFO] 2025-10-06 22:47:32] (Worker_5) 成功为问题 'By considering different factors like heat, acidic...' 评定难度: 7
[INFO] 2025-10-06 22:47:32] (Worker_6) 成功为问题 'Consider two electrons are in p orbital angular mo...' 评定难度: 5
[INFO] 2025-10-06 22:47:32] (Worker_2) 成功为问题 'Which of the following symmetries must be respecte...' 评定难度: 7
[INFO] 2025-10-06 22:47:32] (Worker_7) 成功为问题 'There is a spin 1/2 particle with magnetic moment ...' 评定难度: 5
[INFO] 2025-10-06 22:47:33] (Worker_0) 成功为问题 'Consider a Fermi gas of N relativistic electrons, ...' 评定难度: 5
[INFO] 2025-10-06 22:47:33] (Worker_5) 成功为问题 'The Proca equation is given by

\partial_{\mu}F^{\...' 评定难度: 7
[INFO] 2025-10-06 22:47:33] (Worker_3) 成功为问题 'reaction of solid A with 8 equivalents of gas B fo...' 评定难度: 7
[INFO] 2025-10-06 22:47:33] (Worker_6) 成功为问题 'The spectrum of star A, plotted as a function of e...' 评定难度: 5
[INFO] 2025-10-06 22:47:33] (Worker_7) 成功为问题 'A transiting planet candidate has been detected th...' 评定难度: 5
[INFO] 2025-10-06 22:47:33] (Worker_2) 成功为问题 'Astronomers are studying a system of five exoplane...' 评定难度: 5
[INFO] 2025-10-06 22:47:33] (Worker_1) 成功为问题 'Which of these conditions is associated with an op...' 评定难度: 7
[INFO] 2025-10-06 22:47:33] (Worker_0) 成功为问题 'Astronomers are interested in the luminosities of ...' 评定难度: 7
[INFO] 2025-10-06 22:47:33] (Worker_0) 成功为问题 'We want to observe a decay of a single atom (atomi...' 评定难度: 5
[INFO] 2025-10-06 22:47:33] (Worker_6) 成功为问题 'The study of quantum mechanics deals with a lot of...' 评定难度: 7
[INFO] 2025-10-06 22:47:33] (Worker_5) 成功为问题 'Given the following Lagrangian

\mathcal{L}_{int}=...' 评定难度: 5
[INFO] 2025-10-06 22:47:33] (Worker_7) 成功为问题 'Consider two systems of binary black holes at dist...' 评定难度: 5
[INFO] 2025-10-06 22:47:33] (Worker_3) 成功为问题 '7-(tert-butoxy)bicyclo[2.2.1]hepta-2,5-diene is co...' 评定难度: 7
[INFO] 2025-10-06 22:47:33] (Worker_2) 成功为问题 'Determine which set of states mentioned below are ...' 评定难度: 7
[INFO] 2025-10-06 22:47:33] (Worker_1) 成功为问题 'Two astronauts of masses 2m and 3m travel at relat...' 评定难度: 5
[INFO] 2025-10-06 22:47:34] (Worker_9) 成功为问题 'Arrange the following carbocations in decreasing o...' 评定难度: 5
[INFO] 2025-10-06 22:47:34] (Worker_1) 成功为问题 'An electron is at rest (not moving). A relativisti...' 评定难度: 7
[INFO] 2025-10-06 22:47:34] (Worker_8) 成功为问题 'Identify the final product D in the following seri...' 评定难度: 5
[INFO] 2025-10-06 22:47:34] (Worker_4) 成功为问题 'In the CERN Bubble Chamber a decay occurs, $X^{0}\...' 评定难度: 5
[INFO] 2025-10-06 22:47:35] (Worker_1) 成功为问题 'Quasar A with a bolometric flux of 10^-25 W/m^2 is...' 评定难度: 5
[INFO] 2025-10-06 22:47:35] (Worker_4) 成功为问题 'The state $|\psi (t)>$ of a system at time t is gi...' 评定难度: 5
[INFO] 2025-10-06 22:47:35] (Worker_9) 成功为问题 'You want to study the role of the GADD45G protein ...' 评定难度: 5
[INFO] 2025-10-06 22:47:35] (Worker_3) 成功为问题 'Consider this quantum state 

$\left|\psi\right\ra...' 评定难度: 5
[INFO] 2025-10-06 22:47:35] (Worker_8) 成功为问题 'You want to create a mouse embryonic chimera with ...' 评定难度: 5
[INFO] 2025-10-06 22:47:35] (Worker_6) 成功为问题 'Hexa-1,5-diyene is coupled in the presence of cupr...' 评定难度: 5
[INFO] 2025-10-06 22:47:35] (Worker_5) 成功为问题 'In a gas-tight vessel, a mixture of gases A, B and...' 评定难度: 7
[INFO] 2025-10-06 22:47:37] (Worker_8) 成功为问题 '9-fluorenone and 2 equivalents of selectfluor were...' 评定难度: 5
[INFO] 2025-10-06 22:47:37] (Worker_6) 成功为问题 'A planet with a mass equivalent to that of two Ear...' 评定难度: 7
[INFO] 2025-10-06 22:47:37] (Worker_5) 成功为问题 'Astronomers are currently observing a circumbinary...' 评定难度: 5
[INFO] 2025-10-06 22:47:37] (Worker_3) 成功为问题 'Consider an isolated system of 13 identical partic...' 评定难度: 5
[INFO] 2025-10-06 22:47:37] (Worker_2) 成功为问题 'A scientist tries to uncover a downstream pathway ...' 评定难度: 7
[INFO] 2025-10-06 22:47:37] (Worker_4) 成功为问题 'There is a C-NOT gate where the condition is that ...' 评定难度: 5
[INFO] 2025-10-06 22:47:37] (Worker_7) 成功为问题 'm-toluidine and hexane-2,4-dione are heated in the...' 评定难度: 5
[INFO] 2025-10-06 22:47:37] (Worker_0) 成功为问题 'A spin-half particle is in a mixed ensemble. The s...' 评定难度: 5
[INFO] 2025-10-06 22:47:38] (Worker_2) 成功为问题 'You come across an algorithm that gives the follow...' 评定难度: 7
[INFO] 2025-10-06 22:47:38] (Worker_0) 成功为问题 'Patient X is diagnosed of moderate anemia and plac...' 评定难度: 7
[INFO] 2025-10-06 22:47:38] (Worker_3) 成功为问题 'In an experiment, compound X (C11H12O) was subject...' 评定难度: 7
[INFO] 2025-10-06 22:47:38] (Worker_4) 成功为问题 'Identify the correct sequence of reagents for the ...' 评定难度: 3
[INFO] 2025-10-06 22:47:38] (Worker_6) 成功为问题 'Imagine a point charge q is moving with a trajecto...' 评定难度: 7
[INFO] 2025-10-06 22:47:38] (Worker_5) 成功为问题 'Very large number of neutrinos produced by the Sun...' 评定难度: 7
[INFO] 2025-10-06 22:47:38] (Worker_8) 成功为问题 'Performing observations at the La Silla Observator...' 评定难度: 5
[INFO] 2025-10-06 22:47:38] (Worker_9) 成功为问题 '"Scientist aims to detect Severe acute respiratory...' 评定难度: 5
[INFO] 2025-10-06 22:47:38] (Worker_7) 成功为问题 'Astronomers are searching for exoplanets around tw...' 评定难度: 7
[INFO] 2025-10-06 22:47:38] (Worker_3) 成功为问题 'Reactant A (C10H9ClO) shows a single negative peak...' 评定难度: 7
[INFO] 2025-10-06 22:47:38] (Worker_7) 成功为问题 'What is the index of hydrogen deficiency of the pr...' 评定难度: 7
[INFO] 2025-10-06 22:47:38] (Worker_9) 成功为问题 'The potential vector \vec{A} created by the magnet...' 评定难度: 5
[INFO] 2025-10-06 22:47:39] (Worker_2) 成功为问题 'The Mott-Gurney equation describes the dark curren...' 评定难度: 5
[INFO] 2025-10-06 22:47:39] (Worker_8) 成功为问题 'You have prepared a di-substituted 6-membered arom...' 评定难度: 5
[INFO] 2025-10-06 22:47:39] (Worker_0) 成功为问题 'methyl (E)-but-2-enoate is treated with quinuclidi...' 评定难度: 5
[INFO] 2025-10-06 22:47:39] (Worker_4) 成功为问题 'cyclooctatetraene was heated with maleic anhydride...' 评定难度: 7
[INFO] 2025-10-06 22:47:39] (Worker_6) 成功为问题 'We dilute 20.00 cm3 0.05 M acetic acid with 20.00 ...' 评定难度: 5
[INFO] 2025-10-06 22:47:39] (Worker_5) 成功为问题 'A researcher observes at his laboratory that a muo...' 评定难度: 5
[INFO] 2025-10-06 22:47:39] (Worker_9) 成功为问题 'A chemist performed two reactions by taking two un...' 评定难度: 6
[INFO] 2025-10-06 22:47:39] (Worker_3) 成功为问题 'While solving higher dimensional heat equations su...' 评定难度: 3
[INFO] 2025-10-06 22:47:39] (Worker_1) 成功为问题 'The Cope rearrangement is a chemical reaction wher...' 评定难度: 6
[INFO] 2025-10-06 22:47:39] (Worker_7) 成功为问题 'Two planets have been detected orbiting a star usi...' 评定难度: 5
[INFO] 2025-10-06 22:47:39] (Worker_8) 成功为问题 'Let a pendulum consist of an object hanging from a...' 评定难度: 7
[INFO] 2025-10-06 22:47:39] (Worker_4) 成功为问题 'Consider we have 4 particles produced each 1e-5` i...' 评定难度: 5
[INFO] 2025-10-06 22:47:39] (Worker_2) 成功为问题 'Which sequence of reactions from the following opt...' 评定难度: 3
[INFO] 2025-10-06 22:47:39] (Worker_6) 成功为问题 'You have prepared a di-substituted 6-membered arom...' 评定难度: 5
[INFO] 2025-10-06 22:47:39] (Worker_0) 成功为问题 'Which one of the following is a correct expression...' 评定难度: 5
[INFO] 2025-10-06 22:47:39] (Worker_5) 成功为问题 'On sequencing the genome of a new fungal species, ...' 评定难度: 5
[INFO] 2025-10-06 22:47:40] (Worker_5) 成功为问题 '"Scientist aims to run quantitative polymerase cha...' 评定难度: 6
[INFO] 2025-10-06 22:47:40] (Worker_4) 成功为问题 'Determine the product obtained when 3,4-dimethylhe...' 评定难度: 6
[INFO] 2025-10-06 22:47:40] (Worker_7) 成功为问题 'Stars in our galaxy have different compositions. W...' 评定难度: 5
[INFO] 2025-10-06 22:47:40] (Worker_6) 成功为问题 'A meta-substituted benzoic acid reacts with a mild...' 评定难度: 5
[INFO] 2025-10-06 22:47:40] (Worker_8) 成功为问题 'Identify the starting material X in the following ...' 评定难度: 5
[INFO] 2025-10-06 22:47:41] (Worker_7) 成功为问题 'Identify the starting material(s) required to synt...' 评定难度: 7
[INFO] 2025-10-06 22:47:41] (Worker_5) 成功为问题 '"Microbiologist inoculated a lawn culture of Klebs...' 评定难度: 5
[INFO] 2025-10-06 22:47:41] (Worker_6) 成功为问题 '3,3,6-trimethylhepta-1,5-dien-4-one is treated wit...' 评定难度: 6
[INFO] 2025-10-06 22:47:41] (Worker_8) 成功为问题 'The angular size of the event horizon of a superma...' 评定难度: 7
[INFO] 2025-10-06 22:47:41] (Worker_4) 成功为问题 'Potassium Hydrogen Tartrate is quite insoluble in ...' 评定难度: 7
[INFO] 2025-10-06 22:47:41] (Worker_6) 成功为问题 'Identify the starting material, A, in the followin...' 评定难度: 5
[INFO] 2025-10-06 22:47:41] (Worker_4) 成功为问题 'You have prepared an unknown compound. To identify...' 评定难度: 5
[INFO] 2025-10-06 22:47:41] (Worker_7) 成功为问题 'A research chemist specializing in organic chemist...' 评定难度: 7
[INFO] 2025-10-06 22:47:41] (Worker_2) 成功为问题 'cyclohexanone is treated with LDA at low temperatu...' 评定难度: 5
[INFO] 2025-10-06 22:47:41] (Worker_9) 成功为问题 'You tag the inner capsid proteins of rotavirus wit...' 评定难度: 6
[INFO] 2025-10-06 22:47:41] (Worker_5) 成功为问题 'In gametogenesis, the germline undergoes two cycle...' 评定难度: 5
[INFO] 2025-10-06 22:47:41] (Worker_8) 成功为问题 'Consider a system with Hamiltonian operator $H = \...' 评定难度: 7
[INFO] 2025-10-06 22:47:41] (Worker_0) 成功为问题 'Calculate the enthalpy of formation of (CH3)2C=CH-...' 评定难度: 5
[INFO] 2025-10-06 22:47:41] (Worker_3) 成功为问题 '1,3-dibromoadamantane is heated to 240C with an ex...' 评定难度: 5
[INFO] 2025-10-06 22:47:41] (Worker_1) 成功为问题 'The state $\psi$ of a system is given in terms of ...' 评定难度: 5
[INFO] 2025-10-06 22:47:42] (Worker_1) 成功为问题 'How many of the stars listed below would be detect...' 评定难度: 5
[INFO] 2025-10-06 22:47:42] (Worker_8) 成功为问题 'You decided to do radioisotopic labeling for your ...' 评定难度: 5
[INFO] 2025-10-06 22:47:42] (Worker_2) 成功为问题 'In order to calculate the necessary beam to produc...' 评定难度: 7
[INFO] 2025-10-06 22:47:42] (Worker_4) 成功为问题 'Identify the possible product when (1S,4R)-2-vinyl...' 评定难度: 7
[INFO] 2025-10-06 22:47:44] (Worker_1) 成功为问题 'You identified a new ligand-receptor pair initiall...' 评定难度: 6
[INFO] 2025-10-06 22:47:44] (Worker_2) 成功为问题 'Which sequence of reactions from the following opt...' 评定难度: 7
[INFO] 2025-10-06 22:47:44] (Worker_4) 成功为问题 'Diamond and graphite are present in the same magma...' 评定难度: 7
[INFO] 2025-10-06 22:47:44] (Worker_8) 成功为问题 'In an experiment, a group of students heated 10 g ...' 评定难度: 5
[INFO] 2025-10-06 22:47:45] (Worker_9) 成功为问题 'Read the following passage on Wnt3a signaling path...' 评定难度: 5
[INFO] 2025-10-06 22:47:45] (Worker_5) 成功为问题 'Identify the theoretical 1H-NMR data for the final...' 评定难度: 5
[INFO] 2025-10-06 22:47:45] (Worker_6) 成功为问题 'Compound A (C3H6) undergoes bromination in the pre...' 评定难度: 6
[INFO] 2025-10-06 22:47:45] (Worker_3) 成功为问题 'A student performed an acid-catalyzed reaction of ...' 评定难度: 5
[INFO] 2025-10-06 22:47:45] (Worker_8) 成功为问题 'Astronomers are searching for exoplanets around tw...' 评定难度: 5
[INFO] 2025-10-06 22:47:45] (Worker_4) 成功为问题 'Which of these statements about DNA methylation in...' 评定难度: 7
[INFO] 2025-10-06 22:47:45] (Worker_1) 成功为问题 'Anthracene and dimethyl acetylenedicarboxylate wer...' 评定难度: 7
[INFO] 2025-10-06 22:47:45] (Worker_2) 成功为问题 'Suppose AGNs emitted all their energy output in th...' 评定难度: 5
[INFO] 2025-10-06 22:47:45] (Worker_7) 成功为问题 'Propionaldehyde and butyraldehyde were heated in t...' 评定难度: 5
[INFO] 2025-10-06 22:47:45] (Worker_0) 成功为问题 'Identify the final product, H, in the following se...' 评定难度: 5
[INFO] 2025-10-06 22:47:46] (Worker_9) 成功为问题 'While studying a yeast protein X, a molecular biol...' 评定难度: 6
[INFO] 2025-10-06 22:47:46] (Worker_5) 成功为问题 'Which of the SM gauge groups can be approximated b...' 评定难度: 5
[INFO] 2025-10-06 22:47:46] (Worker_4) 成功为问题 'The reaction between cyclohexanone and piperidine ...' 评定难度: 7
[INFO] 2025-10-06 22:47:46] (Worker_3) 成功为问题 'Using the molecular formula and 1H NMR data of com...' 评定难度: 7
[INFO] 2025-10-06 22:47:46] (Worker_0) 成功为问题 'Some plants lack chlorophyll as they have evolved ...' 评定难度: 5
[INFO] 2025-10-06 22:47:46] (Worker_7) 成功为问题 'Consider a rhombohedral crystal, with the interato...' 评定难度: 5
[INFO] 2025-10-06 22:47:46] (Worker_6) 成功为问题 'You have created a therapeutic mRNA molecule that ...' 评定难度: 5
[INFO] 2025-10-06 22:47:46] (Worker_2) 成功为问题 'Imagine a situation where a novel natural molecule...' 评定难度: 7
[INFO] 2025-10-06 22:47:46] (Worker_8) 成功为问题 'Astronomers are currently observing a star with a ...' 评定难度: 5
[INFO] 2025-10-06 22:47:46] (Worker_1) 成功为问题 'A collimated beam emerges from an analyzing spectr...' 评定难度: 5
[INFO] 2025-10-06 22:47:46] (Worker_0) 成功为问题 'Which of the following stars or stellar systems wi...' 评定难度: 5
[INFO] 2025-10-06 22:47:46] (Worker_7) 成功为问题 'Microgravity during space flights is an unusual st...' 评定难度: 5
[INFO] 2025-10-06 22:47:46] (Worker_9) 成功为问题 '7-(3-bromopropyl)bicyclo[3.2.0]heptan-6-one is hea...' 评定难度: 5
[INFO] 2025-10-06 22:47:46] (Worker_3) 成功为问题 'Which of the following (effective) particles is no...' 评定难度: 5
[INFO] 2025-10-06 22:47:46] (Worker_5) 成功为问题 'Protein Kinase C (PKC) activation plays a critical...' 评定难度: 5
[INFO] 2025-10-06 22:47:46] (Worker_4) 成功为问题 'Which of the following stars rotates the fastest w...' 评定难度: 7
[INFO] 2025-10-06 22:47:47] (Worker_6) 成功为问题 'For a magnetic field \vec{B}, parallel to Oz, with...' 评定难度: 7
[INFO] 2025-10-06 22:47:47] (Worker_2) 成功为问题 'Consider a bound system of two nucleons (NN) in a ...' 评定难度: 5
[INFO] 2025-10-06 22:47:47] (Worker_8) 成功为问题 'Which of the following stars can be detected with ...' 评定难度: 5
[INFO] 2025-10-06 22:47:47] (Worker_1) 成功为问题 'Consider a two-level system (transition frequency ...' 评定难度: 5
[INFO] 2025-10-06 22:47:47] (Worker_3) 成功为问题 'You have prepared an unknown compound. To identify...' 评定难度: 5
[INFO] 2025-10-06 22:47:47] (Worker_4) 成功为问题 'Satellites in low Earth orbit have detect thousand...' 评定难度: 5
[INFO] 2025-10-06 22:47:47] (Worker_5) 成功为问题 'Three planets are orbiting the same star, each wit...' 评定难度: 5
[INFO] 2025-10-06 22:47:47] (Worker_7) 成功为问题 'Complete the following reactions and select the ma...' 评定难度: 6
[INFO] 2025-10-06 22:47:47] (Worker_9) 成功为问题 'Let |alpha> be the state describing an electron, s...' 评定难度: 7
[INFO] 2025-10-06 22:47:47] (Worker_0) 成功为问题 'Non-relativistic particles of mass m1, coming from...' 评定难度: 5
[INFO] 2025-10-06 22:47:47] (Worker_2) 成功为问题 '"Scientist aims to detect two genes using multiple...' 评定难度: 5
[INFO] 2025-10-06 22:47:47] (Worker_6) 成功为问题 'What is the amount of non-Gaussianity(nG) for a 2-...' 评定难度: 1
[INFO] 2025-10-06 22:47:50] (Worker_8) 成功为问题 'The chromatin is packaged inside the nucleus in we...' 评定难度: 5
[INFO] 2025-10-06 22:47:50] (Worker_6) 成功为问题 'Compound A shows two signals in the proton NMR, a ...' 评定难度: 7
[INFO] 2025-10-06 22:47:50] (Worker_7) 成功为问题 'Select the suitable reagents for the following men...' 评定难度: 7
[INFO] 2025-10-06 22:47:50] (Worker_4) 成功为问题 'The procedure of the development of therapeutic dr...' 评定难度: 3
[INFO] 2025-10-06 22:47:50] (Worker_1) 成功为问题 'You are reading something that appears to be in a ...' 评定难度: 5
[INFO] 2025-10-06 22:47:50] (Worker_3) 成功为问题 'Suppose we have a quantum operation E(\rho). It is...' 评定难度: 3
[INFO] 2025-10-06 22:47:50] (Worker_0) 成功为问题 'The reaction of an electron pair donor, nucleophil...' 评定难度: 5
[INFO] 2025-10-06 22:47:50] (Worker_0) 成功为问题 'Three spins S1, S2 and S3 in an isolated two-dimen...' 评定难度: 7
[INFO] 2025-10-06 22:47:50] (Worker_3) 成功为问题 'Identify product D in the following series of reac...' 评定难度: 7
[INFO] 2025-10-06 22:47:51] (Worker_2) 成功为问题 'We dissolve stochiometric AgCl in an ammonia solut...' 评定难度: 5
[INFO] 2025-10-06 22:47:51] (Worker_5) 成功为问题 'Consider an electron fixed at the origin, and a ma...' 评定难度: 5
[INFO] 2025-10-06 22:47:51] (Worker_9) 成功为问题 'An electron is moving along the horizontal axis fr...' 评定难度: 7
[INFO] 2025-10-06 22:47:51] (Worker_3) 成功为问题 'Let us assume stars are uniformly distributed in t...' 评定难度: 7
[INFO] 2025-10-06 22:47:51] (Worker_0) 成功为问题 '3-(hydroxymethyl)-5-(prop-1-en-2-yl)cyclohexan-1-o...' 评定难度: 7
[INFO] 2025-10-06 22:47:51] (Worker_5) 成功为问题 'When saturated epoxides are reacted with organocup...' 评定难度: 6
[INFO] 2025-10-06 22:47:51] (Worker_2) 成功为问题 'A photon h\nu propagates in the Oz direction of th...' 评定难度: 5
[INFO] 2025-10-06 22:47:51] (Worker_9) 成功为问题 '"Microbiologist applied a mixture of saline, Tris-...' 评定难度: 6
[INFO] 2025-10-06 22:47:51] (Worker_3) 成功为问题 'Astronomers are studying a star with a Teff of app...' 评定难度: 5
[INFO] 2025-10-06 22:47:51] (Worker_0) 成功为问题 'Imagine a radioactive nuclei X(Z,A) can decay into...' 评定难度: 7
[INFO] 2025-10-06 22:47:52] (Worker_9) 成功为问题 'acetic acid is treated with bromine, pyridine, and...' 评定难度: 5
[INFO] 2025-10-06 22:47:52] (Worker_5) 成功为问题 'Select the major products for the following reacti...' 评定难度: 6
[INFO] 2025-10-06 22:47:52] (Worker_2) 成功为问题 'Consider a system of 3 spin 1/2 particles with a H...' 评定难度: 7
[INFO] 2025-10-06 22:47:52] (Worker_3) 成功为问题 'A spaceship travelling with speed 0.5c along x-axi...' 评定难度: 7
[INFO] 2025-10-06 22:47:52] (Worker_0) 成功为问题 'Given a reaction starting with 4,5-dimethylcyclohe...' 评定难度: 7
[INFO] 2025-10-06 22:47:52] (Worker_4) 成功为问题 'Which of the following observed effects does not p...' 评定难度: 5
[INFO] 2025-10-06 22:47:52] (Worker_1) 成功为问题 'What is the major outcome of the reaction between ...' 评定难度: 7
[INFO] 2025-10-06 22:47:52] (Worker_7) 成功为问题 'Compounds that have the same molecular formula but...' 评定难度: 7
[INFO] 2025-10-06 22:47:52] (Worker_6) 成功为问题 'A scientist wants to test the effect of a mutation...' 评定难度: 7
[INFO] 2025-10-06 22:47:52] (Worker_8) 成功为问题 'You want to quantify the upregulation of a transcr...' 评定难度: 5
[INFO] 2025-10-06 22:47:52] (Worker_0) 成功为问题 'A system whose wave function in a quantum harmonic...' 评定难度: 5
[INFO] 2025-10-06 22:47:52] (Worker_3) 成功为问题 'Consider a finite well potential of potential defi...' 评定难度: 7
[INFO] 2025-10-06 22:47:52] (Worker_9) 成功为问题 '"Scientist aim to detect plasmid-mediated quinolon...' 评定难度: 5
[INFO] 2025-10-06 22:47:52] (Worker_5) 成功为问题 'methyllithium is slowly added to a solution of dic...' 评定难度: 5
[INFO] 2025-10-06 22:47:52] (Worker_2) 成功为问题 'During the development of a multicellular organism...' 评定难度: 7
[INFO] 2025-10-06 22:47:52] (Worker_8) 成功为问题 'A spherical shell with a radius R has an electric ...' 评定难度: 7
[INFO] 2025-10-06 22:47:52] (Worker_7) 成功为问题 'A supernova occurred in our Galaxy. Part of the su...' 评定难度: 5
[INFO] 2025-10-06 22:47:53] (Worker_0) 成功为问题 'Particles are collided at the center of a spherica...' 评定难度: 7
[INFO] 2025-10-06 22:47:53] (Worker_9) 成功为问题 'In the course of some peptide chemistry, you treat...' 评定难度: 1
[INFO] 2025-10-06 22:47:53] (Worker_6) 成功为问题 'Select suitable intermediates for the following re...' 评定难度: 7
[INFO] 2025-10-06 22:47:53] (Worker_5) 成功为问题 'An organic chemist performs two reactions.
Reactio...' 评定难度: 5
[INFO] 2025-10-06 22:47:53] (Worker_1) 成功为问题 'There are a set of RNAs of approximately 200 or mo...' 评定难度: 6
[INFO] 2025-10-06 22:47:53] (Worker_4) 成功为问题 'A researcher is investigating the role of the PI3K...' 评定难度: 6
[INFO] 2025-10-06 22:47:53] (Worker_2) 成功为问题 'A sheet made of electrically bonded metallic layer...' 评定难度: 5
[INFO] 2025-10-06 22:47:53] (Worker_3) 成功为问题 'Consider a quantum mechanical system containing a ...' 评定难度: 5
[INFO] 2025-10-06 22:47:53] (Worker_0) 成功为问题 'A group of astronomers is using multiwavelength an...' 评定难度: 7
[INFO] 2025-10-06 22:47:53] (Worker_7) 成功为问题 'Congratulations, you just landed your dream job at...' 评定难度: 7
[INFO] 2025-10-06 22:47:53] (Worker_8) 成功为问题 'Which of the following molecules is formed when 5-...' 评定难度: 7
[INFO] 2025-10-06 22:47:55] (Worker_2) 成功为问题 'A chemist is synthesizing an RNA nucleoside phosho...' 评定难度: 5
[INFO] 2025-10-06 22:47:55] (Worker_9) 成功为问题 'Identify compound E in the following reaction sche...' 评定难度: 5
[INFO] 2025-10-06 22:47:55] (Worker_8) 成功为问题 'We have a solution which has the volume of 200.00 ...' 评定难度: 5
[INFO] 2025-10-06 22:47:55] (Worker_5) 成功为问题 'Which of the following sequences is correctly orde...' 评定难度: 5
[INFO] 2025-10-06 22:47:55] (Worker_1) 成功为问题 'A dicarboxylic acid containing a cis-alkene was de...' 评定难度: 5
[INFO] 2025-10-06 22:47:55] (Worker_4) 成功为问题 'During a quantum communication task of a quantum d...' 评定难度: 5
[INFO] 2025-10-06 22:47:57] (Worker_3) 成功为问题 'The bromination of alkenes is a stereospecific rea...' 评定难度: 7
[INFO] 2025-10-06 22:47:57] (Worker_8) 成功为问题 'Identify the starting material (A) and the final p...' 评定难度: 5
[INFO] 2025-10-06 22:47:57] (Worker_5) 成功为问题 'A scientist studies the evolution of four closely ...' 评定难度: 6
[INFO] 2025-10-06 22:47:57] (Worker_8) 成功为问题 'The Interaction between the bosonic field X and fe...' 评定难度: 5
[INFO] 2025-10-06 22:47:57] (Worker_8) 成功为问题 'A synchrocyclotron is a special type of cyclotron....' 评定难度: 5
[INFO] 2025-10-06 22:47:58] (Worker_7) 成功为问题 'The 1H NMR spectrum of a solution containing a 1:1...' 评定难度: 5
[INFO] 2025-10-06 22:47:58] (Worker_6) 成功为问题 'Large clouds of neutral hydrogen in deep space abs...' 评定难度: 5
[INFO] 2025-10-06 22:47:58] (Worker_0) 成功为问题 'Imagine an uncharged spherical conductor of radius...' 评定难度: 7
[INFO] 2025-10-06 22:47:58] (Worker_8) 成功为问题 'A chemical reaction for the synthesis of a product...' 评定难度: 5
[INFO] 2025-10-06 22:47:58] (Worker_3) 成功为问题 'Calculate the enthalpy of neutralization when 500 ...' 评定难度: 7
[INFO] 2025-10-06 22:47:58] (Worker_5) 成功为问题 'A vector field f(r) falls off radially as 1/r^2 fr...' 评定难度: 5
[INFO] 2025-10-06 22:47:58] (Worker_0) 成功为问题 'Which one of the following is the least correct st...' 评定难度: 5
[INFO] 2025-10-06 22:47:58] (Worker_6) 成功为问题 'An astronomer wants to study the profile of the H_...' 评定难度: 5
[INFO] 2025-10-06 22:47:58] (Worker_8) 成功为问题 'Which of the following compounds has the molecular...' 评定难度: 6
[INFO] 2025-10-06 22:47:58] (Worker_7) 成功为问题 'You have prepared an unknown unsaturated compound....' 评定难度: 5
[INFO] 2025-10-06 22:47:58] (Worker_9) 成功为问题 'A gene encoding a pigment was introduced into Cand...' 评定难度: 5
[INFO] 2025-10-06 22:47:58] (Worker_1) 成功为问题 'Consider a quantum field which extends into a clos...' 评定难度: 7
[INFO] 2025-10-06 22:47:58] (Worker_2) 成功为问题 'The oxidation state of a carbon atom in an organic...' 评定难度: 6
[INFO] 2025-10-06 22:47:58] (Worker_4) 成功为问题 'Parallax of a star is measured to be 2 milliarcsec...' 评定难度: 7
[INFO] 2025-10-06 22:47:58] (Worker_5) 成功为问题 'allyl 3-oxobutanoate is heated at high temperature...' 评定难度: 5
[INFO] 2025-10-06 22:47:58] (Worker_3) 成功为问题 '"The alkene metathesis is a reaction promoted by a...' 评定难度: 5
[INFO] 2025-10-06 22:47:59] (Worker_0) 成功为问题 'Two compounds A and B are treated separately with ...' 评定难度: 6
[INFO] 2025-10-06 22:47:59] (Worker_4) 成功为问题 'The Pinacol-Pinacolone rearrangement is a chemical...' 评定难度: 5
[INFO] 2025-10-06 22:47:59] (Worker_6) 成功为问题 '"Scientist inoculated Escherichia coli into Luria ...' 评定难度: 5
[INFO] 2025-10-06 22:47:59] (Worker_3) 成功为问题 'The upper limit of the variance of any parameter \...' 评定难度: 7
[INFO] 2025-10-06 22:47:59] (Worker_7) 成功为问题 'Substance X, known for incorporating a heavier iso...' 评定难度: 7
[INFO] 2025-10-06 22:47:59] (Worker_2) 成功为问题 'Consider this density matrix

$\rho=\frac{1}{2}\le...' 评定难度: 5
[INFO] 2025-10-06 22:47:59] (Worker_8) 成功为问题 'A particle is placed in a infinite, one-dimensiona...' 评定难度: 5
[INFO] 2025-10-06 22:47:59] (Worker_1) 成功为问题 'Consider a one-dimensional spin chain, in which an...' 评定难度: 5
[INFO] 2025-10-06 22:47:59] (Worker_9) 成功为问题 '1-bromobenzene-2-d is treated with NaNH2 in conden...' 评定难度: 5
[INFO] 2025-10-06 22:47:59] (Worker_5) 成功为问题 'If a sperm from species A is injected into an egg ...' 评定难度: 2
[INFO] 2025-10-06 22:47:59] (Worker_0) 成功为问题 'A team of exoplanet hunters employed a combination...' 评定难度: 5
[INFO] 2025-10-06 22:48:02] (Worker_0) 成功为问题 'Consider this annihilation process

$p+\bar{p}\rig...' 评定难度: 5
[INFO] 2025-10-06 22:48:02] (Worker_7) 成功为问题 'X is a meson resonance. What is the mean decay dis...' 评定难度: 7
[INFO] 2025-10-06 22:48:02] (Worker_8) 成功为问题 'consider the following four compounds:
1: 5,6-dihy...' 评定难度: 5
[INFO] 2025-10-06 22:48:03] (Worker_5) 成功为问题 'Which one of the following in NOT a constraint for...' 评定难度: 5
[INFO] 2025-10-06 22:48:03] (Worker_6) 成功为问题 'Plants growing at coasts of oceans and other water...' 评定难度: 7
[INFO] 2025-10-06 22:48:03] (Worker_3) 成功为问题 'A 35-year-old woman presents with a painless lump ...' 评定难度: 7
[INFO] 2025-10-06 22:48:03] (Worker_4) 成功为问题 'You have prepared an unknown product with the chem...' 评定难度: 3
[INFO] 2025-10-06 22:48:03] (Worker_1) 成功为问题 '5-fluorocyclopenta-1,3-diene is reacted with malei...' 评定难度: 5
[INFO] 2025-10-06 22:48:03] (Worker_2) 成功为问题 'How many stereoisomers are there for the compound ...' 评定难度: 5
[INFO] 2025-10-06 22:48:03] (Worker_9) 成功为问题 'You identified several new antigens in a refractor...' 评定难度: 5
[INFO] 2025-10-06 22:48:03] (Worker_1) 成功为问题 'In the vacuum, we have the following mixture

$\le...' 评定难度: 5
[INFO] 2025-10-06 22:48:03] (Worker_9) 成功为问题 'Consider a system of three spins S1, S2 and S3. Ea...' 评定难度: 7
[INFO] 2025-10-06 22:48:04] (Worker_4) 成功为问题 'You identified a new quorum-sensing peptide in the...' 评定难度: 5
[INFO] 2025-10-06 22:48:04] (Worker_5) 成功为问题 'Among the following stars, which one will appear r...' 评定难度: 7
[INFO] 2025-10-06 22:48:04] (Worker_2) 成功为问题 'In a specific region of the sky, astronomers have ...' 评定难度: 7
[INFO] 2025-10-06 22:48:04] (Worker_6) 成功为问题 'A compound with the molecular formula C8H9NO and t...' 评定难度: 6
[INFO] 2025-10-06 22:48:04] (Worker_3) 成功为问题 'The state of a system at time t is given by the co...' 评定难度: 5
[INFO] 2025-10-06 22:48:04] (Worker_5) 成功为问题 'α-β unsaturated carbonyls have a much more electro...' 评定难度: 7
[INFO] 2025-10-06 22:48:04] (Worker_4) 成功为问题 'Which one of the following methods/or/observations...' 评定难度: 5
[INFO] 2025-10-06 22:48:04] (Worker_6) 成功为问题 'While studying a population of wild-type Helianthu...' 评定难度: 5
[INFO] 2025-10-06 22:48:04] (Worker_9) 成功为问题 'A signal transduction network in living cells ampl...' 评定难度: 5
[INFO] 2025-10-06 22:48:04] (Worker_1) 成功为问题 '2-(2-oxopropoxy)acetaldehyde, when treated with me...' 评定难度: 5
[INFO] 2025-10-06 22:48:04] (Worker_2) 成功为问题 'The diameter of the planet Tatooine is 10465 km. I...' 评定难度: 5
[INFO] 2025-10-06 22:48:05] (Worker_5) 成功为问题 'Imagine an operator $\vec{P}$ of a system have com...' 评定难度: 5
[INFO] 2025-10-06 22:48:05] (Worker_9) 成功为问题 'You study an Archaea living in extreme environment...' 评定难度: 7
[INFO] 2025-10-06 22:48:05] (Worker_4) 成功为问题 'Arrange the nucleophiles (1. 4-methylcyclohexan-1-...' 评定难度: 6
[INFO] 2025-10-06 22:48:05] (Worker_2) 成功为问题 'There has been an outbreak of an viral infectious ...' 评定难度: 5
[INFO] 2025-10-06 22:48:05] (Worker_1) 成功为问题 'A chemist performs two reactions:

Reaction 1: (E)...' 评定难度: 5
[INFO] 2025-10-06 22:48:05] (Worker_6) 成功为问题 'Since the end of the 20th century, hundreds of pat...' 评定难度: 5
[INFO] 2025-10-06 22:48:05] (Worker_5) 成功为问题 'Astronomers are observing a planet with a radius o...' 评定难度: 5
[INFO] 2025-10-06 22:48:05] (Worker_4) 成功为问题 'Compound X, which has the following IR and NMR dat...' 评定难度: 5
[INFO] 2025-10-06 22:48:06] (Worker_3) 成功为问题 'In the lab, a chemist discovers an unnamed bottle ...' 评定难度: 5
[INFO] 2025-10-06 22:48:06] (Worker_0) 成功为问题 'Five binary compounds of fluorine with element Y a...' 评定难度: 7
[INFO] 2025-10-06 22:48:06] (Worker_8) 成功为问题 'You are analyzing a small peptidic compound that h...' 评定难度: 5
[INFO] 2025-10-06 22:48:06] (Worker_7) 成功为问题 'Two compounds, N-ethyl-N,2,2-trimethylbutanamide, ...' 评定难度: 6
[INFO] 2025-10-06 22:48:06] (Worker_3) 成功为问题 'While designing a high-resolution transmission ele...' 评定难度: 7
[INFO] 2025-10-06 22:48:07] (Worker_3) 成功为问题 'An electroactive aromatic secondary amine was boc-...' 评定难度: 5
[INFO] 2025-10-06 22:48:07] (Worker_7) 成功为问题 'Vortex-like elementary excitations in superfluid h...' 评定难度: 5
[INFO] 2025-10-06 22:48:07] (Worker_0) 成功为问题 'In 2270, NASA undertakes advanced research to expl...' 评定难度: 7
[INFO] 2025-10-06 22:48:07] (Worker_8) 成功为问题 'Gases A and B are binary compounds consisting of t...' 评定难度: 5
[INFO] 2025-10-06 22:48:07] (Worker_3) 成功为问题 'You have transformed E. coli cells with pUC18 (pUC...' 评定难度: 7
[INFO] 2025-10-06 22:48:08] (Worker_3) 成功为问题 'Let's define the critical distance for a significa...' 评定难度: 5
[INFO] 2025-10-06 22:48:08] (Worker_0) 成功为问题 'What is the pH value of an aqueous solution contai...' 评定难度: 5
[INFO] 2025-10-06 22:48:08] (Worker_7) 成功为问题 'The medium of thin layer chromatography plates are...' 评定难度: 5
[INFO] 2025-10-06 22:48:08] (Worker_8) 成功为问题 'Determined the product obtained when prop-1-en-2-y...' 评定难度: 6
[INFO] 2025-10-06 22:48:09] (Worker_7) 成功为问题 'How many components of a Dirac neutrino are a part...' 评定难度: 5
[INFO] 2025-10-06 22:48:09] (Worker_8) 成功为问题 'Consider the following matrices. 
W = (1/2, i/4; -...' 评定难度: 7
[INFO] 2025-10-06 22:48:09] (Worker_3) 成功为问题 '1,3-butadiene will have a shorter wavelength UV ab...' 评定难度: 5
[INFO] 2025-10-06 22:48:09] (Worker_0) 成功为问题 'When a solution of barium chloride is added to a s...' 评定难度: 7
[INFO] 2025-10-06 22:48:09] (Worker_7) 成功为问题 'What is the expectation value of the momentum squa...' 评定难度: 7
[INFO] 2025-10-06 22:48:09] (Worker_8) 成功为问题 'What would be the frequency of the photon due to t...' 评定难度: 5
[INFO] 2025-10-06 22:48:09] (Worker_0) 成功为问题 'The reaction of silver and oxygen to silver oxide ...' 评定难度: 7
[INFO] 2025-10-06 22:48:09] (Worker_3) 成功为问题 'A paper you are reading about neutrinoless double-...' 评定难度: 1
[INFO] 2025-10-06 22:48:10] (Worker_1) 成功为问题 'Observations of a quasar across the electromagneti...' 评定难度: 7
[INFO] 2025-10-06 22:48:10] (Worker_2) 成功为问题 'In an inactive state, a transcription factor subun...' 评定难度: 5
[INFO] 2025-10-06 22:48:10] (Worker_9) 成功为问题 'Consider a 1-dimensional relativistic harmonic osc...' 评定难度: 7
[INFO] 2025-10-06 22:48:10] (Worker_6) 成功为问题 'Consider an aperture, which shapes like a N-sided ...' 评定难度: 5
[INFO] 2025-10-06 22:48:10] (Worker_5) 成功为问题 'We have a solution containing Co(II) ions and thio...' 评定难度: 5
[INFO] 2025-10-06 22:48:10] (Worker_4) 成功为问题 'Planet X orbits a star (X) in a circular orbit, an...' 评定难度: 5
[INFO] 2025-10-06 22:48:13] (Worker_1) 成功为问题 'Which of the four fundamental forces present at nu...' 评定难度: 5
[INFO] 2025-10-06 22:48:13] (Worker_0) 成功为问题 'A coating is applied to a substrate resulting in a...' 评定难度: 7
[INFO] 2025-10-06 22:48:13] (Worker_8) 成功为问题 'You are synthesizing a dialkylphosphate from two d...' 评定难度: 5
[INFO] 2025-10-06 22:48:13] (Worker_3) 成功为问题 'Two electromagnetic (em) fields are applied on the...' 评定难度: 5
[INFO] 2025-10-06 22:48:13] (Worker_7) 成功为问题 'Planet hunters decided to conduct follow-up observ...' 评定难度: 5
[INFO] 2025-10-06 22:48:13] (MainThread) 处理完成！更新后的 448 条数据已成功保存回 'D:\JIAYU\Documents\GitHub\Efficient-collaboration\dataset\TestData\gpqa.json'。
[INFO] 2025-10-06 22:48:13] (MainThread) ===== 生成难度分布报告 =====
[INFO] 2025-10-06 22:48:13] (MainThread) ===== 脚本执行完毕 =====
