[INFO] 2025-10-07 00:17:00] (MainThread) ===== 开始执行问题难度评估脚本 =====
[INFO] 2025-10-07 00:17:00] (MainThread) 成功从 'D:\JIAYU\Documents\GitHub\Efficient-collaboration\dataset\TestData\GSM8K_train.json' 加载 7473 条数据。
[INFO] 2025-10-07 00:17:01] (MainThread) 根据 DATA_LIMIT=500 的设置，将只在前 500 条数据中查找未处理项。
[INFO] 2025-10-07 00:17:01] (MainThread) 共发现 500 条新数据需要处理。
[INFO] 2025-10-07 00:17:04] (Worker_8) 成功为问题 'Alexis is applying for a new job and bought a new ...' 评定难度: 7
[INFO] 2025-10-07 00:17:04] (Worker_4) 成功为问题 'James writes a 3-page letter to 2 different friend...' 评定难度: 5
[INFO] 2025-10-07 00:17:04] (Worker_1) 成功为问题 'Weng earns $12 an hour for babysitting. Yesterday,...' 评定难度: 3
[INFO] 2025-10-07 00:17:04] (Worker_9) 成功为问题 'Tina makes $18.00 an hour.  If she works more than...' 评定难度: 7
[INFO] 2025-10-07 00:17:04] (Worker_3) 成功为问题 'Julie is reading a 120-page book. Yesterday, she w...' 评定难度: 6
[INFO] 2025-10-07 00:17:04] (Worker_5) 成功为问题 'Mark has a garden with flowers. He planted plants ...' 评定难度: 6
[INFO] 2025-10-07 00:17:04] (Worker_0) 成功为问题 'Natalia sold clips to 48 of her friends in April, ...' 评定难度: 5
[INFO] 2025-10-07 00:17:04] (Worker_2) 成功为问题 'Betty is saving money for a new wallet which costs...' 评定难度: 7
[INFO] 2025-10-07 00:17:04] (Worker_6) 成功为问题 'Albert is wondering how much pizza he can eat in o...' 评定难度: 3
[INFO] 2025-10-07 00:17:04] (Worker_7) 成功为问题 'Ken created a care package to send to his brother,...' 评定难度: 7
[INFO] 2025-10-07 00:17:05] (Worker_3) 成功为问题 'Joy can read 8 pages of a book in 20 minutes. How ...' 评定难度: 3
[INFO] 2025-10-07 00:17:05] (Worker_1) 成功为问题 'Randy has 60 mango trees on his farm. He also has ...' 评定难度: 5
[INFO] 2025-10-07 00:17:05] (Worker_6) 成功为问题 'It takes Roque two hours to walk to work and one h...' 评定难度: 5
[INFO] 2025-10-07 00:17:05] (Worker_5) 成功为问题 'James creates a media empire.  He creates a movie ...' 评定难度: 7
[INFO] 2025-10-07 00:17:05] (Worker_9) 成功为问题 'Jasper will serve charcuterie at his dinner party....' 评定难度: 5
[INFO] 2025-10-07 00:17:05] (Worker_2) 成功为问题 'In a truck, there are 26 pink hard hats, 15 green ...' 评定难度: 5
[INFO] 2025-10-07 00:17:05] (Worker_0) 成功为问题 'The profit from a business transaction is shared a...' 评定难度: 5
[INFO] 2025-10-07 00:17:05] (Worker_7) 成功为问题 'Tim rides his bike back and forth to work for each...' 评定难度: 5
[INFO] 2025-10-07 00:17:05] (Worker_4) 成功为问题 'Tobias is buying a new pair of shoes that costs $9...' 评定难度: 7
[INFO] 2025-10-07 00:17:05] (Worker_8) 成功为问题 'A deep-sea monster rises from the waters once ever...' 评定难度: 6
[INFO] 2025-10-07 00:17:05] (Worker_3) 成功为问题 'Bella bought stamps at the post office. Some of th...' 评定难度: 6
[INFO] 2025-10-07 00:17:05] (Worker_2) 成功为问题 'Ralph is going to practice playing tennis with a t...' 评定难度: 6
[INFO] 2025-10-07 00:17:05] (Worker_6) 成功为问题 'Samantha’s last name has three fewer letters than ...' 评定难度: 5
[INFO] 2025-10-07 00:17:05] (Worker_9) 成功为问题 'Mary does her grocery shopping on Saturday. She do...' 评定难度: 7
[INFO] 2025-10-07 00:17:05] (Worker_1) 成功为问题 'Each bird eats 12 beetles per day, each snake eats...' 评定难度: 7
[INFO] 2025-10-07 00:17:05] (Worker_5) 成功为问题 'Ann's favorite store was having a summer clearance...' 评定难度: 5
[INFO] 2025-10-07 00:17:05] (Worker_0) 成功为问题 'Jack is stranded on a desert island. He wants some...' 评定难度: 3
[INFO] 2025-10-07 00:17:06] (Worker_8) 成功为问题 'Mrs. Snyder used to spend 40% of her monthly incom...' 评定难度: 5
[INFO] 2025-10-07 00:17:06] (Worker_7) 成功为问题 'Brennan was researching his school project and had...' 评定难度: 7
[INFO] 2025-10-07 00:17:06] (Worker_4) 成功为问题 'There are 5 houses on a street, and each of the fi...' 评定难度: 5
[INFO] 2025-10-07 00:17:06] (Worker_3) 成功为问题 'Ann, Bill, Cate, and Dale each buy personal pan pi...' 评定难度: 6
[INFO] 2025-10-07 00:17:07] (Worker_9) 成功为问题 'To make pizza, together with other ingredients, Ki...' 评定难度: 5
[INFO] 2025-10-07 00:17:07] (Worker_3) 成功为问题 'A concert ticket costs $40. Mr. Benson bought 12 t...' 评定难度: 7
[INFO] 2025-10-07 00:17:07] (Worker_8) 成功为问题 'Five friends eat at a fast-food chain and order th...' 评定难度: 5
[INFO] 2025-10-07 00:17:08] (Worker_9) 成功为问题 'Rachel and Sara want to attend a beauty and modeli...' 评定难度: 7
[INFO] 2025-10-07 00:17:08] (Worker_3) 成功为问题 'A family of 12 monkeys collected 10 piles of banan...' 评定难度: 5
[INFO] 2025-10-07 00:17:08] (Worker_8) 成功为问题 'An earthquake caused four buildings to collapse. E...' 评定难度: 7
[INFO] 2025-10-07 00:17:08] (Worker_3) 成功为问题 'It's Ava's birthday party. Her parents bought a un...' 评定难度: 5
[INFO] 2025-10-07 00:17:08] (Worker_9) 成功为问题 'James is a first-year student at a University in C...' 评定难度: 7
[INFO] 2025-10-07 00:17:08] (Worker_8) 成功为问题 'Carolyn practices the piano for 20 minutes a day a...' 评定难度: 5
[INFO] 2025-10-07 00:17:08] (Worker_0) 成功为问题 'Lisa, Jack, and Tommy earned $60 from washing cars...' 评定难度: 5
[INFO] 2025-10-07 00:17:08] (Worker_5) 成功为问题 'Mr. Sanchez found out that 40% of his Grade 5  stu...' 评定难度: 5
[INFO] 2025-10-07 00:17:09] (Worker_9) 成功为问题 'Sam memorized six more digits of pi than Carlos me...' 评定难度: 7
[INFO] 2025-10-07 00:17:09] (Worker_3) 成功为问题 'The file, 90 megabytes in size, downloads at the r...' 评定难度: 5
[INFO] 2025-10-07 00:17:09] (Worker_8) 成功为问题 'On a school trip to the seashore, Alan and his fri...' 评定难度: 5
[INFO] 2025-10-07 00:17:09] (Worker_9) 成功为问题 'Arnel had ten boxes of pencils with the same numbe...' 评定难度: 6
[INFO] 2025-10-07 00:17:09] (Worker_9) 成功为问题 'There are 25 roses in a garden. There are 40 tulip...' 评定难度: 6
[INFO] 2025-10-07 00:17:09] (Worker_6) 成功为问题 'A car is driving through a tunnel with many turns....' 评定难度: 6
[INFO] 2025-10-07 00:17:10] (Worker_1) 成功为问题 'Mr. Sam shared a certain amount of money between h...' 评定难度: 5
[INFO] 2025-10-07 00:17:10] (Worker_2) 成功为问题 'Noah is a painter. He paints pictures and sells th...' 评定难度: 7
[INFO] 2025-10-07 00:17:10] (Worker_7) 成功为问题 'Artemis is making tea for a party. She knows her m...' 评定难度: 5
[INFO] 2025-10-07 00:17:10] (Worker_4) 成功为问题 'Anna goes trick-or-treating in a subdivision where...' 评定难度: 5
[INFO] 2025-10-07 00:17:10] (Worker_4) 成功为问题 'A bear is preparing to hibernate for the winter an...' 评定难度: 6
[INFO] 2025-10-07 00:17:10] (Worker_7) 成功为问题 'Jerry’s two daughters play softball on different t...' 评定难度: 7
[INFO] 2025-10-07 00:17:10] (Worker_4) 成功为问题 'There are 290 liters of oil in 24 cans. If 10 of t...' 评定难度: 5
[INFO] 2025-10-07 00:17:10] (Worker_7) 成功为问题 'Shawna's workout goal is 30 situps. On Monday, Sha...' 评定难度: 5
[INFO] 2025-10-07 00:17:11] (Worker_3) 成功为问题 'Caleb bought 10 cartons of ice cream and 4 cartons...' 评定难度: 5
[INFO] 2025-10-07 00:17:11] (Worker_5) 成功为问题 'Ann is cutting fabric to make curtains. She cuts a...' 评定难度: 5
[INFO] 2025-10-07 00:17:11] (Worker_8) 成功为问题 'Leah earned $28 working odd jobs around the neighb...' 评定难度: 7
[INFO] 2025-10-07 00:17:11] (Worker_0) 成功为问题 'Gerald spends $100 a month on baseball supplies. H...' 评定难度: 7
[INFO] 2025-10-07 00:17:11] (Worker_7) 成功为问题 'Lee mows one lawn and charges $33. Last week he mo...' 评定难度: 5
[INFO] 2025-10-07 00:17:11] (Worker_4) 成功为问题 'James earns $20 an hour while working at his main ...' 评定难度: 5
[INFO] 2025-10-07 00:17:11] (Worker_0) 成功为问题 'Carly collected 7 starfish with 5 arms each and on...' 评定难度: 3
[INFO] 2025-10-07 00:17:11] (Worker_5) 成功为问题 'Jesse and Mia are competing in a week long race. T...' 评定难度: 7
[INFO] 2025-10-07 00:17:11] (Worker_3) 成功为问题 'Tara has been planning to buy a laptop which costs...' 评定难度: 5
[INFO] 2025-10-07 00:17:11] (Worker_8) 成功为问题 'The ratio of coins that Elsa has to that which Ama...' 评定难度: 5
[INFO] 2025-10-07 00:17:11] (Worker_7) 成功为问题 'Tim has 30 less apples than Martha, and Harry has ...' 评定难度: 5
[INFO] 2025-10-07 00:17:11] (Worker_4) 成功为问题 'At a flea market, Hillary sells handmade crafts fo...' 评定难度: 5
[INFO] 2025-10-07 00:17:11] (Worker_0) 成功为问题 'Nancy is filling an aquarium for her fish. She fil...' 评定难度: 7
[INFO] 2025-10-07 00:17:12] (Worker_2) 成功为问题 'Every hour Joanne has to collect the coins out of ...' 评定难度: 5
[INFO] 2025-10-07 00:17:12] (Worker_9) 成功为问题 'Leo's assignment was divided into three parts. He ...' 评定难度: 5
[INFO] 2025-10-07 00:17:12] (Worker_1) 成功为问题 'A Statistics student wants to find out the average...' 评定难度: 5
[INFO] 2025-10-07 00:17:12] (Worker_5) 成功为问题 'It is Roger’s turn to provide a snack for the base...' 评定难度: 5
[INFO] 2025-10-07 00:17:12] (Worker_6) 成功为问题 'Liza bought 10 kilograms of butter to make cookies...' 评定难度: 5
[INFO] 2025-10-07 00:17:12] (Worker_3) 成功为问题 'Four people lost a total of 103 kilograms of weigh...' 评定难度: 7
[INFO] 2025-10-07 00:17:12] (Worker_8) 成功为问题 'Dale and Andrew had breakfast at a cafe. A slice o...' 评定难度: 3
[INFO] 2025-10-07 00:17:16] (Worker_4) 成功为问题 'A boxer weighs 97 kg at 4 months from a fight. He ...' 评定难度: 5
[INFO] 2025-10-07 00:17:16] (Worker_8) 成功为问题 'Four classmates were comparing their ages based on...' 评定难度: 6
[INFO] 2025-10-07 00:17:16] (Worker_6) 成功为问题 'Paityn has 20 red hats and 24 blue hats. Her frien...' 评定难度: 7
[INFO] 2025-10-07 00:17:16] (Worker_7) 成功为问题 'A garden produced 237 potatoes, 60 fewer cucumbers...' 评定难度: 5
[INFO] 2025-10-07 00:17:16] (Worker_0) 成功为问题 'Manny had 3 birthday cookie pies to share with his...' 评定难度: 5
[INFO] 2025-10-07 00:17:16] (Worker_1) 成功为问题 'Sam and Jeff had a skipping competition at recess....' 评定难度: 6
[INFO] 2025-10-07 00:17:16] (Worker_9) 成功为问题 'Jennifer purchased 40 cans of milk at the store be...' 评定难度: 7
[INFO] 2025-10-07 00:17:16] (Worker_7) 成功为问题 'Krystian works in the library. He borrows an avera...' 评定难度: 7
[INFO] 2025-10-07 00:17:16] (Worker_6) 成功为问题 'Brandon sold 86 geckos last year. He sold twice th...' 评定难度: 5
[INFO] 2025-10-07 00:17:16] (Worker_4) 成功为问题 'Peter goes to the store to buy a soda. The soda co...' 评定难度: 5
[INFO] 2025-10-07 00:17:16] (Worker_3) 成功为问题 'Hans booked a room in a hotel. The hotel has 10 fl...' 评定难度: 5
[INFO] 2025-10-07 00:17:16] (Worker_2) 成功为问题 'James spends 40 years teaching.  His partner has b...' 评定难度: 5
[INFO] 2025-10-07 00:17:16] (Worker_5) 成功为问题 'Irene earns $500 if she works for 40 hours a week ...' 评定难度: 5
[INFO] 2025-10-07 00:17:16] (Worker_7) 成功为问题 'John orders food for a massive restaurant.  He ord...' 评定难度: 5
[INFO] 2025-10-07 00:17:17] (Worker_6) 成功为问题 'John writes 20 pages a day.  How long will it take...' 评定难度: 5
[INFO] 2025-10-07 00:17:17] (Worker_4) 成功为问题 'Alice has 20 quarters. She wants to exchange them ...' 评定难度: 7
[INFO] 2025-10-07 00:17:17] (Worker_3) 成功为问题 'James has a rainwater collection barrel.  For each...' 评定难度: 7
[INFO] 2025-10-07 00:17:17] (Worker_2) 成功为问题 'Nancy, the librarian, is shelving books from the c...' 评定难度: 7
[INFO] 2025-10-07 00:17:17] (Worker_5) 成功为问题 'Hector purchased a container of gumballs.  He gave...' 评定难度: 7
[INFO] 2025-10-07 00:17:17] (Worker_7) 成功为问题 'Gail has two fish tanks. The first tank is twice t...' 评定难度: 7
[INFO] 2025-10-07 00:17:17] (Worker_6) 成功为问题 'A craft store makes a third of its sales in the fa...' 评定难度: 5
[INFO] 2025-10-07 00:17:17] (Worker_4) 成功为问题 'Marcy is a makeup artist and has agreed to do some...' 评定难度: 7
[INFO] 2025-10-07 00:17:17] (Worker_9) 成功为问题 'Sally and Bob have made plans to go on a trip at t...' 评定难度: 5
[INFO] 2025-10-07 00:17:17] (Worker_8) 成功为问题 'John's cow weighs 400 pounds.  It increased its we...' 评定难度: 5
[INFO] 2025-10-07 00:17:17] (Worker_1) 成功为问题 'John works a job that offers performance bonuses. ...' 评定难度: 5
[INFO] 2025-10-07 00:17:17] (Worker_3) 成功为问题 'Ellie has found an old bicycle in a field and thin...' 评定难度: 5
[INFO] 2025-10-07 00:17:17] (Worker_2) 成功为问题 'Janice can type 6 sentences per minute. Today at w...' 评定难度: 6
[INFO] 2025-10-07 00:17:17] (Worker_5) 成功为问题 'During one day, there are 4 boat trips through the...' 评定难度: 5
[INFO] 2025-10-07 00:17:17] (Worker_9) 成功为问题 'Henry took 9 pills a day for 14 days. Of these 9 p...' 评定难度: 7
[INFO] 2025-10-07 00:17:17] (Worker_7) 成功为问题 'Paddington has 40 more goats than Washington. If W...' 评定难度: 5
[INFO] 2025-10-07 00:17:17] (Worker_6) 成功为问题 'John buys 10 packs of magic cards.  Each pack has ...' 评定难度: 5
[INFO] 2025-10-07 00:17:19] (Worker_0) 成功为问题 'Herman likes to feed the birds in December, Januar...' 评定难度: 5
[INFO] 2025-10-07 00:17:19] (Worker_7) 成功为问题 'There are some jelly beans in a jar. Three fourths...' 评定难度: 7
[INFO] 2025-10-07 00:17:19] (Worker_3) 成功为问题 'Paul went to a shop to buy some groceries. He boug...' 评定难度: 5
[INFO] 2025-10-07 00:17:19] (Worker_6) 成功为问题 'Valerie needs to put stamps on the envelopes she i...' 评定难度: 7
[INFO] 2025-10-07 00:17:19] (Worker_9) 成功为问题 'Ed has 2 dogs, 3 cats and twice as many fish as ca...' 评定难度: 7
[INFO] 2025-10-07 00:17:19] (Worker_2) 成功为问题 'Lilah's family gallery has 400 photos. On a two-da...' 评定难度: 7
[INFO] 2025-10-07 00:17:20] (Worker_3) 成功为问题 'Jessa needs to make cupcakes for 3 fourth-grade cl...' 评定难度: 5
[INFO] 2025-10-07 00:17:20] (Worker_7) 成功为问题 'Jeanette is practicing her juggling. Each week she...' 评定难度: 5
[INFO] 2025-10-07 00:17:20] (Worker_9) 成功为问题 'Stella and Twinkle are filling up a truck with a c...' 评定难度: 7
[INFO] 2025-10-07 00:17:20] (Worker_6) 成功为问题 'Carrie works for $8 an hour and 35 hours a week at...' 评定难度: 5
[INFO] 2025-10-07 00:17:21] (Worker_7) 成功为问题 'Joy is winding balls of yarn for her cat to play w...' 评定难度: 7
[INFO] 2025-10-07 00:17:21] (Worker_3) 成功为问题 'A bulk warehouse is offering 48 cans of sparkling ...' 评定难度: 5
[INFO] 2025-10-07 00:17:21] (Worker_9) 成功为问题 'Haley grows at the rate of 3 inches every year. If...' 评定难度: 3
[INFO] 2025-10-07 00:17:21] (Worker_6) 成功为问题 'John has five more roommates than twice as many as...' 评定难度: 5
[INFO] 2025-10-07 00:17:21] (Worker_2) 成功为问题 'In a conference room, 40 chairs with a capacity of...' 评定难度: 6
[INFO] 2025-10-07 00:17:21] (Worker_1) 成功为问题 'Marvin and Tina were selling candy bars to help fu...' 评定难度: 7
[INFO] 2025-10-07 00:17:21] (Worker_4) 成功为问题 'There is very little car traffic on Happy Street. ...' 评定难度: 6
[INFO] 2025-10-07 00:17:21] (Worker_8) 成功为问题 'Alyssa, Keely, and Kendall ordered 100 chicken nug...' 评定难度: 5
[INFO] 2025-10-07 00:17:21] (Worker_7) 成功为问题 'Three cats sat on a fence, meowing at the moon.  T...' 评定难度: 5
[INFO] 2025-10-07 00:17:21] (Worker_9) 成功为问题 'Dan owns an ice cream shop and every sixth custome...' 评定难度: 6
[INFO] 2025-10-07 00:17:21] (Worker_1) 成功为问题 'James buys 5 packs of beef that are 4 pounds each....' 评定难度: 3
[INFO] 2025-10-07 00:17:21] (Worker_3) 成功为问题 'A school principal is booking hotel rooms for a cl...' 评定难度: 5
[INFO] 2025-10-07 00:17:21] (Worker_6) 成功为问题 'Ali had a collection of seashells. He started with...' 评定难度: 7
[INFO] 2025-10-07 00:17:21] (Worker_2) 成功为问题 'Studying for her test, Mitchell had read ten chapt...' 评定难度: 5
[INFO] 2025-10-07 00:17:21] (Worker_9) 成功为问题 'Loraine makes wax sculptures of animals. Large ani...' 评定难度: 5
[INFO] 2025-10-07 00:17:21] (Worker_7) 成功为问题 'Kennedy's house is 600 square feet larger than 4 t...' 评定难度: 5
[INFO] 2025-10-07 00:17:21] (Worker_5) 成功为问题 'Baez has 25 marbles. She loses 20% of them one day...' 评定难度: 5
[INFO] 2025-10-07 00:17:21] (Worker_0) 成功为问题 'An aquarium holds an equal number of clownfish and...' 评定难度: 6
[INFO] 2025-10-07 00:17:22] (Worker_4) 成功为问题 'There are 40 students in a class. If 1/10 are abse...' 评定难度: 5
[INFO] 2025-10-07 00:17:22] (Worker_8) 成功为问题 'A couple with two children, ages 6 and 10 years ol...' 评定难度: 5
[INFO] 2025-10-07 00:17:22] (Worker_6) 成功为问题 'Janice's office is on the third floor, and she has...' 评定难度: 5
[INFO] 2025-10-07 00:17:22] (Worker_0) 成功为问题 'The owner of a Turkish restaurant wanted to prepar...' 评定难度: 6
[INFO] 2025-10-07 00:17:22] (Worker_9) 成功为问题 'Larry spends half an hour twice a day walking and ...' 评定难度: 3
[INFO] 2025-10-07 00:17:22] (Worker_5) 成功为问题 'Toby is counting goldfish in the local pond. He kn...' 评定难度: 5
[INFO] 2025-10-07 00:17:22] (Worker_7) 成功为问题 'A cleaning company produces two sanitizer sprays. ...' 评定难度: 6
[INFO] 2025-10-07 00:17:22] (Worker_8) 成功为问题 'Richard can clean his room in 22 minutes. Cory tak...' 评定难度: 7
[INFO] 2025-10-07 00:17:22] (Worker_9) 成功为问题 'In 3 years, Jayden will be half of Ernesto's age. ...' 评定难度: 5
[INFO] 2025-10-07 00:17:23] (Worker_0) 成功为问题 'Winwin won $50 in a lottery. She paid 20% for the ...' 评定难度: 5
[INFO] 2025-10-07 00:17:23] (Worker_5) 成功为问题 'Angela is a bike messenger in New York. She needs ...' 评定难度: 5
[INFO] 2025-10-07 00:17:23] (Worker_8) 成功为问题 'A one-year subscription to a newspaper is offered ...' 评定难度: 3
[INFO] 2025-10-07 00:17:23] (Worker_7) 成功为问题 'Keiko sent 111 text messages last week. This week ...' 评定难度: 5
[INFO] 2025-10-07 00:17:23] (Worker_9) 成功为问题 'Tim's cat bit him.  He decided to get himself and ...' 评定难度: 5
[INFO] 2025-10-07 00:17:23] (Worker_6) 成功为问题 'Mary has 5 green crayons and 8 blue crayons of dif...' 评定难度: 3
[INFO] 2025-10-07 00:17:23] (Worker_2) 成功为问题 'Fern is checking IDs to get into an R-rated movie....' 评定难度: 5
[INFO] 2025-10-07 00:17:23] (Worker_3) 成功为问题 'A gallon of whole milk that normally costs $3 is n...' 评定难度: 5
[INFO] 2025-10-07 00:17:23] (Worker_1) 成功为问题 '3 families of 4 people shared a vacation rental fo...' 评定难度: 7
[INFO] 2025-10-07 00:17:23] (Worker_4) 成功为问题 'James watched 2 episodes of Jeopardy and 2 episode...' 评定难度: 5
[INFO] 2025-10-07 00:17:23] (Worker_3) 成功为问题 'The town’s annual budget totals $32 million. If ha...' 评定难度: 5
[INFO] 2025-10-07 00:17:23] (Worker_6) 成功为问题 'At Mario's barbershop haircuts are 50% more expens...' 评定难度: 5
[INFO] 2025-10-07 00:17:23] (Worker_8) 成功为问题 'George bought some food for his trip: a bottle of ...' 评定难度: 7
[INFO] 2025-10-07 00:17:23] (Worker_0) 成功为问题 'Ariella has $200 more in her son's saving account ...' 评定难度: 7
[INFO] 2025-10-07 00:17:23] (Worker_7) 成功为问题 'A young girl pours 23 blue beads and 16 yellow bea...' 评定难度: 7
[INFO] 2025-10-07 00:17:23] (Worker_5) 成功为问题 'Colby harvested his mango trees, the total mangoes...' 评定难度: 6
[INFO] 2025-10-07 00:17:23] (Worker_9) 成功为问题 'Jerome is taking a 150-mile bicycle trip. He wants...' 评定难度: 5
[INFO] 2025-10-07 00:17:23] (Worker_4) 成功为问题 'James joins a football team and becomes the star. ...' 评定难度: 6
[INFO] 2025-10-07 00:17:23] (Worker_2) 成功为问题 'John throws a block party and splits the cost with...' 评定难度: 7
[INFO] 2025-10-07 00:17:23] (Worker_1) 成功为问题 'Daniel has a collection of 346 video games. 80 of ...' 评定难度: 5
[INFO] 2025-10-07 00:17:24] (Worker_3) 成功为问题 'On Monday Buddy has 30 baseball cards. On Tuesday ...' 评定难度: 5
[INFO] 2025-10-07 00:17:24] (Worker_6) 成功为问题 'Manex is a tour bus driver. He has to drive 55 mil...' 评定难度: 7
[INFO] 2025-10-07 00:17:24] (Worker_8) 成功为问题 'Grandpa Lou enjoys watching movies on the Hallmark...' 评定难度: 7
[INFO] 2025-10-07 00:17:27] (Worker_9) 成功为问题 'Mel is three years younger than Katherine.  When K...' 评定难度: 5
[INFO] 2025-10-07 00:17:27] (Worker_2) 成功为问题 'Kyle bought 2 glass bottles that can hold 15 origa...' 评定难度: 5
[INFO] 2025-10-07 00:17:27] (Worker_6) 成功为问题 'Conner has a dune buggy that he rides in the deser...' 评定难度: 6
[INFO] 2025-10-07 00:17:27] (Worker_3) 成功为问题 'Movie tickets cost $5 each on a Monday, twice as m...' 评定难度: 7
[INFO] 2025-10-07 00:17:27] (Worker_7) 成功为问题 'Silvia’s bakery is offering 10% on advanced orders...' 评定难度: 5
[INFO] 2025-10-07 00:17:28] (Worker_0) 成功为问题 'Janet filmed a new movie that is 60% longer than h...' 评定难度: 7
[INFO] 2025-10-07 00:17:28] (Worker_1) 成功为问题 'Mark has two pets, a hare that runs 10 feet/second...' 评定难度: 6
[INFO] 2025-10-07 00:17:28] (Worker_9) 成功为问题 'James decides to replace his car.  He sold his $20...' 评定难度: 5
[INFO] 2025-10-07 00:17:28] (Worker_6) 成功为问题 'Colton had 72 dolphin stickers. He gave 4 stickers...' 评定难度: 6
[INFO] 2025-10-07 00:17:28] (Worker_3) 成功为问题 'Derek has $960 to buy his books for the semester. ...' 评定难度: 5
[INFO] 2025-10-07 00:17:28] (Worker_7) 成功为问题 'A certain tree was 100 meters tall at the end of 2...' 评定难度: 5
[INFO] 2025-10-07 00:17:28] (Worker_2) 成功为问题 'Simon wanted to buy flowers that his mom could pla...' 评定难度: 6
[INFO] 2025-10-07 00:17:28] (Worker_1) 成功为问题 'A small poultry farm has 300 chickens, 200 turkeys...' 评定难度: 7
[INFO] 2025-10-07 00:17:28] (Worker_0) 成功为问题 'Lisa and Carly go shopping together. Lisa spends $...' 评定难度: 7
[INFO] 2025-10-07 00:17:29] (Worker_9) 成功为问题 'After tests in California, the total number of Cor...' 评定难度: 7
[INFO] 2025-10-07 00:17:29] (Worker_6) 成功为问题 'Caleb and his dad went fishing at the lake.  Caleb...' 评定难度: 5
[INFO] 2025-10-07 00:17:29] (Worker_0) 成功为问题 'Last year Dallas was 3 times the age of his sister...' 评定难度: 7
[INFO] 2025-10-07 00:17:29] (Worker_3) 成功为问题 'Christina has 3 snakes. 1 snake is 2 feet long. An...' 评定难度: 5
[INFO] 2025-10-07 00:17:29] (Worker_7) 成功为问题 'Madeline has 5 boxes with 24 crayons in each. She ...' 评定难度: 6
[INFO] 2025-10-07 00:17:29] (Worker_4) 成功为问题 'James collects all the fruits from his 2 trees.  E...' 评定难度: 5
[INFO] 2025-10-07 00:17:29] (Worker_8) 成功为问题 'A store sells 20 packets of 100 grams of sugar eve...' 评定难度: 3
[INFO] 2025-10-07 00:17:29] (Worker_5) 成功为问题 'Borris liquor store uses 90 kilograms of grapes ev...' 评定难度: 7
[INFO] 2025-10-07 00:17:29] (Worker_1) 成功为问题 'Thor is 13 times older than Captain America. Capta...' 评定难度: 5
[INFO] 2025-10-07 00:17:29] (Worker_2) 成功为问题 'Yesterday, David and William were invited to a par...' 评定难度: 5
[INFO] 2025-10-07 00:17:29] (Worker_9) 成功为问题 'In a section of the forest, there are 100 weasels ...' 评定难度: 7
[INFO] 2025-10-07 00:17:29] (Worker_2) 成功为问题 'Sansa is a famous artist, she can draw a portrait ...' 评定难度: 7
[INFO] 2025-10-07 00:17:29] (Worker_8) 成功为问题 'There are 16 people at a dinner party. There are 4...' 评定难度: 5
[INFO] 2025-10-07 00:17:29] (Worker_6) 成功为问题 'Apple sold 100 iPhones at their New York store tod...' 评定难度: 5
[INFO] 2025-10-07 00:17:29] (Worker_7) 成功为问题 'Mary bought 5 boxes of drinks at $6 each box and 1...' 评定难度: 3
[INFO] 2025-10-07 00:17:29] (Worker_3) 成功为问题 'Mr. Grey is purchasing gifts for his family. So fa...' 评定难度: 5
[INFO] 2025-10-07 00:17:30] (Worker_4) 成功为问题 'Herbert is 10 years younger than Kris. If Kris is ...' 评定难度: 5
[INFO] 2025-10-07 00:17:30] (Worker_5) 成功为问题 'Rosie runs 6 miles per hour. She runs for 1 hour o...' 评定难度: 5
[INFO] 2025-10-07 00:17:30] (Worker_1) 成功为问题 'Gary bought his first used car for $6,000.  Gary b...' 评定难度: 7
[INFO] 2025-10-07 00:17:30] (Worker_0) 成功为问题 'Melody planted sunflowers from two different seed ...' 评定难度: 5
[INFO] 2025-10-07 00:17:30] (Worker_9) 成功为问题 'Archibald eats 1 apple a day for two weeks. Over t...' 评定难度: 6
[INFO] 2025-10-07 00:17:32] (Worker_4) 成功为问题 'John volunteers at a shelter twice a month for 3 h...' 评定难度: 5
[INFO] 2025-10-07 00:17:32] (Worker_8) 成功为问题 'Benny bought  2 soft drinks for$ 4 each and 5 cand...' 评定难度: 5
[INFO] 2025-10-07 00:17:32] (Worker_0) 成功为问题 'Bobby has 16 toy cars, and the number of cars he h...' 评定难度: 7
[INFO] 2025-10-07 00:17:32] (Worker_5) 成功为问题 'John puts $25 in his piggy bank every month for 2 ...' 评定难度: 5
[INFO] 2025-10-07 00:17:32] (Worker_6) 成功为问题 'Jack has a stack of books that is 12 inches thick....' 评定难度: 5
[INFO] 2025-10-07 00:17:32] (Worker_1) 成功为问题 'Five coaster vans are used to transport students f...' 评定难度: 5
[INFO] 2025-10-07 00:17:32] (Worker_3) 成功为问题 'There are some lions in Londolozi at first. Lion c...' 评定难度: 5
[INFO] 2025-10-07 00:17:32] (Worker_7) 成功为问题 'Wickham is throwing a huge Christmas party. He inv...' 评定难度: 7
[INFO] 2025-10-07 00:17:32] (Worker_7) 成功为问题 'Lisa is looking to attempt a World Record. She has...' 评定难度: 7
[INFO] 2025-10-07 00:17:32] (Worker_6) 成功为问题 'Missy had a giant piggy bank in her bedroom.  Ever...' 评定难度: 5
[INFO] 2025-10-07 00:17:32] (Worker_3) 成功为问题 'Ravi has some coins. He has 2 more quarters than n...' 评定难度: 5
[INFO] 2025-10-07 00:17:32] (Worker_1) 成功为问题 'By the time Anne is two times as old as Emile, Emi...' 评定难度: 7
[INFO] 2025-10-07 00:17:33] (Worker_8) 成功为问题 'Mike and Ted planted tomatoes.  In the morning, Mi...' 评定难度: 5
[INFO] 2025-10-07 00:17:33] (Worker_4) 成功为问题 'Randy just turned 12 and started playing the piano...' 评定难度: 7
[INFO] 2025-10-07 00:17:33] (Worker_3) 成功为问题 'Bekah had to read 408 pages for history class. She...' 评定难度: 5
[INFO] 2025-10-07 00:17:33] (Worker_7) 成功为问题 'A car uses 20 gallons of gas to travel 400 miles. ...' 评定难度: 7
[INFO] 2025-10-07 00:17:33] (Worker_6) 成功为问题 'Mira jogs every morning. She jogs 5 miles per hour...' 评定难度: 5
[INFO] 2025-10-07 00:17:33] (Worker_1) 成功为问题 'Andy and Bob went to the canteen to buy snacks. Th...' 评定难度: 6
[INFO] 2025-10-07 00:17:33] (Worker_0) 成功为问题 'In 6 months Bella and Bob will be celebrating thei...' 评定难度: 5
[INFO] 2025-10-07 00:17:33] (Worker_2) 成功为问题 'Susie has $200 in her piggy bank. If she puts 20% ...' 评定难度: 3
[INFO] 2025-10-07 00:17:33] (Worker_5) 成功为问题 'A church has 120 members. 40% are adults. The rest...' 评定难度: 5
[INFO] 2025-10-07 00:17:33] (Worker_9) 成功为问题 'Last year Jessica paid $1000 for rent, $200 for fo...' 评定难度: 7
[INFO] 2025-10-07 00:17:33] (Worker_8) 成功为问题 'A library cabinet houses five ancient scrolls. The...' 评定难度: 7
[INFO] 2025-10-07 00:17:33] (Worker_4) 成功为问题 'A washing machine uses 20 gallons of water for a h...' 评定难度: 7
[INFO] 2025-10-07 00:17:34] (Worker_8) 成功为问题 'Mark buys a loaf of bread for $4.20 and some chees...' 评定难度: 5
[INFO] 2025-10-07 00:17:34] (Worker_7) 成功为问题 'Ian won $100 in the lottery.  He decided to use th...' 评定难度: 6
[INFO] 2025-10-07 00:17:34] (Worker_6) 成功为问题 'A company has 200 employees.  60% of the employees...' 评定难度: 5
[INFO] 2025-10-07 00:17:34] (Worker_9) 成功为问题 'Bryan starts exercising at home during quarantine....' 评定难度: 5
[INFO] 2025-10-07 00:17:34] (Worker_5) 成功为问题 'Jolene and Phil have four children, each with the ...' 评定难度: 5
[INFO] 2025-10-07 00:17:34] (Worker_3) 成功为问题 'There are 32 tables in a hall. Half the tables hav...' 评定难度: 5
[INFO] 2025-10-07 00:17:34] (Worker_1) 成功为问题 'Jan buys 1000 feet of cable.  She splits it up int...' 评定难度: 5
[INFO] 2025-10-07 00:17:34] (Worker_0) 成功为问题 'Emery and Serena go to their school library, and e...' 评定难度: 5
[INFO] 2025-10-07 00:17:34] (Worker_4) 成功为问题 'Max likes to collect model trains.  He asks for on...' 评定难度: 7
[INFO] 2025-10-07 00:17:34] (Worker_8) 成功为问题 'Jake has $5000. He spends $2800 on a new motorcycl...' 评定难度: 5
[INFO] 2025-10-07 00:17:34] (Worker_2) 成功为问题 'A laboratory has 22 beakers of liquid in a fume ho...' 评定难度: 6
[INFO] 2025-10-07 00:17:34] (Worker_5) 成功为问题 'Kate bought 7 packs of red bouncy balls and 6 pack...' 评定难度: 5
[INFO] 2025-10-07 00:17:34] (Worker_1) 成功为问题 'Ann is baking cookies. She bakes three dozen oatme...' 评定难度: 5
[INFO] 2025-10-07 00:17:34] (Worker_0) 成功为问题 'Mckenna starts her day at 8:00 a.m. She works in h...' 评定难度: 5
[INFO] 2025-10-07 00:17:34] (Worker_9) 成功为问题 'Frank has 7 one-dollar bills, 4 five-dollar bills,...' 评定难度: 7
[INFO] 2025-10-07 00:17:34] (Worker_7) 成功为问题 'In April, Tank gathered 10 more Easter eggs than E...' 评定难度: 7
[INFO] 2025-10-07 00:17:34] (Worker_3) 成功为问题 'Mr. Lu owns a computer store. For last month, half...' 评定难度: 5
[INFO] 2025-10-07 00:17:34] (Worker_6) 成功为问题 'Jack is running a bake sale to help pay for his ba...' 评定难度: 7
[INFO] 2025-10-07 00:17:34] (Worker_4) 成功为问题 'A fox can run at the maximum speed of 50 kilometer...' 评定难度: 3
[INFO] 2025-10-07 00:17:34] (Worker_8) 成功为问题 'There are 12 crates that each contain 150 oranges....' 评定难度: 5
[INFO] 2025-10-07 00:17:35] (Worker_2) 成功为问题 'The ratio of boys to girls in a family is 5:7. The...' 评定难度: 3
[INFO] 2025-10-07 00:17:35] (Worker_5) 成功为问题 'Tony has a terrible toothache and decides to buy s...' 评定难度: 6
[INFO] 2025-10-07 00:17:35] (Worker_3) 成功为问题 'Angie bought 3 lbs. of coffee at the store today. ...' 评定难度: 5
[INFO] 2025-10-07 00:17:35] (Worker_7) 成功为问题 'One pie costs $4 for a piece. Each pie is having 3...' 评定难度: 5
[INFO] 2025-10-07 00:17:35] (Worker_0) 成功为问题 'Caleb picked a handful of dandelion puffs. He gave...' 评定难度: 5
[INFO] 2025-10-07 00:17:35] (Worker_9) 成功为问题 'Tom uses 10 weight plates each weighing 30 pounds ...' 评定难度: 7
[INFO] 2025-10-07 00:17:35] (Worker_1) 成功为问题 'An 18-month magazine subscription is normally $34....' 评定难度: 5
[INFO] 2025-10-07 00:17:35] (Worker_2) 成功为问题 'On a road map, 1/4 inch represents 8 miles of actu...' 评定难度: 7
[INFO] 2025-10-07 00:17:35] (Worker_4) 成功为问题 'Nate got lost looking for his car in the airport p...' 评定难度: 7
[INFO] 2025-10-07 00:17:35] (Worker_8) 成功为问题 'Bush and Matt are brothers. Bush is younger than M...' 评定难度: 5
[INFO] 2025-10-07 00:17:35] (Worker_6) 成功为问题 'A rectangular plot of private property is fenced i...' 评定难度: 5
[INFO] 2025-10-07 00:17:35] (Worker_5) 成功为问题 'Hannah sold 40 pieces of cookies for $0.8 each and...' 评定难度: 5
[INFO] 2025-10-07 00:17:36] (Worker_4) 成功为问题 'An Italian restaurant earns $600 every weekday and...' 评定难度: 7
[INFO] 2025-10-07 00:17:36] (Worker_2) 成功为问题 'John plants a plot of 3 trees by 4 trees.  Each tr...' 评定难度: 3
[INFO] 2025-10-07 00:17:36] (Worker_0) 成功为问题 'Every hour past noon shadows from a building stret...' 评定难度: 5
[INFO] 2025-10-07 00:17:36] (Worker_7) 成功为问题 'Adam goes to a small school, which teaches 80 stud...' 评定难度: 5
[INFO] 2025-10-07 00:17:36] (Worker_3) 成功为问题 'Anne is 2 times as tall as her sister while Bella ...' 评定难度: 7
[INFO] 2025-10-07 00:17:36] (Worker_1) 成功为问题 'Jill and her brother Jack are going apple picking....' 评定难度: 5
[INFO] 2025-10-07 00:17:36] (Worker_9) 成功为问题 'You can buy 4 apples or 1 watermelon for the same ...' 评定难度: 5
[INFO] 2025-10-07 00:17:36] (Worker_6) 成功为问题 'Johns goes to the gym 3 times a week.  He spends 1...' 评定难度: 5
[INFO] 2025-10-07 00:17:36] (Worker_5) 成功为问题 'Jimmy is going to sell pizzas at the carnival to m...' 评定难度: 6
[INFO] 2025-10-07 00:17:36] (Worker_8) 成功为问题 'Larry and Barry want to pick apples out of the tre...' 评定难度: 5
[INFO] 2025-10-07 00:17:36] (Worker_2) 成功为问题 'John earned $18 on Saturday but he only managed to...' 评定难度: 7
[INFO] 2025-10-07 00:17:37] (Worker_9) 成功为问题 'Amanda needs 12 more marbles to have twice as many...' 评定难度: 7
[INFO] 2025-10-07 00:17:37] (Worker_7) 成功为问题 'Nadia was sent to the flower shop to buy 20 roses ...' 评定难度: 7
[INFO] 2025-10-07 00:17:37] (Worker_2) 成功为问题 'The price of a home is $98 per square foot (sq ft)...' 评定难度: 5
[INFO] 2025-10-07 00:17:37] (Worker_3) 成功为问题 'Oliver has 10 $20 and 3 $5 bills. William has 15 $...' 评定难度: 5
[INFO] 2025-10-07 00:17:39] (Worker_6) 成功为问题 'Hansel makes $30,000 a year and just received a 10...' 评定难度: 7
[INFO] 2025-10-07 00:17:39] (Worker_0) 成功为问题 'Ayla has a customer care job whose primary role is...' 评定难度: 6
[INFO] 2025-10-07 00:17:39] (Worker_8) 成功为问题 'Arven bought five puppies for a total cost of $800...' 评定难度: 6
[INFO] 2025-10-07 00:17:40] (Worker_3) 成功为问题 'Riku has 25 times more stickers than Kristoff. If ...' 评定难度: 5
[INFO] 2025-10-07 00:17:40] (Worker_9) 成功为问题 'One of Robi's new year's resolutions is to start s...' 评定难度: 7
[INFO] 2025-10-07 00:17:40] (Worker_8) 成功为问题 'John wants to finish a show in 5 days.  There are ...' 评定难度: 3
[INFO] 2025-10-07 00:17:40] (Worker_7) 成功为问题 'The card shop has two boxes of cards. The first bo...' 评定难度: 5
[INFO] 2025-10-07 00:17:40] (Worker_2) 成功为问题 'Gina has two bank accounts. Each account has a qua...' 评定难度: 5
[INFO] 2025-10-07 00:17:40] (Worker_6) 成功为问题 'Lily has 5 lottery tickets to sell.  She sells the...' 评定难度: 7
[INFO] 2025-10-07 00:17:40] (Worker_4) 成功为问题 'Trevor buys several bouquets of carnations. The fi...' 评定难度: 5
[INFO] 2025-10-07 00:17:40] (Worker_5) 成功为问题 'Sabrina went to the library and found a historical...' 评定难度: 6
[INFO] 2025-10-07 00:17:40] (Worker_0) 成功为问题 'Matt buys a massager.  At the lowest setting, it v...' 评定难度: 7
[INFO] 2025-10-07 00:17:40] (Worker_1) 成功为问题 'Ursula is working at a marketing firm. She created...' 评定难度: 5
[INFO] 2025-10-07 00:17:41] (Worker_0) 成功为问题 'Phillip's mother asked him to go to the supermarke...' 评定难度: 3
[INFO] 2025-10-07 00:17:41] (Worker_5) 成功为问题 'For every 1 minute that Carlotta sings on stage du...' 评定难度: 7
[INFO] 2025-10-07 00:17:41] (Worker_4) 成功为问题 'May can knit 3 scarves using one yarn. She bought ...' 评定难度: 5
[INFO] 2025-10-07 00:17:41] (Worker_1) 成功为问题 'Pam has some bags of apples. Each of her bags has ...' 评定难度: 6
[INFO] 2025-10-07 00:17:41] (Worker_7) 成功为问题 'Jim collects model cars, and he has 301 models tot...' 评定难度: 6
[INFO] 2025-10-07 00:17:41] (Worker_9) 成功为问题 'Bran's tuition fee is $90. He does a part-time job...' 评定难度: 5
[INFO] 2025-10-07 00:17:41] (Worker_3) 成功为问题 'There were 18 students assigned in a minibus for a...' 评定难度: 5
[INFO] 2025-10-07 00:17:41] (Worker_6) 成功为问题 'Mary used 15 gallons of fuel this week. Last week ...' 评定难度: 5
[INFO] 2025-10-07 00:17:41] (Worker_2) 成功为问题 'A family has three adults and children, both girls...' 评定难度: 6
[INFO] 2025-10-07 00:17:41] (Worker_8) 成功为问题 'John decides to get gym memberships so he can get ...' 评定难度: 7
[INFO] 2025-10-07 00:17:41] (Worker_4) 成功为问题 'There were sweets on the table. Jack came and took...' 评定难度: 5
[INFO] 2025-10-07 00:17:41] (Worker_0) 成功为问题 'Chelsea has 24 kilos of sugar. She divides them in...' 评定难度: 5
[INFO] 2025-10-07 00:17:41] (Worker_5) 成功为问题 'Bert fills out the daily crossword puzzle in the n...' 评定难度: 6
[INFO] 2025-10-07 00:17:41] (Worker_1) 成功为问题 'Basil gets 1/2 of a  dog cookie in the morning and...' 评定难度: 7
[INFO] 2025-10-07 00:17:41] (Worker_8) 成功为问题 'Tommy wants to earn enough money to buy 8 new book...' 评定难度: 3
[INFO] 2025-10-07 00:17:42] (Worker_2) 成功为问题 'Cary is an engineer in charge of designing an irri...' 评定难度: 7
[INFO] 2025-10-07 00:17:42] (Worker_7) 成功为问题 'It costs $.10 to print one page. Jenny wants to pr...' 评定难度: 7
[INFO] 2025-10-07 00:17:42] (Worker_9) 成功为问题 '240 sixth-grade students were asked about the numb...' 评定难度: 5
[INFO] 2025-10-07 00:17:42] (Worker_3) 成功为问题 'Carrie is wrapping three birthday presents. One pr...' 评定难度: 7
[INFO] 2025-10-07 00:17:42] (Worker_6) 成功为问题 'Tommy is making 12 loaves of bread. He needs 4 pou...' 评定难度: 5
[INFO] 2025-10-07 00:17:42] (Worker_6) 成功为问题 'There are enough provisions in a castle to feed 30...' 评定难度: 5
[INFO] 2025-10-07 00:17:42] (Worker_3) 成功为问题 'Berry wants to make sure he reads an average of 50...' 评定难度: 6
[INFO] 2025-10-07 00:17:43] (Worker_9) 成功为问题 'Hash has nine more than half as many toys as Bill ...' 评定难度: 5
[INFO] 2025-10-07 00:17:43] (Worker_9) 成功为问题 'Roselyn gives Mara three times as many books as sh...' 评定难度: 5
[INFO] 2025-10-07 00:17:43] (Worker_3) 成功为问题 'Madeline spends 18 hours a week in class. She spen...' 评定难度: 5
[INFO] 2025-10-07 00:17:43] (Worker_6) 成功为问题 'The selling price of a bicycle that had sold for $...' 评定难度: 5
[INFO] 2025-10-07 00:17:43] (Worker_9) 成功为问题 'Natalie's sister had 8 small diaries in her locker...' 评定难度: 5
[INFO] 2025-10-07 00:17:43] (Worker_6) 成功为问题 'Five months ago, Mike earned 10 times more money t...' 评定难度: 6
[INFO] 2025-10-07 00:17:43] (Worker_3) 成功为问题 'Austin bought his seven friends each a robot. Each...' 评定难度: 7
[INFO] 2025-10-07 00:17:44] (Worker_9) 成功为问题 'A shady restaurant is charging customers gratuitie...' 评定难度: 6
[INFO] 2025-10-07 00:17:44] (Worker_1) 成功为问题 'Carl types at a speed of 50 words per minute. If h...' 评定难度: 7
[INFO] 2025-10-07 00:17:44] (Worker_4) 成功为问题 'Parker is 4 inches shorter than Daisy. Daisy is 8 ...' 评定难度: 5
[INFO] 2025-10-07 00:17:44] (Worker_0) 成功为问题 'There are 110 calories in a serving of cheese.  Ri...' 评定难度: 5
[INFO] 2025-10-07 00:17:44] (Worker_3) 成功为问题 'A building has four floors with ten rooms each. Le...' 评定难度: 7
[INFO] 2025-10-07 00:17:44] (Worker_6) 成功为问题 'Jay & Gloria were hosting a 4th of July party at t...' 评定难度: 7
[INFO] 2025-10-07 00:17:44] (Worker_1) 成功为问题 'Fred had 236 dollars to spend on 6 books. After bu...' 评定难度: 5
[INFO] 2025-10-07 00:17:44] (Worker_9) 成功为问题 'Bob was creating a math test for an online platfor...' 评定难度: 7
[INFO] 2025-10-07 00:17:44] (Worker_4) 成功为问题 'It takes 15 mink skins to make a coat. Andy buys 3...' 评定难度: 7
[INFO] 2025-10-07 00:17:44] (Worker_0) 成功为问题 'A used car lot has 24 cars and motorcycles (in tot...' 评定难度: 5
[INFO] 2025-10-07 00:17:44] (Worker_3) 成功为问题 'Samuel bought 2 dozen doughnuts and Cathy bought 3...' 评定难度: 3
[INFO] 2025-10-07 00:17:44] (Worker_6) 成功为问题 'Laura is planning her wedding. She expects 220 peo...' 评定难度: 5
[INFO] 2025-10-07 00:17:45] (Worker_9) 成功为问题 'Dorothy earns $60000 a year from her work. She nee...' 评定难度: 5
[INFO] 2025-10-07 00:17:45] (Worker_1) 成功为问题 'A roadwork company is paving a newly constructed 1...' 评定难度: 7
[INFO] 2025-10-07 00:17:45] (Worker_6) 成功为问题 'Alex has 2 cakes that are each cut into 8 slices. ...' 评定难度: 5
[INFO] 2025-10-07 00:17:45] (Worker_4) 成功为问题 'Kantana loves chocolate. Every Saturday she goes t...' 评定难度: 5
[INFO] 2025-10-07 00:17:45] (Worker_3) 成功为问题 'Eve wants to buy her 3 nieces cooking gear that's ...' 评定难度: 7
[INFO] 2025-10-07 00:17:45] (Worker_0) 成功为问题 'Martha needs 4 cups of berries and 2 cups of heavy...' 评定难度: 5
[INFO] 2025-10-07 00:17:45] (Worker_1) 成功为问题 'Bobby needed to make some trips with his truck and...' 评定难度: 7
[INFO] 2025-10-07 00:17:45] (Worker_9) 成功为问题 'At a gathering, it was reported that 26 people too...' 评定难度: 7
[INFO] 2025-10-07 00:17:45] (Worker_6) 成功为问题 'Terez has 44 cows on his farm.  50 percent of the ...' 评定难度: 5
[INFO] 2025-10-07 00:17:46] (Worker_0) 成功为问题 'In a 90-minute soccer game, Mark played 20 minutes...' 评定难度: 5
[INFO] 2025-10-07 00:17:46] (Worker_3) 成功为问题 'Samuel swept the porch and cleared nine-tenths of ...' 评定难度: 6
[INFO] 2025-10-07 00:17:46] (Worker_4) 成功为问题 'Tom needs to lower a rope down 6 stories.   One st...' 评定难度: 7
[INFO] 2025-10-07 00:17:46] (Worker_9) 成功为问题 'Archie is playing with his marbles outside. He los...' 评定难度: 5
[INFO] 2025-10-07 00:17:46] (Worker_1) 成功为问题 'Kim's TV uses 125 watts of electricity per hour.  ...' 评定难度: 7
[INFO] 2025-10-07 00:17:46] (Worker_8) 成功为问题 'Janet hires six employees. Four of them are wareho...' 评定难度: 7
[INFO] 2025-10-07 00:17:46] (Worker_7) 成功为问题 'Farmer Brown raises emus, large birds. His flock h...' 评定难度: 5
[INFO] 2025-10-07 00:17:46] (Worker_5) 成功为问题 'Jason is mixing a batch of black paint. He needs t...' 评定难度: 5
[INFO] 2025-10-07 00:17:46] (Worker_2) 成功为问题 'The seats of a bus are arranged in 23 rows of 4 se...' 评定难度: 7
[INFO] 2025-10-07 00:17:47] (Worker_1) 成功为问题 'For a school fundraiser, Chandler needs to sell 12...' 评定难度: 5
[INFO] 2025-10-07 00:17:47] (Worker_2) 成功为问题 'Seth bought some boxes of oranges. He gave a box t...' 评定难度: 7
[INFO] 2025-10-07 00:17:47] (Worker_9) 成功为问题 'A farmer has twice as many pigs as cows, and 4 mor...' 评定难度: 5
[INFO] 2025-10-07 00:17:48] (Worker_6) 成功为问题 'Adam earns $40 daily in his job. 10% of his money ...' 评定难度: 5
[INFO] 2025-10-07 00:17:48] (Worker_8) 成功为问题 'Jackson’s mom packs him a peanut butter and jelly ...' 评定难度: 5
[INFO] 2025-10-07 00:17:48] (Worker_0) 成功为问题 'Lucille is painting her room. Two of her walls are...' 评定难度: 5
[INFO] 2025-10-07 00:17:48] (Worker_4) 成功为问题 'Brian can only hold his breath underwater for 10 s...' 评定难度: 7
[INFO] 2025-10-07 00:17:48] (Worker_7) 成功为问题 'Punger collects baseball cards.  He buys 60 packs ...' 评定难度: 5
[INFO] 2025-10-07 00:17:48] (Worker_3) 成功为问题 'Jeremy listened to five fewer songs yesterday than...' 评定难度: 5
[INFO] 2025-10-07 00:17:48] (Worker_5) 成功为问题 'On Friday, Remy paid Sally’s Woodworking LLC a tot...' 评定难度: 5
[INFO] 2025-10-07 00:17:51] (Worker_1) 成功为问题 'Marla has a grid of squares that has 10 rows and 1...' 评定难度: 7
[INFO] 2025-10-07 00:17:51] (Worker_8) 成功为问题 'Rene can finish reading 30 pages in 60 minutes. Lu...' 评定难度: 5
[INFO] 2025-10-07 00:17:51] (Worker_0) 成功为问题 'Sonja makes her own peanut butter with peanuts and...' 评定难度: 5
[INFO] 2025-10-07 00:17:51] (Worker_1) 成功为问题 'In a race, there are eight runners. The first five...' 评定难度: 7
[INFO] 2025-10-07 00:17:51] (Worker_2) 成功为问题 'Students at Highridge High earn 2 points for each ...' 评定难度: 3
[INFO] 2025-10-07 00:17:51] (Worker_4) 成功为问题 'On the first day of the journey, the Skipper saile...' 评定难度: 5
[INFO] 2025-10-07 00:17:51] (Worker_5) 成功为问题 'If Stu has 9 books and Albert has 4 times as many ...' 评定难度: 5
[INFO] 2025-10-07 00:17:51] (Worker_9) 成功为问题 'Catriona has 8 goldfish in her aquarium. She has 4...' 评定难度: 7
[INFO] 2025-10-07 00:17:51] (Worker_6) 成功为问题 'Carl has a jar full of marbles. He takes out 12 ma...' 评定难度: 6
[INFO] 2025-10-07 00:17:51] (Worker_1) 成功为问题 'Linda bought two coloring books at $4 each, 4 pack...' 评定难度: 7
[INFO] 2025-10-07 00:17:52] (Worker_5) 成功为问题 'Ronald can grill 15 hamburgers per session on his ...' 评定难度: 5
[INFO] 2025-10-07 00:17:52] (Worker_7) 成功为问题 'Karen’s work tote bag is twice the weight of her h...' 评定难度: 7
[INFO] 2025-10-07 00:17:52] (Worker_3) 成功为问题 'Tony paid $7 for 2 dozen apples and 1 bunch of ban...' 评定难度: 6
[INFO] 2025-10-07 00:17:52] (Worker_2) 成功为问题 'Monika went out for the day and spent some money. ...' 评定难度: 5
[INFO] 2025-10-07 00:17:52] (Worker_1) 成功为问题 'There are 40 more buyers in the grocery store toda...' 评定难度: 7
[INFO] 2025-10-07 00:17:52] (Worker_9) 成功为问题 'TJ ran a 10K race last Saturday. He ran the first ...' 评定难度: 5
[INFO] 2025-10-07 00:17:52] (Worker_4) 成功为问题 'Nurse Missy is attending to the needs of 12 patien...' 评定难度: 5
[INFO] 2025-10-07 00:17:52] (Worker_6) 成功为问题 'Alison bought some storage tubs for her garage. Sh...' 评定难度: 5
[INFO] 2025-10-07 00:17:52] (Worker_2) 成功为问题 'Uki owns a bakery. She sells cupcakes at $1.50 eac...' 评定难度: 7
[INFO] 2025-10-07 00:17:52] (Worker_1) 成功为问题 'John decides to learn how to play the piano.  He b...' 评定难度: 7
[INFO] 2025-10-07 00:17:52] (Worker_3) 成功为问题 'James buys 3 CDs.  Two of them are 1.5 hours each....' 评定难度: 5
[INFO] 2025-10-07 00:17:53] (Worker_9) 成功为问题 'Patrick is half the age of his elder brother Rober...' 评定难度: 5
[INFO] 2025-10-07 00:17:53] (Worker_6) 成功为问题 'It takes David 10 minutes to wash 4 windows.  Davi...' 评定难度: 3
[INFO] 2025-10-07 00:17:53] (Worker_4) 成功为问题 'On Monday, Matt worked for 450 minutes in his offi...' 评定难度: 5
[INFO] 2025-10-07 00:17:53] (Worker_5) 成功为问题 'A store owner buys clothes wholesale and adds 80% ...' 评定难度: 5
[INFO] 2025-10-07 00:17:53] (Worker_7) 成功为问题 'Suraya picked 12 apples more than Caleb, and Caleb...' 评定难度: 5
[INFO] 2025-10-07 00:17:53] (Worker_0) 成功为问题 'Emily makes $1,000,000 per year. If she has 10 emp...' 评定难度: 5
[INFO] 2025-10-07 00:17:53] (Worker_8) 成功为问题 'Keaton climbed a 30 feet ladder twenty times while...' 评定难度: 7
[INFO] 2025-10-07 00:17:53] (Worker_3) 成功为问题 'When the strawberries at Fruity Farm are ready for...' 评定难度: 7
[INFO] 2025-10-07 00:17:53] (Worker_2) 成功为问题 'Anna baked 60 cupcakes. She gives away 4/5 of the ...' 评定难度: 5
[INFO] 2025-10-07 00:17:53] (Worker_1) 成功为问题 'Nico borrows 3 books from the library on Monday.  ...' 评定难度: 7
[INFO] 2025-10-07 00:17:53] (Worker_9) 成功为问题 'Daniela goes shopping during a sale. She finds out...' 评定难度: 5
[INFO] 2025-10-07 00:17:53] (Worker_6) 成功为问题 'Nellie can eat 12 sourball candies before crying. ...' 评定难度: 7
[INFO] 2025-10-07 00:17:53] (Worker_7) 成功为问题 'Oscar wants to train for a marathon. He plans to a...' 评定难度: 5
[INFO] 2025-10-07 00:17:53] (Worker_5) 成功为问题 'In a northwestern town, it rained 4 inches per day...' 评定难度: 5
[INFO] 2025-10-07 00:17:53] (Worker_4) 成功为问题 'John sublets his apartment to 3 people who each pa...' 评定难度: 5
[INFO] 2025-10-07 00:17:53] (Worker_3) 成功为问题 'Josh built his little brother a rectangular sandbo...' 评定难度: 5
[INFO] 2025-10-07 00:17:53] (Worker_8) 成功为问题 'Naomi is doing the wash. First she makes piles of ...' 评定难度: 7
[INFO] 2025-10-07 00:17:53] (Worker_0) 成功为问题 'Tony decided he wanted to be an astronaut.  He wen...' 评定难度: 7
[INFO] 2025-10-07 00:17:53] (Worker_1) 成功为问题 'Utopia National Park hosted 30,000 elephants on Fr...' 评定难度: 7
[INFO] 2025-10-07 00:17:53] (Worker_2) 成功为问题 'Chad sandwiches 2 crackers with a scoop of peanut ...' 评定难度: 7
[INFO] 2025-10-07 00:17:54] (Worker_7) 成功为问题 'The girl scouts earned $30 total from selling deli...' 评定难度: 5
[INFO] 2025-10-07 00:17:54] (Worker_5) 成功为问题 'Sam works at the Widget Factory, assembling Widget...' 评定难度: 7
[INFO] 2025-10-07 00:17:56] (Worker_2) 成功为问题 'A river is to be used for a boat race. If each boa...' 评定难度: 5
[INFO] 2025-10-07 00:17:56] (Worker_7) 成功为问题 'Joseph and his friends watched two movies in his h...' 评定难度: 5
[INFO] 2025-10-07 00:17:56] (Worker_5) 成功为问题 'Eustace is twice as old as Milford. In 3 years, he...' 评定难度: 5
[INFO] 2025-10-07 00:17:56] (Worker_6) 成功为问题 'Ten friends decide to get an end-of-year gift for ...' 评定难度: 7
[INFO] 2025-10-07 00:17:56] (Worker_9) 成功为问题 'Holly needs to take 2 insulin pills per day, 3 blo...' 评定难度: 5
[INFO] 2025-10-07 00:17:56] (Worker_0) 成功为问题 'Omi is twice as old as Kimiko. Arlette is 3/4 time...' 评定难度: 6
[INFO] 2025-10-07 00:17:56] (Worker_1) 成功为问题 'A hay farmer harvested 560 bales of hay from 5 acr...' 评定难度: 7
[INFO] 2025-10-07 00:17:57] (Worker_2) 成功为问题 'Three adults whose average weight is 140 pounds we...' 评定难度: 7
[INFO] 2025-10-07 00:17:57] (Worker_0) 成功为问题 'Ryan has 40 balls. There are twice as many red bal...' 评定难度: 5
[INFO] 2025-10-07 00:17:57] (Worker_5) 成功为问题 'Mark wants to set the record for most consecutive ...' 评定难度: 7
[INFO] 2025-10-07 00:17:57] (Worker_1) 成功为问题 'John drinks 2 energy drinks. 1 of them is a 12-oun...' 评定难度: 6
[INFO] 2025-10-07 00:17:57] (Worker_7) 成功为问题 'Frank needs to meet a quota at work for his sales....' 评定难度: 7
[INFO] 2025-10-07 00:17:57] (Worker_9) 成功为问题 'Uncle Jude baked 256 cookies. He gave 15 cookies t...' 评定难度: 6
[INFO] 2025-10-07 00:17:57] (Worker_8) 成功为问题 'A new movie gets released and makes $120 million i...' 评定难度: 7
[INFO] 2025-10-07 00:17:57] (Worker_3) 成功为问题 'Kimberley, Ela, and Houston all are sent to collec...' 评定难度: 6
[INFO] 2025-10-07 00:17:57] (Worker_4) 成功为问题 'Karen is packing her backpack for a long-distance ...' 评定难度: 7
[INFO] 2025-10-07 00:17:58] (Worker_8) 成功为问题 'Mrs. Wilsborough saved $500 to buy concert tickets...' 评定难度: 5
[INFO] 2025-10-07 00:17:58] (Worker_6) 成功为问题 'Max has 8 children and each of his children has th...' 评定难度: 5
[INFO] 2025-10-07 00:17:58] (Worker_0) 成功为问题 'In mid-May, the river flowing through Moreland is ...' 评定难度: 7
[INFO] 2025-10-07 00:17:58] (Worker_3) 成功为问题 'Bryan works as a social media account manager. He ...' 评定难度: 5
[INFO] 2025-10-07 00:17:58] (Worker_5) 成功为问题 'Jim buys a package of 20 car washes.  Since He bou...' 评定难度: 5
[INFO] 2025-10-07 00:17:58] (Worker_2) 成功为问题 'Bert's golden retriever has grown tremendously sin...' 评定难度: 7
[INFO] 2025-10-07 00:17:58] (Worker_4) 成功为问题 'Mom went shopping at the market. She left with €55...' 评定难度: 3
[INFO] 2025-10-07 00:17:58] (Worker_1) 成功为问题 'Ken had fifty pencils, and he wanted to share some...' 评定难度: 5
[INFO] 2025-10-07 00:17:58] (Worker_9) 成功为问题 'Miriam spent 30 minutes doing laundry, 15 minutes ...' 评定难度: 6
[INFO] 2025-10-07 00:17:58] (Worker_7) 成功为问题 'Kenny played 10 hours of basketball last week. He ...' 评定难度: 7
[INFO] 2025-10-07 00:17:58] (Worker_2) 成功为问题 'In the school's library, there are 2300 different ...' 评定难度: 7
[INFO] 2025-10-07 00:17:58] (Worker_3) 成功为问题 'Ever since she was a little girl, Sheila has dream...' 评定难度: 7
[INFO] 2025-10-07 00:17:58] (Worker_1) 成功为问题 'Javier has a wife and 3 children. They have 2 dogs...' 评定难度: 5
[INFO] 2025-10-07 00:17:58] (Worker_4) 成功为问题 'Tanya went to the grocery store to buy some fruit....' 评定难度: 6
[INFO] 2025-10-07 00:17:58] (Worker_5) 成功为问题 'A frog lays her eggs over a series of 4 days.  The...' 评定难度: 7
[INFO] 2025-10-07 00:17:58] (Worker_9) 成功为问题 'Tina is getting $20 for each book she sells. If sh...' 评定难度: 7
[INFO] 2025-10-07 00:17:58] (Worker_0) 成功为问题 'There is three less than four times the number of ...' 评定难度: 5
[INFO] 2025-10-07 00:17:58] (Worker_8) 成功为问题 'Rose had 10 kilograms of rice. She cooked 9/10 kil...' 评定难度: 5
[INFO] 2025-10-07 00:17:58] (Worker_7) 成功为问题 'Michael loves to paint and sells his creations. He...' 评定难度: 3
[INFO] 2025-10-07 00:17:58] (Worker_6) 成功为问题 'Calvin and Paislee played a pool game where points...' 评定难度: 5
[INFO] 2025-10-07 00:17:59] (Worker_3) 成功为问题 'Maria wants to buy a brand new bike. The retail pr...' 评定难度: 5
[INFO] 2025-10-07 00:17:59] (Worker_5) 成功为问题 'While Greg was camping with his family for a week,...' 评定难度: 5
[INFO] 2025-10-07 00:17:59] (Worker_2) 成功为问题 'Calvin has been saving his hair clippings after ea...' 评定难度: 5
[INFO] 2025-10-07 00:17:59] (Worker_4) 成功为问题 'Lao is farming chickens. He can sell each chicken ...' 评定难度: 6
[INFO] 2025-10-07 00:17:59] (Worker_1) 成功为问题 'Catherine had an equal number of pencils and pens....' 评定难度: 5
[INFO] 2025-10-07 00:17:59] (Worker_0) 成功为问题 'Cori is 3 years old today.  In 5 years, she will b...' 评定难度: 5
[INFO] 2025-10-07 00:17:59] (Worker_6) 成功为问题 'Sab and Dane sold 6 pairs of shoes that cost $3 ea...' 评定难度: 5
[INFO] 2025-10-07 00:17:59] (Worker_7) 成功为问题 'Derek is watching the construction cranes downtown...' 评定难度: 7
[INFO] 2025-10-07 00:17:59] (Worker_9) 成功为问题 'Timothy has $50 to spend at a souvenir shop. He se...' 评定难度: 5
[INFO] 2025-10-07 00:17:59] (Worker_8) 成功为问题 'Martin is organizing a party, and he invited many ...' 评定难度: 7
[INFO] 2025-10-07 00:17:59] (Worker_5) 成功为问题 'Carla bought 2 bags of mini peanut butter cups on ...' 评定难度: 3
[INFO] 2025-10-07 00:17:59] (Worker_2) 成功为问题 'In a classroom, 10 children have 7 books each. The...' 评定难度: 1
[INFO] 2025-10-07 00:17:59] (Worker_0) 成功为问题 'A spider has eight legs.  If a group of spiders ha...' 评定难度: 7
[INFO] 2025-10-07 00:17:59] (Worker_4) 成功为问题 'Megan has read 32 books this year.  Kelcie has rea...' 评定难度: 5
[INFO] 2025-10-07 00:17:59] (Worker_1) 成功为问题 'Jar A has 28 marbles. Jar B has 12 more marbles th...' 评定难度: 5
[INFO] 2025-10-07 00:17:59] (Worker_3) 成功为问题 'Reggie and his brother are having a basketball sho...' 评定难度: 7
[INFO] 2025-10-07 00:17:59] (Worker_9) 成功为问题 'Emily has 6 marbles. Megan gives Emily double the ...' 评定难度: 5
[INFO] 2025-10-07 00:17:59] (Worker_6) 成功为问题 'Flora has been experiencing frequent fractures. Dr...' 评定难度: 7
[INFO] 2025-10-07 00:17:59] (Worker_7) 成功为问题 'John buys a box of 40 light bulbs.  He uses 16 of ...' 评定难度: 5
[INFO] 2025-10-07 00:17:59] (Worker_8) 成功为问题 'Jillian, Savannah, and Clayton were collecting she...' 评定难度: 5
[INFO] 2025-10-07 00:17:59] (Worker_5) 成功为问题 'The half-hour newscast includes 12 minutes of nati...' 评定难度: 5
[INFO] 2025-10-07 00:18:00] (Worker_3) 成功为问题 'A year ago, the total cost of buying a lawnmower w...' 评定难度: 5
[INFO] 2025-10-07 00:18:00] (Worker_0) 成功为问题 'Chad saves 40% of the money he earns/receives in a...' 评定难度: 5
[INFO] 2025-10-07 00:18:01] (Worker_9) 成功为问题 'John gets a bonus that's the same percentage every...' 评定难度: 5
[INFO] 2025-10-07 00:18:01] (Worker_1) 成功为问题 'Marcy's grade is electing their class president. M...' 评定难度: 7
[INFO] 2025-10-07 00:18:01] (Worker_0) 成功为问题 'At Snowflake Plastics, each employee gets 10 sick ...' 评定难度: 5
[INFO] 2025-10-07 00:18:01] (Worker_8) 成功为问题 'It takes 30 minutes to make pizza dough and anothe...' 评定难度: 7
[INFO] 2025-10-07 00:18:02] (Worker_9) 成功为问题 'Hadley wore his cowboy boots everywhere.  He walke...' 评定难度: 7
[INFO] 2025-10-07 00:18:02] (Worker_1) 成功为问题 'A shopping center sells T-shirts at $8 each, a swe...' 评定难度: 7
[INFO] 2025-10-07 00:18:03] (Worker_5) 成功为问题 'Frankie and Carla played 30 games of ping pong aga...' 评定难度: 5
[INFO] 2025-10-07 00:18:03] (Worker_2) 成功为问题 'An amoeba reproduces by fission, splitting itself ...' 评定难度: 5
[INFO] 2025-10-07 00:18:03] (Worker_4) 成功为问题 'Fiona completed 36 math questions in an hour. Shir...' 评定难度: 7
[INFO] 2025-10-07 00:18:03] (Worker_1) 成功为问题 'It takes 7 years for an apple tree to bear fruit. ...' 评定难度: 5
[INFO] 2025-10-07 00:18:03] (Worker_7) 成功为问题 'Roberto and Valerie are jumping rope at recess. Ro...' 评定难度: 5
[INFO] 2025-10-07 00:18:03] (Worker_0) 成功为问题 'Jackson wants to impress his girlfriend by filling...' 评定难度: 5
[INFO] 2025-10-07 00:18:03] (Worker_9) 成功为问题 'Earl started delivering newspapers on the first fl...' 评定难度: 7
[INFO] 2025-10-07 00:18:03] (Worker_6) 成功为问题 'Clarissa is responsible for getting 10 copies of a...' 评定难度: 7
[INFO] 2025-10-07 00:18:03] (Worker_3) 成功为问题 'A man is returning home from work and trying to de...' 评定难度: 5
[INFO] 2025-10-07 00:18:03] (Worker_8) 成功为问题 'A lot of people have been sick at Gary's workplace...' 评定难度: 7
[INFO] 2025-10-07 00:18:04] (Worker_3) 成功为问题 'Julia is performing in her high school musical thi...' 评定难度: 5
[INFO] 2025-10-07 00:18:04] (Worker_7) 成功为问题 'A couple's wedding reception had 180 people. The b...' 评定难度: 5
[INFO] 2025-10-07 00:18:04] (Worker_3) 成功为问题 'Andy started out the year weighing 156 pounds. He ...' 评定难度: 7
[INFO] 2025-10-07 00:18:04] (Worker_7) 成功为问题 'Leticia, Nina, and Rosalie have a total of 25 peop...' 评定难度: 5
[INFO] 2025-10-07 00:18:04] (Worker_9) 成功为问题 'Kat decides she wants to start a boxing career.  S...' 评定难度: 5
[INFO] 2025-10-07 00:18:04] (Worker_8) 成功为问题 'Ian is looking to lose some weight.  He decides to...' 评定难度: 5
[INFO] 2025-10-07 00:18:04] (Worker_6) 成功为问题 'Kirt has a $6000 monthly salary when he started hi...' 评定难度: 5
[INFO] 2025-10-07 00:18:04] (Worker_5) 成功为问题 'James and Ali together own $250. If you know that ...' 评定难度: 5
[INFO] 2025-10-07 00:18:04] (Worker_1) 成功为问题 'Joey wants to buy the latest released pair of desi...' 评定难度: 5
[INFO] 2025-10-07 00:18:04] (Worker_0) 成功为问题 'Stan weighs 5 more pounds than Steve. Steve is eig...' 评定难度: 7
[INFO] 2025-10-07 00:18:05] (Worker_6) 成功为问题 'At a certain bookstore, the best-selling book, "TO...' 评定难度: 5
[INFO] 2025-10-07 00:18:05] (Worker_5) 成功为问题 'The perimeter of a triangle is 160 cm. If two of t...' 评定难度: 5
[INFO] 2025-10-07 00:18:05] (Worker_3) 成功为问题 'During the holidays, Lance works as a merchandiser...' 评定难度: 5
[INFO] 2025-10-07 00:18:05] (Worker_9) 成功为问题 'Jonah bought 6 pineapples for $3 each. Each pineap...' 评定难度: 6
[INFO] 2025-10-07 00:18:05] (Worker_7) 成功为问题 'Emily wants to know how much it rained last week. ...' 评定难度: 7
[INFO] 2025-10-07 00:18:05] (Worker_1) 成功为问题 'Before getting to work, Jess has a few errands to ...' 评定难度: 5
[INFO] 2025-10-07 00:18:05] (Worker_6) 成功为问题 'Hally and her friends organized a high school reun...' 评定难度: 6
[INFO] 2025-10-07 00:18:05] (Worker_2) 成功为问题 'A club with 30 members ordered fruit juices. Two-f...' 评定难度: 5
[INFO] 2025-10-07 00:18:05] (Worker_4) 成功为问题 'Maggie picked 40 apples. Kelsey picked 28 apples. ...' 评定难度: 6
[INFO] 2025-10-07 00:18:05] (Worker_8) 成功为问题 'Mrs. Smith wanted to buy wears worth $500. She wen...' 评定难度: 7
[INFO] 2025-10-07 00:18:05] (Worker_0) 成功为问题 'There are 40 Judges in the state of Rhode Island. ...' 评定难度: 5
[INFO] 2025-10-07 00:18:05] (Worker_3) 成功为问题 'MIlle is making snack packs for her kindergarten c...' 评定难度: 5
[INFO] 2025-10-07 00:18:05] (Worker_7) 成功为问题 'James's favorite basketball player got paid based ...' 评定难度: 5
[INFO] 2025-10-07 00:18:05] (Worker_5) 成功为问题 'There is a 5,200 sq. ft. house and a 7,300 sq. ft....' 评定难度: 5
[INFO] 2025-10-07 00:18:05] (Worker_9) 成功为问题 'Michael has a lot of matchsticks at home and decid...' 评定难度: 7
[INFO] 2025-10-07 00:18:05] (Worker_1) 成功为问题 'There are 6 people going on an airplane trip.  The...' 评定难度: 5
[INFO] 2025-10-07 00:18:05] (Worker_6) 成功为问题 'Salvadore earned $1956. Santo earned half of what ...' 评定难度: 5
[INFO] 2025-10-07 00:18:06] (MainThread) 处理完成！更新后的 7473 条数据已成功保存回 'D:\JIAYU\Documents\GitHub\Efficient-collaboration\dataset\TestData\GSM8K_train.json'。
[INFO] 2025-10-07 00:18:06] (MainThread) ===== 生成难度分布报告 =====
[INFO] 2025-10-07 00:18:06] (MainThread) ===== 脚本执行完毕 =====
