[INFO] 10-01 20:38:20 single_model_only.py:246] ===== 开始处理数据集问题: Given a rational number, write it as a fraction in lowest terms and calculate the product of the resulting numerator and denominator. For how many rat... =====
[INFO] 10-01 20:38:21 single_model_only.py:690] ===== Prompt 给模型 =====
[INFO] 10-01 20:38:21 single_model_only.py:691] [
  {
    "role": "system",
    "content": "You are a mathematical problem-solving assistant. I will provide you with a math problem. Your task is to solve it step by step.\n"
  },
  {
    "role": "user",
    "content": "Given a rational number, write it as a fraction in lowest terms and calculate the product of the resulting numerator and denominator. For how many rational numbers between 0 and 1 will $20_{}^{}!$ be the resulting product?"
  }
]
[INFO] 10-01 20:39:06 single_model_only.py:730] ===== 来自模型的完整输出 =====
[INFO] 10-01 20:39:06 single_model_only.py:731] To solve the problem, we need to understand the structure of the rational numbers between 0 and 1 and how their representations in lowest terms affect the product of the numerator and denominator.

First, let's denote the rational number between 0 and 1 as \(\frac{p}{q}\) where \(p\) and \(q\) are coprime (i.e., \(\gcd(p, q) = 1\)). The product of the numerator and the denominator is \(p \cdot q\). We need this product to be equal to \(20!\).

We start by noting that \(20!\) is a very large number, specifically:
\[20! = 2432902008176640000.\]

Since \(p\) and \(q\) are coprime, they must be factors of \(20!\). To find how many such pairs \((p, q)\) exist, we need to consider the prime factorization of \(20!\):
\[20! = 2^{18} \cdot 3^8 \cdot 5^4 \cdot 7^2 \cdot 11 \cdot 13 \cdot 17 \cdot 19.\]

The number of divisors of \(20!\) can be found using its prime factorization. If \(20! = p_1^{e_1} p_2^{e_2} \cdots p_k^{e_k}\), then the number of divisors is \((e_1 + 1)(e_2 + 1) \cdots (e_k + 1)\). Applying this to our prime factorization:
\[
(18+1)(8+1)(4+1)(2+1)(1+1)(1+1)(1+1)(1+1) = 19 \cdot 9 \cdot 5 \cdot 3 \cdot 2 \cdot 2 \cdot 2 \cdot 2 = 27216.
\]

Each divisor pair \((p, q)\) corresponds to a unique rational number \(\frac{p}{q}\) in its lowest terms. Therefore, there are exactly 27216 rational numbers between 0 and 1 whose product of numerator and denominator is \(20!\).

Thus, the number of rational numbers between 0 and 1 for which the product of the numerator and the denominator is \(20!\) is:
\[
\boxed{27216}.
\]
[INFO] 10-01 20:39:08 single_model_only.py:291] ===== 当前问题的性能报告 =====
[INFO] 10-01 20:39:08 single_model_only.py:292] # 性能统计报告

## 总执行时间
48.00 秒

## 首个令牌响应时间 (TTFT)

- 平均首个令牌响应时间: 1.062 秒
- 最短响应时间: 1.062 秒
- 最长响应时间: 1.062 秒
- 响应次数: 1

## 去除ttft的总执行时间
46.937 秒

## 理论性能

- 延迟 (TTFT): 0.690 秒
- 生成时间: 7.376 秒
- 总理论时间: 8.066 秒
- 实际/理论时间比率: 5.95x

## Token 使用情况

- 输入 Tokens: 47
- 输出 Tokens: 476
- 总 Tokens: 523

## 生成速度

- 每秒生成token数: 9.92 tokens/s

## 成本估算

- 总成本: $0.0000

[INFO] 10-01 20:39:08 single_model_only.py:246] ===== 开始处理数据集问题: Let  $ \mathcal{H}$  be an infinite-dimensional Hilbert space, let  $ d>0$ , and suppose that  $ S$  is a set of points (not necessarily countable) in... =====
[INFO] 10-01 20:39:09 single_model_only.py:690] ===== Prompt 给模型 =====
[INFO] 10-01 20:39:09 single_model_only.py:691] [
  {
    "role": "system",
    "content": "You are a mathematical problem-solving assistant. I will provide you with a math problem. Your task is to solve it step by step.\n"
  },
  {
    "role": "user",
    "content": "Let  $ \\mathcal{H}$  be an infinite-dimensional Hilbert space, let  $ d>0$ , and suppose that  $ S$  is a set of points (not necessarily countable) in  $ \\mathcal{H}$  such that the distance between any two distinct points in  $ S$  is equal to  $ d$ . Show that there is a point  $ y\\in\\mathcal{H}$  such that \r\n\\[ \\left\\{\\frac{\\sqrt{2}}{d}(x\\minus{}y): \\ x\\in S\\right\\}\\]\r\nis an orthonormal system of vectors in  $ \\mathcal{H}$ ."
  }
]
[INFO] 10-01 20:44:11 single_model_only.py:291] ===== 当前问题的性能报告 =====
[INFO] 10-01 20:44:11 single_model_only.py:292] # 性能统计报告

## 总执行时间
302.31 秒

## 首个令牌响应时间 (TTFT)

- 无数据

## 理论性能

- 延迟 (TTFT): 0.690 秒
- 生成时间: 0.000 秒
- 总理论时间: 0.690 秒
- 实际/理论时间比率: 438.13x

## Token 使用情况

- 输入 Tokens: 0
- 输出 Tokens: 0
- 总 Tokens: 0

## 生成速度

- 每秒生成token数: 0.00 tokens/s

## 成本估算

- 总成本: $0.0000

[INFO] 10-01 20:44:11 single_model_only.py:246] ===== 开始处理数据集问题: Find the remainder when $9 \times 99 \times 999 \times \cdots \times \underbrace{99\cdots9}_{\text{999 9's}}$ is divided by $1000$ .... =====
[INFO] 10-01 20:44:11 single_model_only.py:690] ===== Prompt 给模型 =====
[INFO] 10-01 20:44:11 single_model_only.py:691] [
  {
    "role": "system",
    "content": "You are a mathematical problem-solving assistant. I will provide you with a math problem. Your task is to solve it step by step.\n"
  },
  {
    "role": "user",
    "content": "Find the remainder when $9 \\times 99 \\times 999 \\times \\cdots \\times \\underbrace{99\\cdots9}_{\\text{999 9's}}$ is divided by $1000$ ."
  }
]
[INFO] 10-01 20:44:52 single_model_only.py:730] ===== 来自模型的完整输出 =====
[INFO] 10-01 20:44:52 single_model_only.py:731] To find the remainder when \(9 \times 99 \times 999 \times \cdots \times \underbrace{99\cdots9}_{\text{999 9's}}\) is divided by 1000, we need to consider the last three digits of each term in the product. The terms are of the form \(10^k - 1\) for \(k = 1, 2, \ldots, 999\).

First, let's look at the last three digits of each term:
- For \(9 = 10^1 - 1\), the last three digits are 009.
- For \(99 = 10^2 - 1\), the last three digits are 999.
- For \(999 = 10^3 - 1\), the last three digits are 999.
- And so on, until \(10^{999} - 1\), which has the last three digits as 999.

So, the product modulo 1000 can be simplified to finding the last three digits of \(009 \times 999 \times 999 \times \cdots \times 999\) (with 998 factors of 999). We need to compute this product modulo 1000.

Notice that \(999 \equiv -1 \pmod{1000}\), so the product becomes:
\[009 \times (-1)^{998} \times (-1)^{998} \times \cdots \times (-1)^{998} \pmod{1000},\]
where there are 998 factors of \((-1)^{998}\) (which is 1) and one factor of 009. Therefore, the product simplifies to:
\[009 \times 1 \times 1 \times \cdots \times 1 \equiv 009 \pmod{1000}.\]

Thus, the remainder when \(9 \times 99 \times 999 \times \cdots \times \underbrace{99\cdots9}_{\text{999 9's}}\) is divided by 1000 is \(\boxed{009}\).
[INFO] 10-01 20:44:54 single_model_only.py:291] ===== 当前问题的性能报告 =====
[INFO] 10-01 20:44:54 single_model_only.py:292] # 性能统计报告

## 总执行时间
43.72 秒

## 首个令牌响应时间 (TTFT)

- 平均首个令牌响应时间: 0.367 秒
- 最短响应时间: 0.367 秒
- 最长响应时间: 0.367 秒
- 响应次数: 1

## 去除ttft的总执行时间
43.353 秒

## 理论性能

- 延迟 (TTFT): 0.690 秒
- 生成时间: 6.416 秒
- 总理论时间: 7.106 秒
- 实际/理论时间比率: 6.15x

## Token 使用情况

- 输入 Tokens: 44
- 输出 Tokens: 414
- 总 Tokens: 458

## 生成速度

- 每秒生成token数: 9.47 tokens/s

## 成本估算

- 总成本: $0.0000

[INFO] 10-01 20:44:54 single_model_only.py:246] ===== 开始处理数据集问题: Compute the mean molecular speed v in the heavy gas radon (Rn) in m/s... =====
[INFO] 10-01 20:44:55 single_model_only.py:690] ===== Prompt 给模型 =====
[INFO] 10-01 20:44:55 single_model_only.py:691] [
  {
    "role": "system",
    "content": "You are a mathematical problem-solving assistant. I will provide you with a math problem. Your task is to solve it step by step.\n"
  },
  {
    "role": "user",
    "content": "Compute the mean molecular speed v in the heavy gas radon (Rn) in m/s"
  }
]
[INFO] 10-01 20:45:19 single_model_only.py:730] ===== 来自模型的完整输出 =====
[INFO] 10-01 20:45:19 single_model_only.py:731] To find the mean molecular speed \(v\) of radon (Rn), we need to use the Maxwell-Boltzmann distribution for gases, which gives us an expression for the average speed of molecules:

\[ \langle v \rangle = \sqrt{\frac{8kT}{\pi m}} \]

Where:
- \(k\) is the Boltzmann constant (\(1.38 \times 10^{-23} \text{ J/K}\)),
- \(T\) is the temperature in Kelvin,
- \(m\) is the mass of one molecule of radon.

First, we need to find the mass of one radon atom. Radon has an atomic number of 86 and an atomic mass of approximately 222 u (atomic mass units). The mass of one radon atom in kilograms can be calculated as:

\[ m = 222 \times 1.66054 \times 10^{-27} \text{ kg} \approx 3.68 \times 10^{-25} \text{ kg} \]

Now that we have the mass, let's assume a typical room temperature \(T = 300 \text{ K}\) (which is a reasonable assumption for most problems involving gases at room conditions).

Substituting these values into the formula for the mean molecular speed:

\[ \langle v \rangle = \sqrt{\frac{8 \times 1.38 \times 10^{-23} \text{ J/K} \times 300 \text{ K}}{\pi \times 3.68 \times 10^{-25} \text{ kg}}} \]

Let's simplify the expression inside the square root:

\[ \langle v \rangle = \sqrt{\frac{8 \times 1.38 \times 300 \times 10^{-23}}{\pi \times 3.68 \times 10^{-25}}} \]
\[ \langle v \rangle = \sqrt{\frac{3312 \times 10^{-23}}{\pi \times 3.68 \times 10^{-25}}} \]
\[ \langle v \rangle = \sqrt{\frac{3312}{3.68 \pi} \times 10^2} \]
\[ \langle v \rangle = \sqrt{\frac{3312}{11.69}} \times 10 \]
\[ \langle v \rangle = \sqrt{284.2} \times 10 \]
\[ \langle v \rangle \approx 16.86 \times 10 \]
\[ \langle v \rangle \approx 168.6 \text{ m/s} \]

So, the mean molecular speed \(v\) of radon (Rn) at room temperature is approximately **168.6 m/s**.
[INFO] 10-01 20:45:20 single_model_only.py:291] ===== 当前问题的性能报告 =====
[INFO] 10-01 20:45:20 single_model_only.py:292] # 性能统计报告

## 总执行时间
25.92 秒

## 首个令牌响应时间 (TTFT)

- 平均首个令牌响应时间: 2.341 秒
- 最短响应时间: 2.341 秒
- 最长响应时间: 2.341 秒
- 响应次数: 1

## 去除ttft的总执行时间
23.582 秒

## 理论性能

- 延迟 (TTFT): 0.690 秒
- 生成时间: 8.585 秒
- 总理论时间: 9.275 秒
- 实际/理论时间比率: 2.79x

## Token 使用情况

- 输入 Tokens: 18
- 输出 Tokens: 554
- 总 Tokens: 572

## 生成速度

- 每秒生成token数: 21.37 tokens/s

## 成本估算

- 总成本: $0.0000

[INFO] 10-01 20:45:20 single_model_only.py:246] ===== 开始处理数据集问题: Two capacitors with capacitance values $C_{1}=2000 \pm 10 \mathrm{pF}$ and $C_{2}=3000 \pm 15 \mathrm{pF}$ are connected in series. The voltage applie... =====
[INFO] 10-01 20:45:21 single_model_only.py:690] ===== Prompt 给模型 =====
[INFO] 10-01 20:45:21 single_model_only.py:691] [
  {
    "role": "system",
    "content": "You are a mathematical problem-solving assistant. I will provide you with a math problem. Your task is to solve it step by step.\n"
  },
  {
    "role": "user",
    "content": "Two capacitors with capacitance values $C_{1}=2000 \\pm 10 \\mathrm{pF}$ and $C_{2}=3000 \\pm 15 \\mathrm{pF}$ are connected in series. The voltage applied across this combination is $V=5.00 \\pm 0.02 \\mathrm{~V}$. What is the percentage error in the calculation of the energy stored in this combination of capacitors?"
  }
]
[INFO] 10-01 20:46:54 single_model_only.py:730] ===== 来自模型的完整输出 =====
[INFO] 10-01 20:46:54 single_model_only.py:731] To find the percentage error in the energy stored in the capacitor combination, we first need to determine the equivalent capacitance of the two capacitors connected in series, and then use that to calculate the energy stored.

### Step 1: Calculate the Equivalent Capacitance
For capacitors \( C_1 \) and \( C_2 \) connected in series, the equivalent capacitance \( C_{\text{eq}} \) is given by:
\[
\frac{1}{C_{\text{eq}}} = \frac{1}{C_1} + \frac{1}{C_2}
\]
Given \( C_1 = 2000 \pm 10 \text{ pF} \) and \( C_2 = 3000 \pm 15 \text{ pF} \):
\[
\frac{1}{C_{\text{eq}}} = \frac{1}{2000 \text{ pF}} + \frac{1}{3000 \text{ pF}}
\]

First, find the common denominator:
\[
\frac{1}{C_{\text{eq}}} = \frac{3}{6000 \text{ pF}} + \frac{2}{6000 \text{ pF}} = \frac{5}{6000 \text{ pF}} = \frac{1}{1200 \text{ pF}}
\]

Thus,
\[
C_{\text{eq}} = 1200 \text{ pF}
\]

### Step 2: Calculate the Energy Stored
The energy \( U \) stored in a capacitor is given by:
\[
U = \frac{1}{2} C V^2
\]
where \( C \) is the capacitance and \( V \) is the voltage.

Substituting the values:
\[
U = \frac{1}{2} \times 1200 \text{ pF} \times (5.00 \text{ V})^2
\]

Calculate the voltage squared:
\[
(5.00 \text{ V})^2 = 25.00 \text{ V}^2
\]

Now calculate the energy:
\[
U = \frac{1}{2} \times 1200 \text{ pF} \times 25.00 \text{ V}^2 = 600 \text{ pF} \times 25.00 \text{ V}^2 = 15000 \text{ pF} \cdot \text{V}^2
\]

Convert pF·V² to Joules:
\[
1 \text{ pF} \cdot \text{V}^2 = 1 \times 10^{-12} \text{ J}
\]
\[
U = 15000 \times 10^{-12} \text{ J} = 1.50 \times 10^{-8} \text{ J}
\]

### Step 3: Calculate the Percentage Error in the Energy
To find the percentage error in \( U \), we need the relative errors in \( C \) and \( V \).

The relative error in \( C \) (\( \Delta C / C \)) is:
\[
\left( \frac{10 \text{ pF}}{2000 \text{ pF}} \right) = 0.005
\]

The relative error in \( V \) (\( \Delta V / V \)) is:
\[
\left( \frac{0.02 \text{ V}}{5.00 \text{ V}} \right) = 0.004
\]

The relative error in \( U \) is given by the square root of the sum of the squares of the relative errors:
\[
\sqrt{(0.005)^2 + (0.004)^2} = \sqrt{0.000025 + 0.000016} = \sqrt{0.000041} \approx 0.0064
\]

So, the absolute error in \( U \) is:
\[
\Delta U = U \times 0.0064 = 1.50 \times 10^{-8} \text{ J} \times 0.0064 = 9.6 \times 10^{-11} \text{ J}
\]

Finally, the percentage error in \( U \) is:
\[
\frac{\Delta U}{U} \times 100 = \frac{9.6 \times 10^{-11} \text{ J}}{1.50 \times 10^{-8} \text{ J}} \times 100 \approx 0.64\%
\]

Thus, the percentage error in the calculation of the energy stored in the combination of capacitors is:
\[
\boxed{0.64\%}
\]
[INFO] 10-01 20:46:55 single_model_only.py:291] ===== 当前问题的性能报告 =====
[INFO] 10-01 20:46:55 single_model_only.py:292] # 性能统计报告

## 总执行时间
95.09 秒

## 首个令牌响应时间 (TTFT)

- 平均首个令牌响应时间: 0.370 秒
- 最短响应时间: 0.370 秒
- 最长响应时间: 0.370 秒
- 响应次数: 1

## 去除ttft的总执行时间
94.721 秒

## 理论性能

- 延迟 (TTFT): 0.690 秒
- 生成时间: 14.846 秒
- 总理论时间: 15.536 秒
- 实际/理论时间比率: 6.12x

## Token 使用情况

- 输入 Tokens: 85
- 输出 Tokens: 958
- 总 Tokens: 1043

## 生成速度

- 每秒生成token数: 10.07 tokens/s

## 成本估算

- 总成本: $0.0000

[INFO] 10-01 20:46:55 single_model_only.py:246] ===== 开始处理数据集问题: One base of a trapezoid is $100$ units longer than the other base. The segment that joins the midpoints of the legs divides the trapezoid into two reg... =====
[INFO] 10-01 20:46:56 single_model_only.py:690] ===== Prompt 给模型 =====
[INFO] 10-01 20:46:56 single_model_only.py:691] [
  {
    "role": "system",
    "content": "You are a mathematical problem-solving assistant. I will provide you with a math problem. Your task is to solve it step by step.\n"
  },
  {
    "role": "user",
    "content": "One base of a trapezoid is $100$ units longer than the other base. The segment that joins the midpoints of the legs divides the trapezoid into two regions whose areas are in the ratio $2: 3$ . Let $x$ be the length of the segment joining the legs of the trapezoid that is parallel to the bases and that divides the trapezoid into two regions of equal area. Find the greatest integer that does not exceed $x^2/100$ ."
  }
]
[INFO] 10-01 20:47:57 single_model_only.py:730] ===== 来自模型的完整输出 =====
[INFO] 10-01 20:47:57 single_model_only.py:731] To solve this problem, let's denote the lengths of the bases of the trapezoid as \(a\) and \(a+100\). Let the height of the trapezoid be \(h\).

First, we need to find the segment that joins the midpoints of the legs of the trapezoid. This segment is parallel to the bases and its length is given by the average of the lengths of the bases:
\[ x_m = \frac{a + (a + 100)}{2} = a + 50. \]

Next, we are told that this segment divides the trapezoid into two regions whose areas are in the ratio \(2:3\). To find the height of these smaller trapezoids, we can use similar triangles. The segment \(x_m\) divides the original trapezoid into two smaller trapezoids with heights \(h_1\) and \(h_2\) such that \(h_1 + h_2 = h\).

The area of the entire trapezoid is:
\[ A = \frac{1}{2} (a + (a + 100)) h = \frac{1}{2} (2a + 100) h = (a + 50) h. \]

Let the areas of the two smaller trapezoids be \(A_1\) and \(A_2\) with \(A_1 : A_2 = 2 : 3\). Then:
\[ A_1 + A_2 = (a + 50) h. \]
\[ A_1 = \frac{2}{5} (a + 50) h, \]
\[ A_2 = \frac{3}{5} (a + 50) h. \]

The height \(h_1\) of the smaller trapezoid on top is proportional to the height \(h\):
\[ h_1 = \frac{2}{5} h, \]
\[ h_2 = \frac{3}{5} h. \]

The length of the segment parallel to the bases in the smaller trapezoid with height \(h_1\) is:
\[ x_1 = \frac{a + (a + 100 - 2h_1)}{2} = \frac{a + (a + 100 - 2 \cdot \frac{2}{5} h)}{2} = \frac{a + a + 100 - \frac{4}{5} h}{2} = \frac{2a + 100 - \frac{4}{5} h}{2}. \]

Since the areas of the smaller trapezoids are in the ratio \(2:3\), the segment \(x_1\) must also divide the smaller trapezoid into two regions of equal area. Thus, the length of the segment parallel to the bases that divides the trapezoid into two regions of equal area \(x\) is:
\[ x = \sqrt{\frac{2(a + 50)h}{3}}. \]

We need to find the value of \(x^2 / 100\):
\[ x^2 = \left( \sqrt{\frac{2(a + 50)h}{3}} \right)^2 = \frac{2(a + 50)h}{3}, \]
\[ \frac{x^2}{100} = \frac{2(a + 50)h}{300} = \frac{(a + 50)h}{150}. \]

Given that the area of the trapezoid is \((a + 50)h\), we have:
\[ \frac{x^2}{100} = \frac{2}{3}. \]

Thus, the greatest integer that does not exceed \(\frac{2}{3}\) is:
\[ \boxed{0}. \]
[INFO] 10-01 20:48:01 single_model_only.py:291] ===== 当前问题的性能报告 =====
[INFO] 10-01 20:48:01 single_model_only.py:292] # 性能统计报告

## 总执行时间
65.43 秒

## 首个令牌响应时间 (TTFT)

- 平均首个令牌响应时间: 2.137 秒
- 最短响应时间: 2.137 秒
- 最长响应时间: 2.137 秒
- 响应次数: 1

## 去除ttft的总执行时间
63.295 秒

## 理论性能

- 延迟 (TTFT): 0.690 秒
- 生成时间: 11.870 秒
- 总理论时间: 12.560 秒
- 实际/理论时间比率: 5.21x

## Token 使用情况

- 输入 Tokens: 99
- 输出 Tokens: 766
- 总 Tokens: 865

## 生成速度

- 每秒生成token数: 11.71 tokens/s

## 成本估算

- 总成本: $0.0000

[INFO] 10-01 20:48:01 single_model_only.py:246] ===== 开始处理数据集问题: Let's say a language  $L \subseteq \{0,1\}^*$  is in  $\textbf{P}_{angel}$  if there exists a polynomial  $p : \mathbb{N} \mapsto \mathbb{N}$ , a sequ... =====
[INFO] 10-01 20:48:01 single_model_only.py:690] ===== Prompt 给模型 =====
[INFO] 10-01 20:48:01 single_model_only.py:691] [
  {
    "role": "system",
    "content": "You are a mathematical problem-solving assistant. I will provide you with a math problem. Your task is to solve it step by step.\n"
  },
  {
    "role": "user",
    "content": "Let's say a language  $L \\subseteq \\{0,1\\}^*$  is in  $\\textbf{P}_{angel}$  if there exists a polynomial  $p : \\mathbb{N} \\mapsto \\mathbb{N}$ , a sequence of strings  $\\{\\alpha_n\\}_{n \\in \\mathbb{N}}$  with  $\\alpha_n \\in \\{0,1\\}^{p(n)}$ , and a deterministic polynomial time Turing Machine  $M$  such that for every  $x \\in \\{0,1\\}^n$   $$ x \\in L \\Leftrightarrow M(x, \\alpha_n) = 1 $$  Let us call  $\\alpha_n$  to be the *angel string*for all  $x$  of the length  $n$ . Note that the *angel string* is  $\\textbf{not}$  similar to a *witness* or *certificate*as used in the definition of  $\\textbf{NP}$  For example, all unary languages, even  $UHALT$  which is undecidable, are in  $\\textbf{P}_{angel}$  because the \\textit{angel string} can simply be a single bit that tells us if the given unary string is in  $UHALT$  or not.\n\n\nA set  $S \\subseteq \\Sigma^*$  is said to be **sparse** if there exists a polynomial   $p : \\mathbb{N} \\mapsto \\mathbb{N}$  such that for each  $n \\in \\mathbb{N}$ , the number of strings of length  $n$  in  $S$  is bounded by  $p(n)$ . In other words,  $|S^{=n}| \\leq p(n)$ , where  $S^{=n} \\subseteq S$  contains all the strings in  $S$  that are of length  $n$ . \n\n[list=1]\n    [*] Given  $k \\in \\mathbb{N}$  sparse sets  $S_1, S_2 \\ldots S_k$ , show that there exists a sparse set  $S$  and a deterministic polynomial time TM  $M$  with oracle access to  $S$  such that given an input  $\\langle x,i \\rangle$  the TM  $M$  will accept it if and only if  $x \\in S_i$ .\n    Define the set  $S$  (note that it need not be computable), and give the description of  $M$  with oracle  $S$ .\n    Note that a TM  $M$  with oracle access to  $S$  can query whether  $s \\in S$  and get the correct answer in return in constant time. [/*]\n    \n    [*] Let us define a variant of  $\\textbf{P}_{angel}$  called  $\\textbf{P}_{bad-angel}$  with a constraint that there should exists a polynomial time algorithm that can **compute** the angel string for any length  $n \\in \\mathbb{N}$ . In other words, there is a poly-time algorithm  $A$  such that  $\\alpha_n = A(n)$ . \n    Is  $\\textbf{P} =\\textbf{P}_{bad-angel}$ ? Is  $\\textbf{NP}=\\textbf{P}_{bad-angel}$ ? Justify.\n    [/*]\n    \n    [*] Let the language  $L \\in$   $\\textbf{P}_{angel}$ . Show that there exists a sparse set  $S_L$  and a deterministic polynomial time TM  $M$  with oracle access to  $S_L$  that can decide the language  $L$ .  [/*]"
  }
]
